Component: ARM Compiler 5.06 update 6 (build 750) Tool: armlink [4d35ed]

==============================================================================

Section Cross References

    startup_stm32f10x_hd.o(RESET) refers to startup_stm32f10x_hd.o(STACK) for __initial_sp
    startup_stm32f10x_hd.o(RESET) refers to startup_stm32f10x_hd.o(.text) for Reset_Handler
    startup_stm32f10x_hd.o(RESET) refers to stm32f10x_it.o(i.NMI_Handler) for NMI_Handler
    startup_stm32f10x_hd.o(RESET) refers to stm32f10x_it.o(i.HardFault_Handler) for HardFault_Handler
    startup_stm32f10x_hd.o(RESET) refers to stm32f10x_it.o(i.MemManage_Handler) for MemManage_Handler
    startup_stm32f10x_hd.o(RESET) refers to stm32f10x_it.o(i.BusFault_Handler) for BusFault_Handler
    startup_stm32f10x_hd.o(RESET) refers to stm32f10x_it.o(i.UsageFault_Handler) for UsageFault_Handler
    startup_stm32f10x_hd.o(RESET) refers to stm32f10x_it.o(i.SVC_Handler) for SVC_Handler
    startup_stm32f10x_hd.o(RESET) refers to stm32f10x_it.o(i.DebugMon_Handler) for DebugMon_Handler
    startup_stm32f10x_hd.o(RESET) refers to stm32f10x_it.o(i.PendSV_Handler) for PendSV_Handler
    startup_stm32f10x_hd.o(RESET) refers to stm32f10x_it.o(i.SysTick_Handler) for SysTick_Handler
    startup_stm32f10x_hd.o(RESET) refers to bsp_wwdg.o(i.WWDG_IRQHandler) for WWDG_IRQHandler
    startup_stm32f10x_hd.o(RESET) refers to bsp_rtc.o(i.RTC_IRQHandler) for RTC_IRQHandler
    startup_stm32f10x_hd.o(RESET) refers to bsp_exti.o(i.EXTI0_IRQHandler) for EXTI0_IRQHandler
    startup_stm32f10x_hd.o(RESET) refers to bsp_exti.o(i.EXTI2_IRQHandler) for EXTI2_IRQHandler
    startup_stm32f10x_hd.o(RESET) refers to bsp_exti.o(i.EXTI3_IRQHandler) for EXTI3_IRQHandler
    startup_stm32f10x_hd.o(RESET) refers to bsp_exti.o(i.EXTI4_IRQHandler) for EXTI4_IRQHandler
    startup_stm32f10x_hd.o(RESET) refers to bsp_usart.o(i.USART1_IRQHandler) for USART1_IRQHandler
    startup_stm32f10x_hd.o(RESET) refers to bsp_time.o(i.TIM5_IRQHandler) for TIM5_IRQHandler
    startup_stm32f10x_hd.o(RESET) refers to bsp_time.o(i.TIM6_IRQHandler) for TIM6_IRQHandler
    startup_stm32f10x_hd.o(RESET) refers to bsp_time.o(i.TIM7_IRQHandler) for TIM7_IRQHandler
    startup_stm32f10x_hd.o(.text) refers to system_stm32f10x.o(i.SystemInit) for SystemInit
    startup_stm32f10x_hd.o(.text) refers to entry.o(.ARM.Collect$$$$00000000) for __main
    system_stm32f10x.o(i.SetSysClock) refers to system_stm32f10x.o(i.SetSysClockTo72) for SetSysClockTo72
    system_stm32f10x.o(i.SystemCoreClockUpdate) refers to system_stm32f10x.o(.data) for SystemCoreClock
    system_stm32f10x.o(i.SystemInit) refers to system_stm32f10x.o(i.SetSysClock) for SetSysClock
    stm32f10x_adc.o(i.ADC_DeInit) refers to stm32f10x_rcc.o(i.RCC_APB2PeriphResetCmd) for RCC_APB2PeriphResetCmd
    stm32f10x_bkp.o(i.BKP_DeInit) refers to stm32f10x_rcc.o(i.RCC_BackupResetCmd) for RCC_BackupResetCmd
    stm32f10x_can.o(i.CAN_DeInit) refers to stm32f10x_rcc.o(i.RCC_APB1PeriphResetCmd) for RCC_APB1PeriphResetCmd
    stm32f10x_can.o(i.CAN_GetITStatus) refers to stm32f10x_can.o(i.CheckITStatus) for CheckITStatus
    stm32f10x_cec.o(i.CEC_DeInit) refers to stm32f10x_rcc.o(i.RCC_APB1PeriphResetCmd) for RCC_APB1PeriphResetCmd
    stm32f10x_dac.o(i.DAC_DeInit) refers to stm32f10x_rcc.o(i.RCC_APB1PeriphResetCmd) for RCC_APB1PeriphResetCmd
    stm32f10x_flash.o(i.FLASH_EnableWriteProtection) refers to stm32f10x_flash.o(i.FLASH_WaitForLastOperation) for FLASH_WaitForLastOperation
    stm32f10x_flash.o(i.FLASH_EraseAllBank1Pages) refers to stm32f10x_flash.o(i.FLASH_WaitForLastBank1Operation) for FLASH_WaitForLastBank1Operation
    stm32f10x_flash.o(i.FLASH_EraseAllPages) refers to stm32f10x_flash.o(i.FLASH_WaitForLastOperation) for FLASH_WaitForLastOperation
    stm32f10x_flash.o(i.FLASH_EraseOptionBytes) refers to stm32f10x_flash.o(i.FLASH_GetReadOutProtectionStatus) for FLASH_GetReadOutProtectionStatus
    stm32f10x_flash.o(i.FLASH_EraseOptionBytes) refers to stm32f10x_flash.o(i.FLASH_WaitForLastOperation) for FLASH_WaitForLastOperation
    stm32f10x_flash.o(i.FLASH_ErasePage) refers to stm32f10x_flash.o(i.FLASH_WaitForLastOperation) for FLASH_WaitForLastOperation
    stm32f10x_flash.o(i.FLASH_ProgramHalfWord) refers to stm32f10x_flash.o(i.FLASH_WaitForLastOperation) for FLASH_WaitForLastOperation
    stm32f10x_flash.o(i.FLASH_ProgramOptionByteData) refers to stm32f10x_flash.o(i.FLASH_WaitForLastOperation) for FLASH_WaitForLastOperation
    stm32f10x_flash.o(i.FLASH_ProgramWord) refers to stm32f10x_flash.o(i.FLASH_WaitForLastOperation) for FLASH_WaitForLastOperation
    stm32f10x_flash.o(i.FLASH_ReadOutProtection) refers to stm32f10x_flash.o(i.FLASH_WaitForLastOperation) for FLASH_WaitForLastOperation
    stm32f10x_flash.o(i.FLASH_UserOptionByteConfig) refers to stm32f10x_flash.o(i.FLASH_WaitForLastOperation) for FLASH_WaitForLastOperation
[...]
    Removing stm32f10x_usart.o(i.USART_DMACmd), (18 bytes).
    Removing stm32f10x_usart.o(i.USART_DeInit), (156 bytes).
    Removing stm32f10x_usart.o(i.USART_HalfDuplexCmd), (24 bytes).
    Removing stm32f10x_usart.o(i.USART_IrDACmd), (24 bytes).
    Removing stm32f10x_usart.o(i.USART_IrDAConfig), (18 bytes).
    Removing stm32f10x_usart.o(i.USART_LINBreakDetectLengthConfig), (18 bytes).
    Removing stm32f10x_usart.o(i.USART_LINCmd), (24 bytes).
    Removing stm32f10x_usart.o(i.USART_OneBitMethodCmd), (24 bytes).
    Removing stm32f10x_usart.o(i.USART_OverSampling8Cmd), (22 bytes).
    Removing stm32f10x_usart.o(i.USART_ReceiverWakeUpCmd), (24 bytes).
    Removing stm32f10x_usart.o(i.USART_SendBreak), (10 bytes).
    Removing stm32f10x_usart.o(i.USART_SetAddress), (18 bytes).
    Removing stm32f10x_usart.o(i.USART_SetGuardTime), (16 bytes).
    Removing stm32f10x_usart.o(i.USART_SetPrescaler), (16 bytes).
    Removing stm32f10x_usart.o(i.USART_SmartCardCmd), (24 bytes).
    Removing stm32f10x_usart.o(i.USART_SmartCardNACKCmd), (24 bytes).
    Removing stm32f10x_usart.o(i.USART_StructInit), (24 bytes).
    Removing stm32f10x_usart.o(i.USART_WakeUpConfig), (18 bytes).
    Removing stm32f10x_wwdg.o(i.WWDG_DeInit), (22 bytes).
    Removing stm32f10x_wwdg.o(i.WWDG_Enable), (16 bytes).
    Removing stm32f10x_wwdg.o(i.WWDG_EnableIT), (12 bytes).
    Removing stm32f10x_wwdg.o(i.WWDG_GetFlagStatus), (12 bytes).
    Removing stm32f10x_wwdg.o(i.WWDG_SetPrescaler), (24 bytes).
    Removing stm32f10x_wwdg.o(i.WWDG_SetWindowValue), (40 bytes).
    Removing main.o(.data), (4 bytes).
    Removing bsp_led.o(.constdata), (16 bytes).
    Removing bsp_beep.o(.constdata), (17 bytes).
    Removing bsp_systick.o(i.SysTick_Delay_Ms), (72 bytes).
    Removing bsp_systick.o(.constdata), (13 bytes).
    Removing bsp_exti.o(.constdata), (16 bytes).
    Removing bsp_usart.o(i.Usart_SendArray), (48 bytes).
    Removing bsp_usart.o(i.Usart_SendByte), (30 bytes).
    Removing bsp_usart.o(i.Usart_SendHalfWord), (60 bytes).
    Removing bsp_usart.o(i.Usart_SendString), (42 bytes).
    Removing bsp_usart.o(i.fgetc), (32 bytes).
    Removing bsp_wwdg.o(i.WWDG_Init), (70 bytes).
    Removing bsp_wwdg.o(.constdata), (10 bytes).
    Removing bsp_adc.o(i.Get_ADC3), (52 bytes).
    Removing bsp_adc.o(i.Get_ADC_Temp_Value), (80 bytes).
    Removing bsp_adc.o(i.Get_ADC_Value), (80 bytes).
    Removing bsp_adc.o(i.Get_ADC_Value_LVL), (18 bytes).
    Removing bsp_adc.o(i.Get_Temperture), (132 bytes).
    Removing bsp_adc.o(i.Lsens_Get_Val), (54 bytes).
    Removing bsp_adc.o(.data), (2 bytes).
    Removing bsp_sram.o(i.FSMC_SRAM_Init), (244 bytes).
    Removing bsp_sram.o(i.FSMC_SRAM_ReadBuffer), (22 bytes).
    Removing bsp_sram.o(i.FSMC_SRAM_WriteBuffer), (24 bytes).
    Removing log.o(.bss), (258 bytes).
    Removing malloc.o(i.my_mem_cpy), (26 bytes).
    Removing malloc.o(i.myrealloc), (68 bytes).
    Removing ffltui.o(.text), (10 bytes).
    Removing dfixi.o(.text), (62 bytes).

429 unused section(s) (total 17908 bytes) removed from the image.

==============================================================================

Image Symbol Table

    Local Symbols

    Symbol Name                              Value     Ov Type        Size  Object(Section)

    ../clib/../cmprslib/zerorunl2.c          0x00000000   Number         0  __dczerorl2.o ABSOLUTE
    ../clib/microlib/division.c              0x00000000   Number         0  uidiv.o ABSOLUTE
    ../clib/microlib/division.c              0x00000000   Number         0  uldiv.o ABSOLUTE
    ../clib/microlib/init/entry.s            0x00000000   Number         0  entry11a.o ABSOLUTE
    ../clib/microlib/init/entry.s            0x00000000   Number         0  entry8b.o ABSOLUTE
    ../clib/microlib/init/entry.s            0x00000000   Number         0  entry9a.o ABSOLUTE
    ../clib/microlib/init/entry.s            0x00000000   Number         0  entry8a.o ABSOLUTE
    ../clib/microlib/init/entry.s            0x00000000   Number         0  entry9b.o ABSOLUTE
    ../clib/microlib/init/entry.s            0x00000000   Number         0  entry.o ABSOLUTE
    ../clib/microlib/init/entry.s            0x00000000   Number         0  entry2.o ABSOLUTE
    ../clib/microlib/init/entry.s            0x00000000   Number         0  entry5.o ABSOLUTE
    ../clib/microlib/init/entry.s            0x00000000   Number         0  entry10a.o ABSOLUTE
    ../clib/microlib/init/entry.s            0x00000000   Number         0  entry7a.o ABSOLUTE
    ../clib/microlib/init/entry.s            0x00000000   Number         0  entry10b.o ABSOLUTE
    ../clib/microlib/init/entry.s            0x00000000   Number         0  entry7b.o ABSOLUTE
    ../clib/microlib/init/entry.s            0x00000000   Number         0  entry11b.o ABSOLUTE
    ../clib/microlib/longlong.c              0x00000000   Number         0  llsshr.o ABSOLUTE
    ../clib/microlib/longlong.c              0x00000000   Number         0  llshl.o ABSOLUTE
    ../clib/microlib/longlong.c              0x00000000   Number         0  llushr.o ABSOLUTE
    ../clib/microlib/printf/printf.c         0x00000000   Number         0  printf4.o ABSOLUTE
    ../clib/microlib/printf/printf.c         0x00000000   Number         0  printf2.o ABSOLUTE
    ../clib/microlib/printf/printf.c         0x00000000   Number         0  printfa.o ABSOLUTE
    ../clib/microlib/printf/printf.c         0x00000000   Number         0  printf5.o ABSOLUTE
    ../clib/microlib/printf/printf.c         0x00000000   Number         0  printfb.o ABSOLUTE
    ../clib/microlib/printf/printf.c         0x00000000   Number         0  printf0.o ABSOLUTE
    ../clib/microlib/printf/printf.c         0x00000000   Number         0  printf1.o ABSOLUTE
    ../clib/microlib/printf/printf.c         0x00000000   Number         0  printf3.o ABSOLUTE
    ../clib/microlib/printf/printf.c         0x00000000   Number         0  printf8.o ABSOLUTE
    ../clib/microlib/printf/printf.c         0x00000000   Number         0  printf7.o ABSOLUTE
    ../clib/microlib/printf/printf.c         0x00000000   Number         0  printf6.o ABSOLUTE
    ../clib/microlib/printf/stubs.s          0x00000000   Number         0  stubs.o ABSOLUTE
    ../clib/microlib/stdio/streams.c         0x00000000   Number         0  stdout.o ABSOLUTE
    ../clib/microlib/stubs.s                 0x00000000   Number         0  iusefp.o ABSOLUTE
    ../fplib/microlib/d2f.c                  0x00000000   Number         0  d2f.o ABSOLUTE
    ../fplib/microlib/f2d.c                  0x00000000   Number         0  f2d.o ABSOLUTE
    ../fplib/microlib/fpadd.c                0x00000000   Number         0  dadd.o ABSOLUTE
    ../fplib/microlib/fpdiv.c                0x00000000   Number         0  ddiv.o ABSOLUTE
    ../fplib/microlib/fpepilogue.c           0x00000000   Number         0  fepilogue.o ABSOLUTE
    ../fplib/microlib/fpepilogue.c           0x00000000   Number         0  depilogue.o ABSOLUTE
    ../fplib/microlib/fpfix.c                0x00000000   Number         0  dfixi.o ABSOLUTE
    ../fplib/microlib/fpfix.c                0x00000000   Number         0  dfixul.o ABSOLUTE
    ../fplib/microlib/fpflt.c                0x00000000   Number         0  ffltui.o ABSOLUTE
    ../fplib/microlib/fpflt.c                0x00000000   Number         0  dfltui.o ABSOLUTE
    ../fplib/microlib/fpmul.c                0x00000000   Number         0  dmul.o ABSOLUTE
    ..\Libraries\CMSIS\core_cm3.c            0x00000000   Number         0  core_cm3.o ABSOLUTE
    ..\Libraries\CMSIS\startup\startup_stm32f10x_hd.s 0x00000000   Number         0  startup_stm32f10x_hd.o ABSOLUTE
    ..\Libraries\CMSIS\system_stm32f10x.c    0x00000000   Number         0  system_stm32f10x.o ABSOLUTE
    ..\Libraries\FWlib\src\misc.c            0x00000000   Number         0  misc.o ABSOLUTE
    ..\Libraries\FWlib\src\stm32f10x_adc.c   0x00000000   Number         0  stm32f10x_adc.o ABSOLUTE
    ..\Libraries\FWlib\src\stm32f10x_bkp.c   0x00000000   Number         0  stm32f10x_bkp.o ABSOLUTE
    ..\Libraries\FWlib\src\stm32f10x_can.c   0x00000000   Number         0  stm32f10x_can.o ABSOLUTE
    ..\Libraries\FWlib\src\stm32f10x_cec.c   0x00000000   Number         0  stm32f10x_cec.o ABSOLUTE
    ..\Libraries\FWlib\src\stm32f10x_crc.c   0x00000000   Number         0  stm32f10x_crc.o ABSOLUTE
    ..\Libraries\FWlib\src\stm32f10x_dac.c   0x00000000   Number         0  stm32f10x_dac.o ABSOLUTE
    ..\Libraries\FWlib\src\stm32f10x_dbgmcu.c 0x00000000   Number         0  stm32f10x_dbgmcu.o ABSOLUTE
    ..\Libraries\FWlib\src\stm32f10x_dma.c   0x00000000   Number         0  stm32f10x_dma.o ABSOLUTE
    ..\Libraries\FWlib\src\stm32f10x_exti.c  0x00000000   Number         0  stm32f10x_exti.o ABSOLUTE
    ..\Libraries\FWlib\src\stm32f10x_flash.c 0x00000000   Number         0  stm32f10x_flash.o ABSOLUTE
    ..\Libraries\FWlib\src\stm32f10x_fsmc.c  0x00000000   Number         0  stm32f10x_fsmc.o ABSOLUTE
    ..\Libraries\FWlib\src\stm32f10x_gpio.c  0x00000000   Number         0  stm32f10x_gpio.o ABSOLUTE
    ..\Libraries\FWlib\src\stm32f10x_i2c.c   0x00000000   Number         0  stm32f10x_i2c.o ABSOLUTE
    ..\Libraries\FWlib\src\stm32f10x_iwdg.c  0x00000000   Number         0  stm32f10x_iwdg.o ABSOLUTE
    ..\Libraries\FWlib\src\stm32f10x_pwr.c   0x00000000   Number         0  stm32f10x_pwr.o ABSOLUTE
    ..\Libraries\FWlib\src\stm32f10x_rcc.c   0x00000000   Number         0  stm32f10x_rcc.o ABSOLUTE
    ..\Libraries\FWlib\src\stm32f10x_rtc.c   0x00000000   Number         0  stm32f10x_rtc.o ABSOLUTE
    ..\Libraries\FWlib\src\stm32f10x_sdio.c  0x00000000   Number         0  stm32f10x_sdio.o ABSOLUTE
    ..\Libraries\FWlib\src\stm32f10x_spi.c   0x00000000   Number         0  stm32f10x_spi.o ABSOLUTE
    ..\Libraries\FWlib\src\stm32f10x_tim.c   0x00000000   Number         0  stm32f10x_tim.o ABSOLUTE
    ..\Libraries\FWlib\src\stm32f10x_usart.c 0x00000000   Number         0  stm32f10x_usart.o ABSOLUTE
    ..\Libraries\FWlib\src\stm32f10x_wwdg.c  0x00000000   Number         0  stm32f10x_wwdg.o ABSOLUTE
    ..\User\bsp_drive\bsp_SysTick\bsp_SysTick.c 0x00000000   Number         0  bsp_systick.o ABSOLUTE
    ..\User\bsp_drive\bsp_adc\bsp_adc.c      0x00000000   Number         0  bsp_adc.o ABSOLUTE
    ..\User\bsp_drive\bsp_beep\bsp_beep.c    0x00000000   Number         0  bsp_beep.o ABSOLUTE
    ..\User\bsp_drive\bsp_ds18b20\bsp_ds18b20.c 0x00000000   Number         0  bsp_ds18b20.o ABSOLUTE
    ..\User\bsp_drive\bsp_exti\bsp_exti.c    0x00000000   Number         0  bsp_exti.o ABSOLUTE
    ..\User\bsp_drive\bsp_key\bsp_key.c      0x00000000   Number         0  bsp_key.o ABSOLUTE
    ..\User\bsp_drive\bsp_led\bsp_led.c      0x00000000   Number         0  bsp_led.o ABSOLUTE
    ..\User\bsp_drive\bsp_rtc\bsp_rtc.c      0x00000000   Number         0  bsp_rtc.o ABSOLUTE
    ..\User\bsp_drive\bsp_sram\bsp_sram.c    0x00000000   Number         0  bsp_sram.o ABSOLUTE
    ..\User\bsp_drive\bsp_time\bsp_time.c    0x00000000   Number         0  bsp_time.o ABSOLUTE
    ..\User\bsp_drive\bsp_usart\bsp_usart.c  0x00000000   Number         0  bsp_usart.o ABSOLUTE
    ..\User\bsp_drive\bsp_wwdg\bsp_wwdg.c    0x00000000   Number         0  bsp_wwdg.o ABSOLUTE
    ..\User\main.c                           0x00000000   Number         0  main.o ABSOLUTE
    ..\User\stm32f10x_it.c                   0x00000000   Number         0  stm32f10x_it.o ABSOLUTE
    ..\User\user\log\log.c                   0x00000000   Number         0  log.o ABSOLUTE
    ..\User\user\malloc\malloc.c             0x00000000   Number         0  malloc.o ABSOLUTE
    ..\\Libraries\\CMSIS\\core_cm3.c         0x00000000   Number         0  core_cm3.o ABSOLUTE
    cdrcmple.s                               0x00000000   Number         0  cdrcmple.o ABSOLUTE
    dc.s                                     0x00000000   Number         0  dc.o ABSOLUTE
    handlers.s                               0x00000000   Number         0  handlers.o ABSOLUTE
    init.s                                   0x00000000   Number         0  init.o ABSOLUTE
    RESET                                    0x08000000   Section      304  startup_stm32f10x_hd.o(RESET)
    .ARM.Collect$$$$00000000                 0x08000130   Section        0  entry.o(.ARM.Collect$$$$00000000)
    .ARM.Collect$$$$00000001                 0x08000130   Section        4  entry2.o(.ARM.Collect$$$$00000001)
    .ARM.Collect$$$$00000004                 0x08000134   Section        4  entry5.o(.ARM.Collect$$$$00000004)
    .ARM.Collect$$$$00000008                 0x08000138   Section        0  entry7b.o(.ARM.Collect$$$$00000008)
    .ARM.Collect$$$$0000000A                 0x08000138   Section        0  entry8b.o(.ARM.Collect$$$$0000000A)
    .ARM.Collect$$$$0000000B                 0x08000138   Section        8  entry9a.o(.ARM.Collect$$$$0000000B)
    .ARM.Collect$$$$0000000D                 0x08000140   Section        0  entry10a.o(.ARM.Collect$$$$0000000D)
    .ARM.Collect$$$$0000000F                 0x08000140   Section        0  entry11a.o(.ARM.Collect$$$$0000000F)
    .ARM.Collect$$$$00002712                 0x08000140   Section        4  entry2.o(.ARM.Collect$$$$00002712)
    __lit__00000000                          0x08000140   Data           4  entry2.o(.ARM.Collect$$$$00002712)
    .text                                    0x08000144   Section       36  startup_stm32f10x_hd.o(.text)
    .text                                    0x08000168   Section        0  dadd.o(.text)
    .text                                    0x080002b6   Section        0  dmul.o(.text)
    .text                                    0x0800039a   Section        0  ddiv.o(.text)
    .text                                    0x08000478   Section        0  dfltui.o(.text)
    .text                                    0x08000492   Section        0  f2d.o(.text)
    .text                                    0x080004b8   Section        0  d2f.o(.text)
    .text                                    0x080004f0   Section        0  uidiv.o(.text)
    .text                                    0x0800051c   Section        0  uldiv.o(.text)
    .text                                    0x0800057e   Section        0  llshl.o(.text)
    .text                                    0x0800059c   Section        0  llushr.o(.text)
    .text                                    0x080005bc   Section        0  llsshr.o(.text)
    .text                                    0x080005e0   Section        0  fepilogue.o(.text)
    .text                                    0x080005e0   Section        0  iusefp.o(.text)
    .text                                    0x0800064e   Section        0  depilogue.o(.text)
    .text                                    0x08000708   Section        0  dfixul.o(.text)
    .text                                    0x08000738   Section       48  cdrcmple.o(.text)
    .text                                    0x08000768   Section       36  init.o(.text)
    .text                                    0x0800078c   Section        0  __dczerorl2.o(.text)
    i.ADC2_Init                              0x080007e4   Section        0  bsp_adc.o(i.ADC2_Init)
    i.ADC_Cmd                                0x08000878   Section        0  stm32f10x_adc.o(i.ADC_Cmd)
    i.ADC_DeInit                             0x08000890   Section        0  stm32f10x_adc.o(i.ADC_DeInit)
    i.ADC_GetCalibrationStatus               0x080008ec   Section        0  stm32f10x_adc.o(i.ADC_GetCalibrationStatus)
    i.ADC_GetResetCalibrationStatus          0x08000900   Section        0  stm32f10x_adc.o(i.ADC_GetResetCalibrationStatus)
    i.ADC_Init                               0x08000914   Section        0  stm32f10x_adc.o(i.ADC_Init)
    i.ADC_ResetCalibration                   0x08000964   Section        0  stm32f10x_adc.o(i.ADC_ResetCalibration)
    i.ADC_SoftwareStartConvCmd               0x0800096e   Section        0  stm32f10x_adc.o(i.ADC_SoftwareStartConvCmd)
    i.ADC_StartCalibration                   0x08000984   Section        0  stm32f10x_adc.o(i.ADC_StartCalibration)
    i.ADC_TempSensorVrefintCmd               0x08000990   Section        0  stm32f10x_adc.o(i.ADC_TempSensorVrefintCmd)
    i.ADC_Temp_Init                          0x080009b4   Section        0  bsp_adc.o(i.ADC_Temp_Init)
    i.BASIC_TIM_Init                         0x08000a30   Section        0  bsp_time.o(i.BASIC_TIM_Init)
    i.BEEP_GPIO_Config                       0x08000a4c   Section        0  bsp_beep.o(i.BEEP_GPIO_Config)
    i.BKP_DeInit                             0x08000a84   Section        0  stm32f10x_bkp.o(i.BKP_DeInit)
    i.BKP_ReadBackupRegister                 0x08000a94   Section        0  stm32f10x_bkp.o(i.BKP_ReadBackupRegister)
    i.BKP_WriteBackupRegister                0x08000ab0   Section        0  stm32f10x_bkp.o(i.BKP_WriteBackupRegister)
    i.BusFault_Handler                       0x08000acc   Section        0  stm32f10x_it.o(i.BusFault_Handler)
    i.DS18B20_Check                          0x08000ad0   Section        0  bsp_ds18b20.o(i.DS18B20_Check)
    i.DS18B20_GetTemperture                  0x08000b2c   Section        0  bsp_ds18b20.o(i.DS18B20_GetTemperture)
    i.DS18B20_IO_IN                          0x08000bac   Section        0  bsp_ds18b20.o(i.DS18B20_IO_IN)
    i.DS18B20_IO_OUT                         0x08000bcc   Section        0  bsp_ds18b20.o(i.DS18B20_IO_OUT)
    i.DS18B20_Init                           0x08000bf0   Section        0  bsp_ds18b20.o(i.DS18B20_Init)
    i.DS18B20_Read_Bit                       0x08000c24   Section        0  bsp_ds18b20.o(i.DS18B20_Read_Bit)
    i.DS18B20_Read_Byte                      0x08000c70   Section        0  bsp_ds18b20.o(i.DS18B20_Read_Byte)
    i.DS18B20_Reset                          0x08000c94   Section        0  bsp_ds18b20.o(i.DS18B20_Reset)
    i.DS18B20_Start                          0x08000cc4   Section        0  bsp_ds18b20.o(i.DS18B20_Start)
    i.DS18B20_Write_Byte                     0x08000cdc   Section        0  bsp_ds18b20.o(i.DS18B20_Write_Byte)
    i.DebugMon_Handler                       0x08000d40   Section        0  stm32f10x_it.o(i.DebugMon_Handler)
    i.Delay_us                               0x08000d44   Section        0  bsp_systick.o(i.Delay_us)
    i.EXTI0_IRQHandler                       0x08000d6c   Section        0  bsp_exti.o(i.EXTI0_IRQHandler)
    i.EXTI2_IRQHandler                       0x08000d9c   Section        0  bsp_exti.o(i.EXTI2_IRQHandler)
    i.EXTI3_IRQHandler                       0x08000dc8   Section        0  bsp_exti.o(i.EXTI3_IRQHandler)
    i.EXTI4_IRQHandler                       0x08000df8   Section        0  bsp_exti.o(i.EXTI4_IRQHandler)
    i.EXTI_ClearITPendingBit                 0x08000e24   Section        0  stm32f10x_exti.o(i.EXTI_ClearITPendingBit)
    i.EXTI_GetITStatus                       0x08000e30   Section        0  stm32f10x_exti.o(i.EXTI_GetITStatus)
    i.EXTI_Init                              0x08000e58   Section        0  stm32f10x_exti.o(i.EXTI_Init)
    i.EXTI_Key_Config                        0x08000eec   Section        0  bsp_exti.o(i.EXTI_Key_Config)
    i.Enter_Standby_Mode                     0x08001004   Section        0  bsp_time.o(i.Enter_Standby_Mode)
    i.GPIO_EXTILineConfig                    0x08001020   Section        0  stm32f10x_gpio.o(i.GPIO_EXTILineConfig)
    i.GPIO_Init                              0x08001060   Section        0  stm32f10x_gpio.o(i.GPIO_Init)
    i.GPIO_ReadInputDataBit                  0x08001176   Section        0  stm32f10x_gpio.o(i.GPIO_ReadInputDataBit)
    i.GPIO_ResetBits                         0x08001188   Section        0  stm32f10x_gpio.o(i.GPIO_ResetBits)
    i.GPIO_SetBits                           0x0800118c   Section        0  stm32f10x_gpio.o(i.GPIO_SetBits)
    i.HardFault_Handler                      0x08001190   Section        0  stm32f10x_it.o(i.HardFault_Handler)
    i.Is_Leap_Year                           0x08001194   Section        0  bsp_rtc.o(i.Is_Leap_Year)
    i.LED_GPIO_Config                        0x080011d0   Section        0  bsp_led.o(i.LED_GPIO_Config)
    i.Lsens_Init                             0x0800121c   Section        0  bsp_adc.o(i.Lsens_Init)
    i.MemManage_Handler                      0x080012bc   Section        0  stm32f10x_it.o(i.MemManage_Handler)
    i.NMI_Handler                            0x080012c0   Section        0  stm32f10x_it.o(i.NMI_Handler)
    i.NVIC_Configuration                     0x080012c2   Section        0  bsp_usart.o(i.NVIC_Configuration)
    NVIC_Configuration                       0x080012c3   Thumb Code    38  bsp_usart.o(i.NVIC_Configuration)
    i.NVIC_Init                              0x080012e8   Section        0  misc.o(i.NVIC_Init)
    i.NVIC_PriorityGroupConfig               0x08001358   Section        0  misc.o(i.NVIC_PriorityGroupConfig)
    i.PWR_BackupAccessCmd                    0x0800136c   Section        0  stm32f10x_pwr.o(i.PWR_BackupAccessCmd)
    i.PWR_ClearFlag                          0x08001378   Section        0  stm32f10x_pwr.o(i.PWR_ClearFlag)
    i.PWR_EnterSTANDBYMode                   0x0800138c   Section        0  stm32f10x_pwr.o(i.PWR_EnterSTANDBYMode)
    i.PWR_WakeUpPinCmd                       0x080013c0   Section        0  stm32f10x_pwr.o(i.PWR_WakeUpPinCmd)
    i.PendSV_Handler                         0x080013cc   Section        0  stm32f10x_it.o(i.PendSV_Handler)
    i.RCC_ADCCLKConfig                       0x080013d0   Section        0  stm32f10x_rcc.o(i.RCC_ADCCLKConfig)
    i.RCC_APB1PeriphClockCmd                 0x080013e8   Section        0  stm32f10x_rcc.o(i.RCC_APB1PeriphClockCmd)
    i.RCC_APB2PeriphClockCmd                 0x08001408   Section        0  stm32f10x_rcc.o(i.RCC_APB2PeriphClockCmd)
    i.RCC_APB2PeriphResetCmd                 0x08001428   Section        0  stm32f10x_rcc.o(i.RCC_APB2PeriphResetCmd)
    i.RCC_BackupResetCmd                     0x08001448   Section        0  stm32f10x_rcc.o(i.RCC_BackupResetCmd)
    i.RCC_GetClocksFreq                      0x08001454   Section        0  stm32f10x_rcc.o(i.RCC_GetClocksFreq)
    i.RCC_GetFlagStatus                      0x08001528   Section        0  stm32f10x_rcc.o(i.RCC_GetFlagStatus)
    i.RCC_LSEConfig                          0x08001564   Section        0  stm32f10x_rcc.o(i.RCC_LSEConfig)
    i.RCC_RTCCLKCmd                          0x08001598   Section        0  stm32f10x_rcc.o(i.RCC_RTCCLKCmd)
    i.RCC_RTCCLKConfig                       0x080015a4   Section        0  stm32f10x_rcc.o(i.RCC_RTCCLKConfig)
    i.RTC_Alarm_Set                          0x080015b4   Section        0  bsp_rtc.o(i.RTC_Alarm_Set)
    i.RTC_ClearITPendingBit                  0x0800167c   Section        0  stm32f10x_rtc.o(i.RTC_ClearITPendingBit)
    i.RTC_EnterConfigMode                    0x0800168c   Section        0  stm32f10x_rtc.o(i.RTC_EnterConfigMode)
    i.RTC_ExitConfigMode                     0x080016a0   Section        0  stm32f10x_rtc.o(i.RTC_ExitConfigMode)
    i.RTC_Get                                0x080016b4   Section        0  bsp_rtc.o(i.RTC_Get)
    i.RTC_GetCounter                         0x080017b4   Section        0  stm32f10x_rtc.o(i.RTC_GetCounter)
    i.RTC_GetITStatus                        0x080017c8   Section        0  stm32f10x_rtc.o(i.RTC_GetITStatus)
    i.RTC_Get_Week                           0x080017ec   Section        0  bsp_rtc.o(i.RTC_Get_Week)
    i.RTC_IRQHandler                         0x08001864   Section        0  bsp_rtc.o(i.RTC_IRQHandler)
    i.RTC_ITConfig                           0x08001890   Section        0  stm32f10x_rtc.o(i.RTC_ITConfig)
    i.RTC_Init                               0x080018b0   Section        0  bsp_rtc.o(i.RTC_Init)
    i.RTC_NVIC_Config                        0x0800197a   Section        0  bsp_rtc.o(i.RTC_NVIC_Config)
    RTC_NVIC_Config                          0x0800197b   Thumb Code    32  bsp_rtc.o(i.RTC_NVIC_Config)
    i.RTC_Set                                0x0800199c   Section        0  bsp_rtc.o(i.RTC_Set)
    i.RTC_SetAlarm                           0x08001a64   Section        0  stm32f10x_rtc.o(i.RTC_SetAlarm)
    i.RTC_SetCounter                         0x08001a80   Section        0  stm32f10x_rtc.o(i.RTC_SetCounter)
    i.RTC_SetPrescaler                       0x08001a9c   Section        0  stm32f10x_rtc.o(i.RTC_SetPrescaler)
    i.RTC_WaitForLastTask                    0x08001abc   Section        0  stm32f10x_rtc.o(i.RTC_WaitForLastTask)
    i.RTC_WaitForSynchro                     0x08001ad0   Section        0  stm32f10x_rtc.o(i.RTC_WaitForSynchro)
    i.SVC_Handler                            0x08001af4   Section        0  stm32f10x_it.o(i.SVC_Handler)
    i.SetSysClock                            0x08001af6   Section        0  system_stm32f10x.o(i.SetSysClock)
    SetSysClock                              0x08001af7   Thumb Code     8  system_stm32f10x.o(i.SetSysClock)
    i.SetSysClockTo72                        0x08001b00   Section        0  system_stm32f10x.o(i.SetSysClockTo72)
    SetSysClockTo72                          0x08001b01   Thumb Code   214  system_stm32f10x.o(i.SetSysClockTo72)
    i.SysTick_Config                         0x08001be0   Section        0  bsp_systick.o(i.SysTick_Config)
    SysTick_Config                           0x08001be1   Thumb Code    76  bsp_systick.o(i.SysTick_Config)
    i.SysTick_Delay_Us                       0x08001c34   Section        0  bsp_systick.o(i.SysTick_Delay_Us)
    i.SysTick_Handler                        0x08001c7c   Section        0  stm32f10x_it.o(i.SysTick_Handler)
    i.SysTick_Init                           0x08001c84   Section        0  bsp_systick.o(i.SysTick_Init)
    i.SystemInit                             0x08001ca8   Section        0  system_stm32f10x.o(i.SystemInit)
    i.TI1_Config                             0x08001d08   Section        0  stm32f10x_tim.o(i.TI1_Config)
    TI1_Config                               0x08001d09   Thumb Code   108  stm32f10x_tim.o(i.TI1_Config)
    i.TI2_Config                             0x08001d88   Section        0  stm32f10x_tim.o(i.TI2_Config)
    TI2_Config                               0x08001d89   Thumb Code   130  stm32f10x_tim.o(i.TI2_Config)
    i.TI3_Config                             0x08001e20   Section        0  stm32f10x_tim.o(i.TI3_Config)
    TI3_Config                               0x08001e21   Thumb Code   122  stm32f10x_tim.o(i.TI3_Config)
    i.TI4_Config                             0x08001eb0   Section        0  stm32f10x_tim.o(i.TI4_Config)
    TI4_Config                               0x08001eb1   Thumb Code   130  stm32f10x_tim.o(i.TI4_Config)
    i.TIM5_IRQHandler                        0x08001f48   Section        0  bsp_time.o(i.TIM5_IRQHandler)
    i.TIM5_Input_Capture                     0x08002064   Section        0  bsp_time.o(i.TIM5_Input_Capture)
    i.TIM6_IRQHandler                        0x08002120   Section        0  bsp_time.o(i.TIM6_IRQHandler)
    i.TIM6_Init                              0x0800215c   Section        0  bsp_time.o(i.TIM6_Init)
    i.TIM7_IRQHandler                        0x080021b4   Section        0  bsp_time.o(i.TIM7_IRQHandler)
    i.TIM7_Init                              0x080022d0   Section        0  bsp_time.o(i.TIM7_Init)
    i.TIM_ClearFlag                          0x08002328   Section        0  stm32f10x_tim.o(i.TIM_ClearFlag)
    i.TIM_ClearITPendingBit                  0x0800232e   Section        0  stm32f10x_tim.o(i.TIM_ClearITPendingBit)
    i.TIM_Cmd                                0x08002334   Section        0  stm32f10x_tim.o(i.TIM_Cmd)
    i.TIM_GetCapture1                        0x0800234c   Section        0  stm32f10x_tim.o(i.TIM_GetCapture1)
    i.TIM_GetITStatus                        0x08002352   Section        0  stm32f10x_tim.o(i.TIM_GetITStatus)
    i.TIM_ICInit                             0x08002374   Section        0  stm32f10x_tim.o(i.TIM_ICInit)
    i.TIM_ITConfig                           0x08002420   Section        0  stm32f10x_tim.o(i.TIM_ITConfig)
    i.TIM_OC1PolarityConfig                  0x08002432   Section        0  stm32f10x_tim.o(i.TIM_OC1PolarityConfig)
    i.TIM_SetCounter                         0x08002444   Section        0  stm32f10x_tim.o(i.TIM_SetCounter)
    i.TIM_SetIC1Prescaler                    0x08002448   Section        0  stm32f10x_tim.o(i.TIM_SetIC1Prescaler)
    i.TIM_SetIC2Prescaler                    0x0800245a   Section        0  stm32f10x_tim.o(i.TIM_SetIC2Prescaler)
    i.TIM_SetIC3Prescaler                    0x08002474   Section        0  stm32f10x_tim.o(i.TIM_SetIC3Prescaler)
    i.TIM_SetIC4Prescaler                    0x08002486   Section        0  stm32f10x_tim.o(i.TIM_SetIC4Prescaler)
    i.TIM_TimeBaseInit                       0x080024a0   Section        0  stm32f10x_tim.o(i.TIM_TimeBaseInit)
    i.TimingDelay_Decrement                  0x08002544   Section        0  bsp_systick.o(i.TimingDelay_Decrement)
    i.USART1_IRQHandler                      0x0800255c   Section        0  bsp_usart.o(i.USART1_IRQHandler)
    i.USART_Cmd                              0x08002580   Section        0  stm32f10x_usart.o(i.USART_Cmd)
    i.USART_Config                           0x08002598   Section        0  bsp_usart.o(i.USART_Config)
    i.USART_GetFlagStatus                    0x08002628   Section        0  stm32f10x_usart.o(i.USART_GetFlagStatus)
    i.USART_GetITStatus                      0x08002642   Section        0  stm32f10x_usart.o(i.USART_GetITStatus)
    i.USART_ITConfig                         0x08002696   Section        0  stm32f10x_usart.o(i.USART_ITConfig)
    i.USART_Init                             0x080026e0   Section        0  stm32f10x_usart.o(i.USART_Init)
    i.USART_ReceiveData                      0x080027b8   Section        0  stm32f10x_usart.o(i.USART_ReceiveData)
    i.USART_SendData                         0x080027c2   Section        0  stm32f10x_usart.o(i.USART_SendData)
    i.UsageFault_Handler                     0x080027ca   Section        0  stm32f10x_it.o(i.UsageFault_Handler)
    i.WWDG_ClearFlag                         0x080027d0   Section        0  stm32f10x_wwdg.o(i.WWDG_ClearFlag)
    i.WWDG_IRQHandler                        0x080027dc   Section        0  bsp_wwdg.o(i.WWDG_IRQHandler)
    i.WWDG_SetCounter                        0x080027ec   Section        0  stm32f10x_wwdg.o(i.WWDG_SetCounter)
    i.__0printf                              0x080027fc   Section        0  printfa.o(i.__0printf)
    i.__scatterload_copy                     0x0800281c   Section       14  handlers.o(i.__scatterload_copy)
    i.__scatterload_null                     0x0800282a   Section        2  handlers.o(i.__scatterload_null)
    i.__scatterload_zeroinit                 0x0800282c   Section       14  handlers.o(i.__scatterload_zeroinit)
    i._fp_digits                             0x0800283c   Section        0  printfa.o(i._fp_digits)
    _fp_digits                               0x0800283d   Thumb Code   366  printfa.o(i._fp_digits)
    i._printf_core                           0x080029c0   Section        0  printfa.o(i._printf_core)
    _printf_core                             0x080029c1   Thumb Code  1744  printfa.o(i._printf_core)
    i._printf_post_padding                   0x0800309c   Section        0  printfa.o(i._printf_post_padding)
    _printf_post_padding                     0x0800309d   Thumb Code    36  printfa.o(i._printf_post_padding)
    i._printf_pre_padding                    0x080030c0   Section        0  printfa.o(i._printf_pre_padding)
    _printf_pre_padding                      0x080030c1   Thumb Code    46  printfa.o(i._printf_pre_padding)
    i.fputc                                  0x080030f0   Section        0  bsp_usart.o(i.fputc)
    i.main                                   0x08003114   Section        0  main.o(i.main)
    i.my_mem_free                            0x080031e4   Section        0  malloc.o(i.my_mem_free)
    i.my_mem_init                            0x08003250   Section        0  malloc.o(i.my_mem_init)
    i.my_mem_malloc                          0x08003294   Section        0  malloc.o(i.my_mem_malloc)
    i.my_mem_perused                         0x0800333c   Section        0  malloc.o(i.my_mem_perused)
    i.my_mem_set                             0x0800337c   Section        0  malloc.o(i.my_mem_set)
    i.myfree                                 0x08003390   Section        0  malloc.o(i.myfree)
    i.mymalloc                               0x080033b4   Section        0  malloc.o(i.mymalloc)
    .constdata                               0x080033dc   Section       24  bsp_rtc.o(.constdata)
    .constdata                               0x080033f4   Section       24  malloc.o(.constdata)
    .conststring                             0x0800340c   Section      225  log.o(.conststring)
    .data                                    0x20000000   Section       20  system_stm32f10x.o(.data)
    .data                                    0x20000014   Section       20  stm32f10x_rcc.o(.data)
    APBAHBPrescTable                         0x20000014   Data          16  stm32f10x_rcc.o(.data)
    ADCPrescTable                            0x20000024   Data           4  stm32f10x_rcc.o(.data)
    .data                                    0x20000028   Section        4  bsp_systick.o(.data)
    TimingDelay                              0x20000028   Data           4  bsp_systick.o(.data)
    .data                                    0x2000002c   Section       21  bsp_time.o(.data)
    .data                                    0x20000042   Section        2  bsp_rtc.o(.data)
    daycnt                                   0x20000042   Data           2  bsp_rtc.o(.data)
    .data                                    0x20000044   Section     1260  log.o(.data)
    .data                                    0x20000530   Section       28  malloc.o(.data)
    .data                                    0x2000054c   Section        4  stdout.o(.data)
    .bss                                     0x20000550   Section       10  bsp_rtc.o(.bss)
    .bss                                     0x20000560   Section    43520  malloc.o(.bss)
    STACK                                    0x2000af60   Section     1024  startup_stm32f10x_hd.o(STACK)
    .ARM.__AT_0x68000000                     0x68000000   Section    983040  malloc.o(.ARM.__AT_0x68000000)
    .ARM.__AT_0x680F0000                     0x680f0000   Section    61440  malloc.o(.ARM.__AT_0x680F0000)

    Global Symbols

    Symbol Name                              Value     Ov Type        Size  Object(Section)

    BuildAttributes$$THM_ISAv4$P$D$K$B$S$PE$A:L22UL41UL21$X:L11$S22US41US21$IEEE1$IW$USESV6$~STKCKD$USESV7$~SHL$OTIME$ROPI$EBA8$MICROLIB$REQ8$PRES8$EABIv2 0x00000000   Number         0  anon$$obj.o ABSOLUTE
    __ARM_use_no_argv                        0x00000000   Number         0  main.o ABSOLUTE
    _printf_a                                0x00000000   Number         0  stubs.o ABSOLUTE
    _printf_c                                0x00000000   Number         0  stubs.o ABSOLUTE
    _printf_charcount                        0x00000000   Number         0  stubs.o ABSOLUTE
    _printf_d                                0x00000000   Number         0  stubs.o ABSOLUTE
    _printf_e                                0x00000000   Number         0  stubs.o ABSOLUTE
    _printf_f                                0x00000000   Number         0  stubs.o ABSOLUTE
    _printf_flags                            0x00000000   Number         0  stubs.o ABSOLUTE
    _printf_fp_dec                           0x00000000   Number         0  stubs.o ABSOLUTE
    _printf_fp_hex                           0x00000000   Number         0  stubs.o ABSOLUTE
    _printf_g                                0x00000000   Number         0  stubs.o ABSOLUTE
    _printf_i                                0x00000000   Number         0  stubs.o ABSOLUTE
    _printf_int_dec                          0x00000000   Number         0  stubs.o ABSOLUTE
    _printf_l                                0x00000000   Number         0  stubs.o ABSOLUTE
    _printf_lc                               0x00000000   Number         0  stubs.o ABSOLUTE
    _printf_ll                               0x00000000   Number         0  stubs.o ABSOLUTE
    _printf_lld                              0x00000000   Number         0  stubs.o ABSOLUTE
    _printf_lli                              0x00000000   Number         0  stubs.o ABSOLUTE
    _printf_llo                              0x00000000   Number         0  stubs.o ABSOLUTE
    _printf_llu                              0x00000000   Number         0  stubs.o ABSOLUTE
    _printf_llx                              0x00000000   Number         0  stubs.o ABSOLUTE
    _printf_longlong_dec                     0x00000000   Number         0  stubs.o ABSOLUTE
    _printf_longlong_hex                     0x00000000   Number         0  stubs.o ABSOLUTE
    _printf_longlong_oct                     0x00000000   Number         0  stubs.o ABSOLUTE
    _printf_ls                               0x00000000   Number         0  stubs.o ABSOLUTE
    _printf_mbtowc                           0x00000000   Number         0  stubs.o ABSOLUTE
    _printf_n                                0x00000000   Number         0  stubs.o ABSOLUTE
    _printf_o                                0x00000000   Number         0  stubs.o ABSOLUTE
    _printf_p                                0x00000000   Number         0  stubs.o ABSOLUTE
    _printf_percent                          0x00000000   Number         0  stubs.o ABSOLUTE
    _printf_pre_padding                      0x00000000   Number         0  stubs.o ABSOLUTE
    _printf_return_value                     0x00000000   Number         0  stubs.o ABSOLUTE
    _printf_s                                0x00000000   Number         0  stubs.o ABSOLUTE
    _printf_sizespec                         0x00000000   Number         0  stubs.o ABSOLUTE
    _printf_str                              0x00000000   Number         0  stubs.o ABSOLUTE
    _printf_truncate_signed                  0x00000000   Number         0  stubs.o ABSOLUTE
    _printf_truncate_unsigned                0x00000000   Number         0  stubs.o ABSOLUTE
    _printf_u                                0x00000000   Number         0  stubs.o ABSOLUTE
    _printf_wc                               0x00000000   Number         0  stubs.o ABSOLUTE
    _printf_wctomb                           0x00000000   Number         0  stubs.o ABSOLUTE
    _printf_widthprec                        0x00000000   Number         0  stubs.o ABSOLUTE
    _printf_x                                0x00000000   Number         0  stubs.o ABSOLUTE
    __cpp_initialize__aeabi_                  - Undefined Weak Reference
    __cxa_finalize                            - Undefined Weak Reference
    _clock_init                               - Undefined Weak Reference
    _microlib_exit                            - Undefined Weak Reference
    __Vectors_Size                           0x00000130   Number         0  startup_stm32f10x_hd.o ABSOLUTE
    __Vectors                                0x08000000   Data           4  startup_stm32f10x_hd.o(RESET)
    __Vectors_End                            0x08000130   Data           0  startup_stm32f10x_hd.o(RESET)
    __main                                   0x08000131   Thumb Code     0  entry.o(.ARM.Collect$$$$00000000)
    _main_stk                                0x08000131   Thumb Code     0  entry2.o(.ARM.Collect$$$$00000001)
    _main_scatterload                        0x08000135   Thumb Code     0  entry5.o(.ARM.Collect$$$$00000004)
    __main_after_scatterload                 0x08000139   Thumb Code     0  entry5.o(.ARM.Collect$$$$00000004)
    _main_clock                              0x08000139   Thumb Code     0  entry7b.o(.ARM.Collect$$$$00000008)
    _main_cpp_init                           0x08000139   Thumb Code     0  entry8b.o(.ARM.Collect$$$$0000000A)
    _main_init                               0x08000139   Thumb Code     0  entry9a.o(.ARM.Collect$$$$0000000B)
    __rt_final_cpp                           0x08000141   Thumb Code     0  entry10a.o(.ARM.Collect$$$$0000000D)
    __rt_final_exit                          0x08000141   Thumb Code     0  entry11a.o(.ARM.Collect$$$$0000000F)
    Reset_Handler                            0x08000145   Thumb Code     8  startup_stm32f10x_hd.o(.text)
    ADC1_2_IRQHandler                        0x0800015f   Thumb Code     0  startup_stm32f10x_hd.o(.text)
    ADC3_IRQHandler                          0x0800015f   Thumb Code     0  startup_stm32f10x_hd.o(.text)
    CAN1_RX1_IRQHandler                      0x0800015f   Thumb Code     0  startup_stm32f10x_hd.o(.text)
    CAN1_SCE_IRQHandler                      0x0800015f   Thumb Code     0  startup_stm32f10x_hd.o(.text)
    DMA1_Channel1_IRQHandler                 0x0800015f   Thumb Code     0  startup_stm32f10x_hd.o(.text)
    DMA1_Channel2_IRQHandler                 0x0800015f   Thumb Code     0  startup_stm32f10x_hd.o(.text)
    DMA1_Channel3_IRQHandler                 0x0800015f   Thumb Code     0  startup_stm32f10x_hd.o(.text)
    DMA1_Channel4_IRQHandler                 0x0800015f   Thumb Code     0  startup_stm32f10x_hd.o(.text)
    DMA1_Channel5_IRQHandler                 0x0800015f   Thumb Code     0  startup_stm32f10x_hd.o(.text)
    DMA1_Channel6_IRQHandler                 0x0800015f   Thumb Code     0  startup_stm32f10x_hd.o(.text)
    DMA1_Channel7_IRQHandler                 0x0800015f   Thumb Code     0  startup_stm32f10x_hd.o(.text)
    DMA2_Channel1_IRQHandler                 0x0800015f   Thumb Code     0  startup_stm32f10x_hd.o(.text)
    DMA2_Channel2_IRQHandler                 0x0800015f   Thumb Code     0  startup_stm32f10x_hd.o(.text)
    DMA2_Channel3_IRQHandler                 0x0800015f   Thumb Code     0  startup_stm32f10x_hd.o(.text)
    DMA2_Channel4_5_IRQHandler               0x0800015f   Thumb Code     0  startup_stm32f10x_hd.o(.text)
    EXTI15_10_IRQHandler                     0x0800015f   Thumb Code     0  startup_stm32f10x_hd.o(.text)
    EXTI1_IRQHandler                         0x0800015f   Thumb Code     0  startup_stm32f10x_hd.o(.text)
    EXTI9_5_IRQHandler                       0x0800015f   Thumb Code     0  startup_stm32f10x_hd.o(.text)
    FLASH_IRQHandler                         0x0800015f   Thumb Code     0  startup_stm32f10x_hd.o(.text)
    FSMC_IRQHandler                          0x0800015f   Thumb Code     0  startup_stm32f10x_hd.o(.text)
    I2C1_ER_IRQHandler                       0x0800015f   Thumb Code     0  startup_stm32f10x_hd.o(.text)
    I2C1_EV_IRQHandler                       0x0800015f   Thumb Code     0  startup_stm32f10x_hd.o(.text)
    I2C2_ER_IRQHandler                       0x0800015f   Thumb Code     0  startup_stm32f10x_hd.o(.text)
    I2C2_EV_IRQHandler                       0x0800015f   Thumb Code     0  startup_stm32f10x_hd.o(.text)
    PVD_IRQHandler                           0x0800015f   Thumb Code     0  startup_stm32f10x_hd.o(.text)
    RCC_IRQHandler                           0x0800015f   Thumb Code     0  startup_stm32f10x_hd.o(.text)
    RTCAlarm_IRQHandler                      0x0800015f   Thumb Code     0  startup_stm32f10x_hd.o(.text)
    SDIO_IRQHandler                          0x0800015f   Thumb Code     0  startup_stm32f10x_hd.o(.text)
    SPI1_IRQHandler                          0x0800015f   Thumb Code     0  startup_stm32f10x_hd.o(.text)
    SPI2_IRQHandler                          0x0800015f   Thumb Code     0  startup_stm32f10x_hd.o(.text)
    SPI3_IRQHandler                          0x0800015f   Thumb Code     0  startup_stm32f10x_hd.o(.text)
    TAMPER_IRQHandler                        0x0800015f   Thumb Code     0  startup_stm32f10x_hd.o(.text)
    TIM1_BRK_IRQHandler                      0x0800015f   Thumb Code     0  startup_stm32f10x_hd.o(.text)
    TIM1_CC_IRQHandler                       0x0800015f   Thumb Code     0  startup_stm32f10x_hd.o(.text)
    TIM1_TRG_COM_IRQHandler                  0x0800015f   Thumb Code     0  startup_stm32f10x_hd.o(.text)
    TIM1_UP_IRQHandler                       0x0800015f   Thumb Code     0  startup_stm32f10x_hd.o(.text)
    TIM2_IRQHandler                          0x0800015f   Thumb Code     0  startup_stm32f10x_hd.o(.text)
    TIM3_IRQHandler                          0x0800015f   Thumb Code     0  startup_stm32f10x_hd.o(.text)
    TIM4_IRQHandler                          0x0800015f   Thumb Code     0  startup_stm32f10x_hd.o(.text)
    TIM8_BRK_IRQHandler                      0x0800015f   Thumb Code     0  startup_stm32f10x_hd.o(.text)
    TIM8_CC_IRQHandler                       0x0800015f   Thumb Code     0  startup_stm32f10x_hd.o(.text)
    TIM8_TRG_COM_IRQHandler                  0x0800015f   Thumb Code     0  startup_stm32f10x_hd.o(.text)
    TIM8_UP_IRQHandler                       0x0800015f   Thumb Code     0  startup_stm32f10x_hd.o(.text)
    UART4_IRQHandler                         0x0800015f   Thumb Code     0  startup_stm32f10x_hd.o(.text)
    UART5_IRQHandler                         0x0800015f   Thumb Code     0  startup_stm32f10x_hd.o(.text)
    USART2_IRQHandler                        0x0800015f   Thumb Code     0  startup_stm32f10x_hd.o(.text)
    USART3_IRQHandler                        0x0800015f   Thumb Code     0  startup_stm32f10x_hd.o(.text)
    USBWakeUp_IRQHandler                     0x0800015f   Thumb Code     0  startup_stm32f10x_hd.o(.text)
    USB_HP_CAN1_TX_IRQHandler                0x0800015f   Thumb Code     0  startup_stm32f10x_hd.o(.text)
    USB_LP_CAN1_RX0_IRQHandler               0x0800015f   Thumb Code     0  startup_stm32f10x_hd.o(.text)
    __aeabi_dadd                             0x08000169   Thumb Code   322  dadd.o(.text)
    __aeabi_dsub                             0x080002ab   Thumb Code     6  dadd.o(.text)
    __aeabi_drsub                            0x080002b1   Thumb Code     6  dadd.o(.text)
    __aeabi_dmul                             0x080002b7   Thumb Code   228  dmul.o(.text)
    __aeabi_ddiv                             0x0800039b   Thumb Code   222  ddiv.o(.text)
    __aeabi_ui2d                             0x08000479   Thumb Code    26  dfltui.o(.text)
    __aeabi_f2d                              0x08000493   Thumb Code    38  f2d.o(.text)
    __aeabi_d2f                              0x080004b9   Thumb Code    56  d2f.o(.text)
    __aeabi_uidiv                            0x080004f1   Thumb Code     0  uidiv.o(.text)
    __aeabi_uidivmod                         0x080004f1   Thumb Code    44  uidiv.o(.text)
    __aeabi_uldivmod                         0x0800051d   Thumb Code    98  uldiv.o(.text)
    __aeabi_llsl                             0x0800057f   Thumb Code    30  llshl.o(.text)
    _ll_shift_l                              0x0800057f   Thumb Code     0  llshl.o(.text)
    __aeabi_llsr                             0x0800059d   Thumb Code    32  llushr.o(.text)
    _ll_ushift_r                             0x0800059d   Thumb Code     0  llushr.o(.text)
    __aeabi_lasr                             0x080005bd   Thumb Code    36  llsshr.o(.text)
    _ll_sshift_r                             0x080005bd   Thumb Code     0  llsshr.o(.text)
    __I$use$fp                               0x080005e1   Thumb Code     0  iusefp.o(.text)
    _float_round                             0x080005e1   Thumb Code    18  fepilogue.o(.text)
    _float_epilogue                          0x080005f3   Thumb Code    92  fepilogue.o(.text)
    _double_round                            0x0800064f   Thumb Code    30  depilogue.o(.text)
    _double_epilogue                         0x0800066d   Thumb Code   156  depilogue.o(.text)
    __aeabi_d2ulz                            0x08000709   Thumb Code    48  dfixul.o(.text)
    __aeabi_cdrcmple                         0x08000739   Thumb Code    48  cdrcmple.o(.text)
    __scatterload                            0x08000769   Thumb Code    28  init.o(.text)
    __scatterload_rt2                        0x08000769   Thumb Code     0  init.o(.text)
    __decompress                             0x0800078d   Thumb Code     0  __dczerorl2.o(.text)
    __decompress1                            0x0800078d   Thumb Code    86  __dczerorl2.o(.text)
    ADC2_Init                                0x080007e5   Thumb Code   140  bsp_adc.o(i.ADC2_Init)
    ADC_Cmd                                  0x08000879   Thumb Code    22  stm32f10x_adc.o(i.ADC_Cmd)
    ADC_DeInit                               0x08000891   Thumb Code    78  stm32f10x_adc.o(i.ADC_DeInit)
    ADC_GetCalibrationStatus                 0x080008ed   Thumb Code    20  stm32f10x_adc.o(i.ADC_GetCalibrationStatus)
    ADC_GetResetCalibrationStatus            0x08000901   Thumb Code    20  stm32f10x_adc.o(i.ADC_GetResetCalibrationStatus)
    ADC_Init                                 0x08000915   Thumb Code    70  stm32f10x_adc.o(i.ADC_Init)
    ADC_ResetCalibration                     0x08000965   Thumb Code    10  stm32f10x_adc.o(i.ADC_ResetCalibration)
    ADC_SoftwareStartConvCmd                 0x0800096f   Thumb Code    22  stm32f10x_adc.o(i.ADC_SoftwareStartConvCmd)
    ADC_StartCalibration                     0x08000985   Thumb Code    10  stm32f10x_adc.o(i.ADC_StartCalibration)
    ADC_TempSensorVrefintCmd                 0x08000991   Thumb Code    30  stm32f10x_adc.o(i.ADC_TempSensorVrefintCmd)
    ADC_Temp_Init                            0x080009b5   Thumb Code   118  bsp_adc.o(i.ADC_Temp_Init)
    BASIC_TIM_Init                           0x08000a31   Thumb Code    28  bsp_time.o(i.BASIC_TIM_Init)
    BEEP_GPIO_Config                         0x08000a4d   Thumb Code    50  bsp_beep.o(i.BEEP_GPIO_Config)
    BKP_DeInit                               0x08000a85   Thumb Code    16  stm32f10x_bkp.o(i.BKP_DeInit)
    BKP_ReadBackupRegister                   0x08000a95   Thumb Code    24  stm32f10x_bkp.o(i.BKP_ReadBackupRegister)
    BKP_WriteBackupRegister                  0x08000ab1   Thumb Code    22  stm32f10x_bkp.o(i.BKP_WriteBackupRegister)
    BusFault_Handler                         0x08000acd   Thumb Code     4  stm32f10x_it.o(i.BusFault_Handler)
    DS18B20_Check                            0x08000ad1   Thumb Code    86  bsp_ds18b20.o(i.DS18B20_Check)
    DS18B20_GetTemperture                    0x08000b2d   Thumb Code   120  bsp_ds18b20.o(i.DS18B20_GetTemperture)
    DS18B20_IO_IN                            0x08000bad   Thumb Code    26  bsp_ds18b20.o(i.DS18B20_IO_IN)
    DS18B20_IO_OUT                           0x08000bcd   Thumb Code    32  bsp_ds18b20.o(i.DS18B20_IO_OUT)
    DS18B20_Init                             0x08000bf1   Thumb Code    48  bsp_ds18b20.o(i.DS18B20_Init)
    DS18B20_Read_Bit                         0x08000c25   Thumb Code    70  bsp_ds18b20.o(i.DS18B20_Read_Bit)
    DS18B20_Read_Byte                        0x08000c71   Thumb Code    34  bsp_ds18b20.o(i.DS18B20_Read_Byte)
    DS18B20_Reset                            0x08000c95   Thumb Code    42  bsp_ds18b20.o(i.DS18B20_Reset)
    DS18B20_Start                            0x08000cc5   Thumb Code    24  bsp_ds18b20.o(i.DS18B20_Start)
    DS18B20_Write_Byte                       0x08000cdd   Thumb Code    96  bsp_ds18b20.o(i.DS18B20_Write_Byte)
    DebugMon_Handler                         0x08000d41   Thumb Code     2  stm32f10x_it.o(i.DebugMon_Handler)
    Delay_us                                 0x08000d45   Thumb Code    36  bsp_systick.o(i.Delay_us)
    EXTI0_IRQHandler                         0x08000d6d   Thumb Code    40  bsp_exti.o(i.EXTI0_IRQHandler)
    EXTI2_IRQHandler                         0x08000d9d   Thumb Code    38  bsp_exti.o(i.EXTI2_IRQHandler)
    EXTI3_IRQHandler                         0x08000dc9   Thumb Code    40  bsp_exti.o(i.EXTI3_IRQHandler)
    EXTI4_IRQHandler                         0x08000df9   Thumb Code    38  bsp_exti.o(i.EXTI4_IRQHandler)
    EXTI_ClearITPendingBit                   0x08000e25   Thumb Code     6  stm32f10x_exti.o(i.EXTI_ClearITPendingBit)
    EXTI_GetITStatus                         0x08000e31   Thumb Code    34  stm32f10x_exti.o(i.EXTI_GetITStatus)
    EXTI_Init                                0x08000e59   Thumb Code   142  stm32f10x_exti.o(i.EXTI_Init)
    EXTI_Key_Config                          0x08000eed   Thumb Code   274  bsp_exti.o(i.EXTI_Key_Config)
    Enter_Standby_Mode                       0x08001005   Thumb Code    28  bsp_time.o(i.Enter_Standby_Mode)
    GPIO_EXTILineConfig                      0x08001021   Thumb Code    60  stm32f10x_gpio.o(i.GPIO_EXTILineConfig)
    GPIO_Init                                0x08001061   Thumb Code   278  stm32f10x_gpio.o(i.GPIO_Init)
    GPIO_ReadInputDataBit                    0x08001177   Thumb Code    18  stm32f10x_gpio.o(i.GPIO_ReadInputDataBit)
    GPIO_ResetBits                           0x08001189   Thumb Code     4  stm32f10x_gpio.o(i.GPIO_ResetBits)
    GPIO_SetBits                             0x0800118d   Thumb Code     4  stm32f10x_gpio.o(i.GPIO_SetBits)
    HardFault_Handler                        0x08001191   Thumb Code     4  stm32f10x_it.o(i.HardFault_Handler)
    Is_Leap_Year                             0x08001195   Thumb Code    58  bsp_rtc.o(i.Is_Leap_Year)
    LED_GPIO_Config                          0x080011d1   Thumb Code    68  bsp_led.o(i.LED_GPIO_Config)
    Lsens_Init                               0x0800121d   Thumb Code   150  bsp_adc.o(i.Lsens_Init)
    MemManage_Handler                        0x080012bd   Thumb Code     4  stm32f10x_it.o(i.MemManage_Handler)
    NMI_Handler                              0x080012c1   Thumb Code     2  stm32f10x_it.o(i.NMI_Handler)
    NVIC_Init                                0x080012e9   Thumb Code   100  misc.o(i.NVIC_Init)
    NVIC_PriorityGroupConfig                 0x08001359   Thumb Code    10  misc.o(i.NVIC_PriorityGroupConfig)
    PWR_BackupAccessCmd                      0x0800136d   Thumb Code     6  stm32f10x_pwr.o(i.PWR_BackupAccessCmd)
    PWR_ClearFlag                            0x08001379   Thumb Code    14  stm32f10x_pwr.o(i.PWR_ClearFlag)
    PWR_EnterSTANDBYMode                     0x0800138d   Thumb Code    42  stm32f10x_pwr.o(i.PWR_EnterSTANDBYMode)
    PWR_WakeUpPinCmd                         0x080013c1   Thumb Code     6  stm32f10x_pwr.o(i.PWR_WakeUpPinCmd)
    PendSV_Handler                           0x080013cd   Thumb Code     2  stm32f10x_it.o(i.PendSV_Handler)
    RCC_ADCCLKConfig                         0x080013d1   Thumb Code    18  stm32f10x_rcc.o(i.RCC_ADCCLKConfig)
    RCC_APB1PeriphClockCmd                   0x080013e9   Thumb Code    26  stm32f10x_rcc.o(i.RCC_APB1PeriphClockCmd)
    RCC_APB2PeriphClockCmd                   0x08001409   Thumb Code    26  stm32f10x_rcc.o(i.RCC_APB2PeriphClockCmd)
    RCC_APB2PeriphResetCmd                   0x08001429   Thumb Code    26  stm32f10x_rcc.o(i.RCC_APB2PeriphResetCmd)
    RCC_BackupResetCmd                       0x08001449   Thumb Code     6  stm32f10x_rcc.o(i.RCC_BackupResetCmd)
    RCC_GetClocksFreq                        0x08001455   Thumb Code   192  stm32f10x_rcc.o(i.RCC_GetClocksFreq)
    RCC_GetFlagStatus                        0x08001529   Thumb Code    56  stm32f10x_rcc.o(i.RCC_GetFlagStatus)
    RCC_LSEConfig                            0x08001565   Thumb Code    46  stm32f10x_rcc.o(i.RCC_LSEConfig)
    RCC_RTCCLKCmd                            0x08001599   Thumb Code     6  stm32f10x_rcc.o(i.RCC_RTCCLKCmd)
    RCC_RTCCLKConfig                         0x080015a5   Thumb Code    12  stm32f10x_rcc.o(i.RCC_RTCCLKConfig)
    RTC_Alarm_Set                            0x080015b5   Thumb Code   184  bsp_rtc.o(i.RTC_Alarm_Set)
    RTC_ClearITPendingBit                    0x0800167d   Thumb Code    12  stm32f10x_rtc.o(i.RTC_ClearITPendingBit)
    RTC_EnterConfigMode                      0x0800168d   Thumb Code    14  stm32f10x_rtc.o(i.RTC_EnterConfigMode)
    RTC_ExitConfigMode                       0x080016a1   Thumb Code    16  stm32f10x_rtc.o(i.RTC_ExitConfigMode)
    RTC_Get                                  0x080016b5   Thumb Code   240  bsp_rtc.o(i.RTC_Get)
    RTC_GetCounter                           0x080017b5   Thumb Code    16  stm32f10x_rtc.o(i.RTC_GetCounter)
    RTC_GetITStatus                          0x080017c9   Thumb Code    32  stm32f10x_rtc.o(i.RTC_GetITStatus)
    RTC_Get_Week                             0x080017ed   Thumb Code   116  bsp_rtc.o(i.RTC_Get_Week)
    RTC_IRQHandler                           0x08001865   Thumb Code    44  bsp_rtc.o(i.RTC_IRQHandler)
    RTC_ITConfig                             0x08001891   Thumb Code    26  stm32f10x_rtc.o(i.RTC_ITConfig)
    RTC_Init                                 0x080018b1   Thumb Code   202  bsp_rtc.o(i.RTC_Init)
    RTC_Set                                  0x0800199d   Thumb Code   184  bsp_rtc.o(i.RTC_Set)
    RTC_SetAlarm                             0x08001a65   Thumb Code    24  stm32f10x_rtc.o(i.RTC_SetAlarm)
    RTC_SetCounter                           0x08001a81   Thumb Code    24  stm32f10x_rtc.o(i.RTC_SetCounter)
    RTC_SetPrescaler                         0x08001a9d   Thumb Code    26  stm32f10x_rtc.o(i.RTC_SetPrescaler)
    RTC_WaitForLastTask                      0x08001abd   Thumb Code    16  stm32f10x_rtc.o(i.RTC_WaitForLastTask)
    RTC_WaitForSynchro                       0x08001ad1   Thumb Code    30  stm32f10x_rtc.o(i.RTC_WaitForSynchro)
    SVC_Handler                              0x08001af5   Thumb Code     2  stm32f10x_it.o(i.SVC_Handler)
    SysTick_Delay_Us                         0x08001c35   Thumb Code    64  bsp_systick.o(i.SysTick_Delay_Us)
    SysTick_Handler                          0x08001c7d   Thumb Code     8  stm32f10x_it.o(i.SysTick_Handler)
    SysTick_Init                             0x08001c85   Thumb Code    26  bsp_systick.o(i.SysTick_Init)
    SystemInit                               0x08001ca9   Thumb Code    78  system_stm32f10x.o(i.SystemInit)
    TIM5_IRQHandler                          0x08001f49   Thumb Code   198  bsp_time.o(i.TIM5_IRQHandler)
    TIM5_Input_Capture                       0x08002065   Thumb Code   178  bsp_time.o(i.TIM5_Input_Capture)
    TIM6_IRQHandler                          0x08002121   Thumb Code    52  bsp_time.o(i.TIM6_IRQHandler)
    TIM6_Init                                0x0800215d   Thumb Code    82  bsp_time.o(i.TIM6_Init)
    TIM7_IRQHandler                          0x080021b5   Thumb Code   192  bsp_time.o(i.TIM7_IRQHandler)
    TIM7_Init                                0x080022d1   Thumb Code    82  bsp_time.o(i.TIM7_Init)
    TIM_ClearFlag                            0x08002329   Thumb Code     6  stm32f10x_tim.o(i.TIM_ClearFlag)
    TIM_ClearITPendingBit                    0x0800232f   Thumb Code     6  stm32f10x_tim.o(i.TIM_ClearITPendingBit)
    TIM_Cmd                                  0x08002335   Thumb Code    24  stm32f10x_tim.o(i.TIM_Cmd)
    TIM_GetCapture1                          0x0800234d   Thumb Code     6  stm32f10x_tim.o(i.TIM_GetCapture1)
    TIM_GetITStatus                          0x08002353   Thumb Code    34  stm32f10x_tim.o(i.TIM_GetITStatus)
    TIM_ICInit                               0x08002375   Thumb Code   150  stm32f10x_tim.o(i.TIM_ICInit)
    TIM_ITConfig                             0x08002421   Thumb Code    18  stm32f10x_tim.o(i.TIM_ITConfig)
    TIM_OC1PolarityConfig                    0x08002433   Thumb Code    18  stm32f10x_tim.o(i.TIM_OC1PolarityConfig)
    TIM_SetCounter                           0x08002445   Thumb Code     4  stm32f10x_tim.o(i.TIM_SetCounter)
    TIM_SetIC1Prescaler                      0x08002449   Thumb Code    18  stm32f10x_tim.o(i.TIM_SetIC1Prescaler)
    TIM_SetIC2Prescaler                      0x0800245b   Thumb Code    26  stm32f10x_tim.o(i.TIM_SetIC2Prescaler)
    TIM_SetIC3Prescaler                      0x08002475   Thumb Code    18  stm32f10x_tim.o(i.TIM_SetIC3Prescaler)
    TIM_SetIC4Prescaler                      0x08002487   Thumb Code    26  stm32f10x_tim.o(i.TIM_SetIC4Prescaler)
    TIM_TimeBaseInit                         0x080024a1   Thumb Code   122  stm32f10x_tim.o(i.TIM_TimeBaseInit)
    TimingDelay_Decrement                    0x08002545   Thumb Code    18  bsp_systick.o(i.TimingDelay_Decrement)
    USART1_IRQHandler                        0x0800255d   Thumb Code    32  bsp_usart.o(i.USART1_IRQHandler)
    USART_Cmd                                0x08002581   Thumb Code    24  stm32f10x_usart.o(i.USART_Cmd)
    USART_Config                             0x08002599   Thumb Code   136  bsp_usart.o(i.USART_Config)
    USART_GetFlagStatus                      0x08002629   Thumb Code    26  stm32f10x_usart.o(i.USART_GetFlagStatus)
    USART_GetITStatus                        0x08002643   Thumb Code    84  stm32f10x_usart.o(i.USART_GetITStatus)
    USART_ITConfig                           0x08002697   Thumb Code    74  stm32f10x_usart.o(i.USART_ITConfig)
    USART_Init                               0x080026e1   Thumb Code   210  stm32f10x_usart.o(i.USART_Init)
    USART_ReceiveData                        0x080027b9   Thumb Code    10  stm32f10x_usart.o(i.USART_ReceiveData)
    USART_SendData                           0x080027c3   Thumb Code     8  stm32f10x_usart.o(i.USART_SendData)
    UsageFault_Handler                       0x080027cb   Thumb Code     4  stm32f10x_it.o(i.UsageFault_Handler)
    WWDG_ClearFlag                           0x080027d1   Thumb Code     8  stm32f10x_wwdg.o(i.WWDG_ClearFlag)
    WWDG_IRQHandler                          0x080027dd   Thumb Code    14  bsp_wwdg.o(i.WWDG_IRQHandler)
    WWDG_SetCounter                          0x080027ed   Thumb Code    10  stm32f10x_wwdg.o(i.WWDG_SetCounter)
    __0printf                                0x080027fd   Thumb Code    22  printfa.o(i.__0printf)
    __1printf                                0x080027fd   Thumb Code     0  printfa.o(i.__0printf)
    __2printf                                0x080027fd   Thumb Code     0  printfa.o(i.__0printf)
    __c89printf                              0x080027fd   Thumb Code     0  printfa.o(i.__0printf)
    printf                                   0x080027fd   Thumb Code     0  printfa.o(i.__0printf)
    __scatterload_copy                       0x0800281d   Thumb Code    14  handlers.o(i.__scatterload_copy)
    __scatterload_null                       0x0800282b   Thumb Code     2  handlers.o(i.__scatterload_null)
    __scatterload_zeroinit                   0x0800282d   Thumb Code    14  handlers.o(i.__scatterload_zeroinit)
    fputc                                    0x080030f1   Thumb Code    32  bsp_usart.o(i.fputc)
    main                                     0x08003115   Thumb Code   144  main.o(i.main)
    my_mem_free                              0x080031e5   Thumb Code    96  malloc.o(i.my_mem_free)
    my_mem_init                              0x08003251   Thumb Code    54  malloc.o(i.my_mem_init)
    my_mem_malloc                            0x08003295   Thumb Code   156  malloc.o(i.my_mem_malloc)
    my_mem_perused                           0x0800333d   Thumb Code    54  malloc.o(i.my_mem_perused)
    my_mem_set                               0x0800337d   Thumb Code    20  malloc.o(i.my_mem_set)
    myfree                                   0x08003391   Thumb Code    30  malloc.o(i.myfree)
    mymalloc                                 0x080033b5   Thumb Code    34  malloc.o(i.mymalloc)
    table_week                               0x080033dc   Data          12  bsp_rtc.o(.constdata)
    mon_table                                0x080033e8   Data          12  bsp_rtc.o(.constdata)
    memtblsize                               0x080033f4   Data           8  malloc.o(.constdata)
    memblksize                               0x080033fc   Data           8  malloc.o(.constdata)
    memsize                                  0x08003404   Data           8  malloc.o(.constdata)
    Region$$Table$$Base                      0x080034f0   Number         0  anon$$obj.o(Region$$Table)
    Region$$Table$$Limit                     0x08003510   Number         0  anon$$obj.o(Region$$Table)
    SystemCoreClock                          0x20000000   Data           4  system_stm32f10x.o(.data)
    AHBPrescTable                            0x20000004   Data          16  system_stm32f10x.o(.data)
    time6                                    0x2000002c   Data           4  bsp_time.o(.data)
    time7                                    0x20000030   Data           4  bsp_time.o(.data)
    TIM_ICUserValueStructure                 0x20000034   Data           6  bsp_time.o(.data)
    p                                        0x2000003c   Data           4  bsp_time.o(.data)
    sramx                                    0x20000040   Data           1  bsp_time.o(.data)
    hxq_debug_str                            0x20000044   Data        1260  log.o(.data)
    malloc_cortol                            0x20000530   Data          28  malloc.o(.data)
    __stdout                                 0x2000054c   Data           4  stdout.o(.data)
    calendar                                 0x20000550   Data          10  bsp_rtc.o(.bss)
    mem1base                                 0x20000560   Data       40960  malloc.o(.bss)
    mem1mapbase                              0x2000a560   Data        2560  malloc.o(.bss)
    __initial_sp                             0x2000b360   Data           0  startup_stm32f10x_hd.o(STACK)
    mem2base                                 0x68000000   Data       983040  malloc.o(.ARM.__AT_0x68000000)
    mem2mapbase                              0x680f0000   Data       61440  malloc.o(.ARM.__AT_0x680F0000)



==============================================================================

Memory Map of the image

  Image Entry point : 0x08000131

  Load Region LR_IROM1 (Base: 0x08000000, Size: 0x00003a60, Max: 0x00080000, ABSOLUTE, COMPRESSED[0x00003568])

    Execution Region ER_IROM1 (Exec base: 0x08000000, Load base: 0x08000000, Size: 0x00003510, Max: 0x00080000, ABSOLUTE)

    Exec Addr    Load Addr    Size         Type   Attr      Idx    E Section Name        Object

    0x08000000   0x08000000   0x00000130   Data   RO            3    RESET               startup_stm32f10x_hd.o
    0x08000130   0x08000130   0x00000000   Code   RO         3942  * .ARM.Collect$$$$00000000  mc_w.l(entry.o)
    0x08000130   0x08000130   0x00000004   Code   RO         4222    .ARM.Collect$$$$00000001  mc_w.l(entry2.o)
    0x08000134   0x08000134   0x00000004   Code   RO         4225    .ARM.Collect$$$$00000004  mc_w.l(entry5.o)
    0x08000138   0x08000138   0x00000000   Code   RO         4227    .ARM.Collect$$$$00000008  mc_w.l(entry7b.o)
    0x08000138   0x08000138   0x00000000   Code   RO         4229    .ARM.Collect$$$$0000000A  mc_w.l(entry8b.o)
    0x08000138   0x08000138   0x00000008   Code   RO         4230    .ARM.Collect$$$$0000000B  mc_w.l(entry9a.o)
    0x08000140   0x08000140   0x00000000   Code   RO         4232    .ARM.Collect$$$$0000000D  mc_w.l(entry10a.o)
    0x08000140   0x08000140   0x00000000   Code   RO         4234    .ARM.Collect$$$$0000000F  mc_w.l(entry11a.o)
    0x08000140   0x08000140   0x00000004   Code   RO         4223    .ARM.Collect$$$$00002712  mc_w.l(entry2.o)
    0x08000144   0x08000144   0x00000024   Code   RO            4    .text               startup_stm32f10x_hd.o
    0x08000168   0x08000168   0x0000014e   Code   RO         4206    .text               mf_w.l(dadd.o)
    0x080002b6   0x080002b6   0x000000e4   Code   RO         4208    .text               mf_w.l(dmul.o)
    0x0800039a   0x0800039a   0x000000de   Code   RO         4210    .text               mf_w.l(ddiv.o)
    0x08000478   0x08000478   0x0000001a   Code   RO         4214    .text               mf_w.l(dfltui.o)
    0x08000492   0x08000492   0x00000026   Code   RO         4218    .text               mf_w.l(f2d.o)
    0x080004b8   0x080004b8   0x00000038   Code   RO         4220    .text               mf_w.l(d2f.o)
    0x080004f0   0x080004f0   0x0000002c   Code   RO         4237    .text               mc_w.l(uidiv.o)
    0x0800051c   0x0800051c   0x00000062   Code   RO         4239    .text               mc_w.l(uldiv.o)
    0x0800057e   0x0800057e   0x0000001e   Code   RO         4241    .text               mc_w.l(llshl.o)
    0x0800059c   0x0800059c   0x00000020   Code   RO         4243    .text               mc_w.l(llushr.o)
    0x080005bc   0x080005bc   0x00000024   Code   RO         4245    .text               mc_w.l(llsshr.o)
    0x080005e0   0x080005e0   0x00000000   Code   RO         4247    .text               mc_w.l(iusefp.o)
    0x080005e0   0x080005e0   0x0000006e   Code   RO         4248    .text               mf_w.l(fepilogue.o)
    0x0800064e   0x0800064e   0x000000ba   Code   RO         4250    .text               mf_w.l(depilogue.o)
    0x08000708   0x08000708   0x00000030   Code   RO         4252    .text               mf_w.l(dfixul.o)
    0x08000738   0x08000738   0x00000030   Code   RO         4254    .text               mf_w.l(cdrcmple.o)
    0x08000768   0x08000768   0x00000024   Code   RO         4256    .text               mc_w.l(init.o)
    0x0800078c   0x0800078c   0x00000056   Code   RO         4266    .text               mc_w.l(__dczerorl2.o)
    0x080007e2   0x080007e2   0x00000002   PAD
    0x080007e4   0x080007e4   0x00000094   Code   RO         3632    i.ADC2_Init         bsp_adc.o
    0x08000878   0x08000878   0x00000016   Code   RO          183    i.ADC_Cmd           stm32f10x_adc.o
    0x0800088e   0x0800088e   0x00000002   PAD
    0x08000890   0x08000890   0x0000005c   Code   RO          185    i.ADC_DeInit        stm32f10x_adc.o
    0x080008ec   0x080008ec   0x00000014   Code   RO          191    i.ADC_GetCalibrationStatus  stm32f10x_adc.o
    0x08000900   0x08000900   0x00000014   Code   RO          197    i.ADC_GetResetCalibrationStatus  stm32f10x_adc.o
    0x08000914   0x08000914   0x00000050   Code   RO          201    i.ADC_Init          stm32f10x_adc.o
    0x08000964   0x08000964   0x0000000a   Code   RO          206    i.ADC_ResetCalibration  stm32f10x_adc.o
    0x0800096e   0x0800096e   0x00000016   Code   RO          208    i.ADC_SoftwareStartConvCmd  stm32f10x_adc.o
    0x08000984   0x08000984   0x0000000a   Code   RO          210    i.ADC_StartCalibration  stm32f10x_adc.o
    0x0800098e   0x0800098e   0x00000002   PAD
    0x08000990   0x08000990   0x00000024   Code   RO          212    i.ADC_TempSensorVrefintCmd  stm32f10x_adc.o
    0x080009b4   0x080009b4   0x0000007c   Code   RO         3633    i.ADC_Temp_Init     bsp_adc.o
    0x08000a30   0x08000a30   0x0000001c   Code   RO         3462    i.BASIC_TIM_Init    bsp_time.o
    0x08000a4c   0x08000a4c   0x00000038   Code   RO         3260    i.BEEP_GPIO_Config  bsp_beep.o
    0x08000a84   0x08000a84   0x00000010   Code   RO          401    i.BKP_DeInit        stm32f10x_bkp.o
    0x08000a94   0x08000a94   0x0000001c   Code   RO          406    i.BKP_ReadBackupRegister  stm32f10x_bkp.o
    0x08000ab0   0x08000ab0   0x0000001c   Code   RO          410    i.BKP_WriteBackupRegister  stm32f10x_bkp.o
    0x08000acc   0x08000acc   0x00000004   Code   RO         3180    i.BusFault_Handler  stm32f10x_it.o
    0x08000ad0   0x08000ad0   0x0000005c   Code   RO         3760    i.DS18B20_Check     bsp_ds18b20.o
    0x08000b2c   0x08000b2c   0x00000080   Code   RO         3761    i.DS18B20_GetTemperture  bsp_ds18b20.o
    0x08000bac   0x08000bac   0x00000020   Code   RO         3762    i.DS18B20_IO_IN     bsp_ds18b20.o
    0x08000bcc   0x08000bcc   0x00000024   Code   RO         3763    i.DS18B20_IO_OUT    bsp_ds18b20.o
    0x08000bf0   0x08000bf0   0x00000034   Code   RO         3764    i.DS18B20_Init      bsp_ds18b20.o
    0x08000c24   0x08000c24   0x0000004c   Code   RO         3765    i.DS18B20_Read_Bit  bsp_ds18b20.o
    0x08000c70   0x08000c70   0x00000022   Code   RO         3766    i.DS18B20_Read_Byte  bsp_ds18b20.o
    0x08000c92   0x08000c92   0x00000002   PAD
    0x08000c94   0x08000c94   0x00000030   Code   RO         3767    i.DS18B20_Reset     bsp_ds18b20.o
    0x08000cc4   0x08000cc4   0x00000018   Code   RO         3768    i.DS18B20_Start     bsp_ds18b20.o
    0x08000cdc   0x08000cdc   0x00000064   Code   RO         3769    i.DS18B20_Write_Byte  bsp_ds18b20.o
    0x08000d40   0x08000d40   0x00000002   Code   RO         3181    i.DebugMon_Handler  stm32f10x_it.o
    0x08000d42   0x08000d42   0x00000002   PAD
    0x08000d44   0x08000d44   0x00000028   Code   RO         3283    i.Delay_us          bsp_systick.o
    0x08000d6c   0x08000d6c   0x00000030   Code   RO         3335    i.EXTI0_IRQHandler  bsp_exti.o
    0x08000d9c   0x08000d9c   0x0000002c   Code   RO         3336    i.EXTI2_IRQHandler  bsp_exti.o
    0x08000dc8   0x08000dc8   0x00000030   Code   RO         3337    i.EXTI3_IRQHandler  bsp_exti.o
    0x08000df8   0x08000df8   0x0000002c   Code   RO         3338    i.EXTI4_IRQHandler  bsp_exti.o
    0x08000e24   0x08000e24   0x0000000c   Code   RO          939    i.EXTI_ClearITPendingBit  stm32f10x_exti.o
    0x08000e30   0x08000e30   0x00000028   Code   RO          943    i.EXTI_GetITStatus  stm32f10x_exti.o
    0x08000e58   0x08000e58   0x00000094   Code   RO          944    i.EXTI_Init         stm32f10x_exti.o
    0x08000eec   0x08000eec   0x00000118   Code   RO         3339    i.EXTI_Key_Config   bsp_exti.o
    0x08001004   0x08001004   0x0000001c   Code   RO         3463    i.Enter_Standby_Mode  bsp_time.o
    0x08001020   0x08001020   0x00000040   Code   RO         1289    i.GPIO_EXTILineConfig  stm32f10x_gpio.o
    0x08001060   0x08001060   0x00000116   Code   RO         1292    i.GPIO_Init         stm32f10x_gpio.o
    0x08001176   0x08001176   0x00000012   Code   RO         1296    i.GPIO_ReadInputDataBit  stm32f10x_gpio.o
    0x08001188   0x08001188   0x00000004   Code   RO         1299    i.GPIO_ResetBits    stm32f10x_gpio.o
    0x0800118c   0x0800118c   0x00000004   Code   RO         1300    i.GPIO_SetBits      stm32f10x_gpio.o
    0x08001190   0x08001190   0x00000004   Code   RO         3182    i.HardFault_Handler  stm32f10x_it.o
    0x08001194   0x08001194   0x0000003a   Code   RO         3695    i.Is_Leap_Year      bsp_rtc.o
    0x080011ce   0x080011ce   0x00000002   PAD
    0x080011d0   0x080011d0   0x0000004c   Code   RO         3243    i.LED_GPIO_Config   bsp_led.o
    0x0800121c   0x0800121c   0x000000a0   Code   RO         3640    i.Lsens_Init        bsp_adc.o
    0x080012bc   0x080012bc   0x00000004   Code   RO         3183    i.MemManage_Handler  stm32f10x_it.o
    0x080012c0   0x080012c0   0x00000002   Code   RO         3184    i.NMI_Handler       stm32f10x_it.o
    0x080012c2   0x080012c2   0x00000026   Code   RO         3376    i.NVIC_Configuration  bsp_usart.o
    0x080012e8   0x080012e8   0x00000070   Code   RO          137    i.NVIC_Init         misc.o
    0x08001358   0x08001358   0x00000014   Code   RO          138    i.NVIC_PriorityGroupConfig  misc.o
    0x0800136c   0x0800136c   0x0000000c   Code   RO         1646    i.PWR_BackupAccessCmd  stm32f10x_pwr.o
    0x08001378   0x08001378   0x00000014   Code   RO         1647    i.PWR_ClearFlag     stm32f10x_pwr.o
    0x0800138c   0x0800138c   0x00000034   Code   RO         1649    i.PWR_EnterSTANDBYMode  stm32f10x_pwr.o
    0x080013c0   0x080013c0   0x0000000c   Code   RO         1654    i.PWR_WakeUpPinCmd  stm32f10x_pwr.o
    0x080013cc   0x080013cc   0x00000002   Code   RO         3185    i.PendSV_Handler    stm32f10x_it.o
    0x080013ce   0x080013ce   0x00000002   PAD
    0x080013d0   0x080013d0   0x00000018   Code   RO         1706    i.RCC_ADCCLKConfig  stm32f10x_rcc.o
    0x080013e8   0x080013e8   0x00000020   Code   RO         1708    i.RCC_APB1PeriphClockCmd  stm32f10x_rcc.o
    0x08001408   0x08001408   0x00000020   Code   RO         1710    i.RCC_APB2PeriphClockCmd  stm32f10x_rcc.o
    0x08001428   0x08001428   0x00000020   Code   RO         1711    i.RCC_APB2PeriphResetCmd  stm32f10x_rcc.o
    0x08001448   0x08001448   0x0000000c   Code   RO         1713    i.RCC_BackupResetCmd  stm32f10x_rcc.o
    0x08001454   0x08001454   0x000000d4   Code   RO         1718    i.RCC_GetClocksFreq  stm32f10x_rcc.o
    0x08001528   0x08001528   0x0000003c   Code   RO         1719    i.RCC_GetFlagStatus  stm32f10x_rcc.o
    0x08001564   0x08001564   0x00000034   Code   RO         1726    i.RCC_LSEConfig     stm32f10x_rcc.o
    0x08001598   0x08001598   0x0000000c   Code   RO         1733    i.RCC_RTCCLKCmd     stm32f10x_rcc.o
    0x080015a4   0x080015a4   0x00000010   Code   RO         1734    i.RCC_RTCCLKConfig  stm32f10x_rcc.o
    0x080015b4   0x080015b4   0x000000c8   Code   RO         3696    i.RTC_Alarm_Set     bsp_rtc.o
    0x0800167c   0x0800167c   0x00000010   Code   RO         1907    i.RTC_ClearITPendingBit  stm32f10x_rtc.o
    0x0800168c   0x0800168c   0x00000014   Code   RO         1908    i.RTC_EnterConfigMode  stm32f10x_rtc.o
    0x080016a0   0x080016a0   0x00000014   Code   RO         1909    i.RTC_ExitConfigMode  stm32f10x_rtc.o
    0x080016b4   0x080016b4   0x00000100   Code   RO         3697    i.RTC_Get           bsp_rtc.o
    0x080017b4   0x080017b4   0x00000014   Code   RO         1910    i.RTC_GetCounter    stm32f10x_rtc.o
    0x080017c8   0x080017c8   0x00000024   Code   RO         1913    i.RTC_GetITStatus   stm32f10x_rtc.o
    0x080017ec   0x080017ec   0x00000078   Code   RO         3698    i.RTC_Get_Week      bsp_rtc.o
    0x08001864   0x08001864   0x0000002c   Code   RO         3699    i.RTC_IRQHandler    bsp_rtc.o
    0x08001890   0x08001890   0x00000020   Code   RO         1914    i.RTC_ITConfig      stm32f10x_rtc.o
    0x080018b0   0x080018b0   0x000000ca   Code   RO         3700    i.RTC_Init          bsp_rtc.o
    0x0800197a   0x0800197a   0x00000020   Code   RO         3701    i.RTC_NVIC_Config   bsp_rtc.o
    0x0800199a   0x0800199a   0x00000002   PAD
    0x0800199c   0x0800199c   0x000000c8   Code   RO         3702    i.RTC_Set           bsp_rtc.o
    0x08001a64   0x08001a64   0x0000001c   Code   RO         1915    i.RTC_SetAlarm      stm32f10x_rtc.o
    0x08001a80   0x08001a80   0x0000001c   Code   RO         1916    i.RTC_SetCounter    stm32f10x_rtc.o
    0x08001a9c   0x08001a9c   0x00000020   Code   RO         1917    i.RTC_SetPrescaler  stm32f10x_rtc.o
    0x08001abc   0x08001abc   0x00000014   Code   RO         1918    i.RTC_WaitForLastTask  stm32f10x_rtc.o
    0x08001ad0   0x08001ad0   0x00000024   Code   RO         1919    i.RTC_WaitForSynchro  stm32f10x_rtc.o
    0x08001af4   0x08001af4   0x00000002   Code   RO         3186    i.SVC_Handler       stm32f10x_it.o
    0x08001af6   0x08001af6   0x00000008   Code   RO           24    i.SetSysClock       system_stm32f10x.o
    0x08001afe   0x08001afe   0x00000002   PAD
    0x08001b00   0x08001b00   0x000000e0   Code   RO           25    i.SetSysClockTo72   system_stm32f10x.o
    0x08001be0   0x08001be0   0x00000054   Code   RO         3284    i.SysTick_Config    bsp_systick.o
    0x08001c34   0x08001c34   0x00000048   Code   RO         3286    i.SysTick_Delay_Us  bsp_systick.o
    0x08001c7c   0x08001c7c   0x00000008   Code   RO         3187    i.SysTick_Handler   stm32f10x_it.o
    0x08001c84   0x08001c84   0x00000024   Code   RO         3287    i.SysTick_Init      bsp_systick.o
    0x08001ca8   0x08001ca8   0x00000060   Code   RO           27    i.SystemInit        system_stm32f10x.o
    0x08001d08   0x08001d08   0x00000080   Code   RO         2326    i.TI1_Config        stm32f10x_tim.o
    0x08001d88   0x08001d88   0x00000098   Code   RO         2327    i.TI2_Config        stm32f10x_tim.o
    0x08001e20   0x08001e20   0x00000090   Code   RO         2328    i.TI3_Config        stm32f10x_tim.o
    0x08001eb0   0x08001eb0   0x00000098   Code   RO         2329    i.TI4_Config        stm32f10x_tim.o
    0x08001f48   0x08001f48   0x0000011c   Code   RO         3464    i.TIM5_IRQHandler   bsp_time.o
    0x08002064   0x08002064   0x000000bc   Code   RO         3465    i.TIM5_Input_Capture  bsp_time.o
    0x08002120   0x08002120   0x0000003c   Code   RO         3466    i.TIM6_IRQHandler   bsp_time.o
    0x0800215c   0x0800215c   0x00000058   Code   RO         3467    i.TIM6_Init         bsp_time.o
    0x080021b4   0x080021b4   0x0000011c   Code   RO         3468    i.TIM7_IRQHandler   bsp_time.o
    0x080022d0   0x080022d0   0x00000058   Code   RO         3469    i.TIM7_Init         bsp_time.o
    0x08002328   0x08002328   0x00000006   Code   RO         2336    i.TIM_ClearFlag     stm32f10x_tim.o
    0x0800232e   0x0800232e   0x00000006   Code   RO         2337    i.TIM_ClearITPendingBit  stm32f10x_tim.o
    0x08002334   0x08002334   0x00000018   Code   RO         2342    i.TIM_Cmd           stm32f10x_tim.o
    0x0800234c   0x0800234c   0x00000006   Code   RO         2357    i.TIM_GetCapture1   stm32f10x_tim.o
    0x08002352   0x08002352   0x00000022   Code   RO         2363    i.TIM_GetITStatus   stm32f10x_tim.o
    0x08002374   0x08002374   0x000000ac   Code   RO         2365    i.TIM_ICInit        stm32f10x_tim.o
    0x08002420   0x08002420   0x00000012   Code   RO         2367    i.TIM_ITConfig      stm32f10x_tim.o
    0x08002432   0x08002432   0x00000012   Code   RO         2373    i.TIM_OC1PolarityConfig  stm32f10x_tim.o
    0x08002444   0x08002444   0x00000004   Code   RO         2407    i.TIM_SetCounter    stm32f10x_tim.o
    0x08002448   0x08002448   0x00000012   Code   RO         2408    i.TIM_SetIC1Prescaler  stm32f10x_tim.o
    0x0800245a   0x0800245a   0x0000001a   Code   RO         2409    i.TIM_SetIC2Prescaler  stm32f10x_tim.o
    0x08002474   0x08002474   0x00000012   Code   RO         2410    i.TIM_SetIC3Prescaler  stm32f10x_tim.o
    0x08002486   0x08002486   0x0000001a   Code   RO         2411    i.TIM_SetIC4Prescaler  stm32f10x_tim.o
    0x080024a0   0x080024a0   0x000000a4   Code   RO         2413    i.TIM_TimeBaseInit  stm32f10x_tim.o
    0x08002544   0x08002544   0x00000018   Code   RO         3288    i.TimingDelay_Decrement  bsp_systick.o
    0x0800255c   0x0800255c   0x00000024   Code   RO         3377    i.USART1_IRQHandler  bsp_usart.o
    0x08002580   0x08002580   0x00000018   Code   RO         2878    i.USART_Cmd         stm32f10x_usart.o
    0x08002598   0x08002598   0x00000090   Code   RO         3378    i.USART_Config      bsp_usart.o
    0x08002628   0x08002628   0x0000001a   Code   RO         2881    i.USART_GetFlagStatus  stm32f10x_usart.o
    0x08002642   0x08002642   0x00000054   Code   RO         2882    i.USART_GetITStatus  stm32f10x_usart.o
    0x08002696   0x08002696   0x0000004a   Code   RO         2884    i.USART_ITConfig    stm32f10x_usart.o
    0x080026e0   0x080026e0   0x000000d8   Code   RO         2885    i.USART_Init        stm32f10x_usart.o
    0x080027b8   0x080027b8   0x0000000a   Code   RO         2892    i.USART_ReceiveData  stm32f10x_usart.o
    0x080027c2   0x080027c2   0x00000008   Code   RO         2895    i.USART_SendData    stm32f10x_usart.o
    0x080027ca   0x080027ca   0x00000004   Code   RO         3188    i.UsageFault_Handler  stm32f10x_it.o
    0x080027ce   0x080027ce   0x00000002   PAD
    0x080027d0   0x080027d0   0x0000000c   Code   RO         3054    i.WWDG_ClearFlag    stm32f10x_wwdg.o
    0x080027dc   0x080027dc   0x0000000e   Code   RO         3439    i.WWDG_IRQHandler   bsp_wwdg.o
    0x080027ea   0x080027ea   0x00000002   PAD
    0x080027ec   0x080027ec   0x00000010   Code   RO         3059    i.WWDG_SetCounter   stm32f10x_wwdg.o
    0x080027fc   0x080027fc   0x00000020   Code   RO         4178    i.__0printf         mc_w.l(printfa.o)
    0x0800281c   0x0800281c   0x0000000e   Code   RO         4260    i.__scatterload_copy  mc_w.l(handlers.o)
    0x0800282a   0x0800282a   0x00000002   Code   RO         4261    i.__scatterload_null  mc_w.l(handlers.o)
    0x0800282c   0x0800282c   0x0000000e   Code   RO         4262    i.__scatterload_zeroinit  mc_w.l(handlers.o)
    0x0800283a   0x0800283a   0x00000002   PAD
    0x0800283c   0x0800283c   0x00000184   Code   RO         4185    i._fp_digits        mc_w.l(printfa.o)
    0x080029c0   0x080029c0   0x000006dc   Code   RO         4186    i._printf_core      mc_w.l(printfa.o)
    0x0800309c   0x0800309c   0x00000024   Code   RO         4187    i._printf_post_padding  mc_w.l(printfa.o)
    0x080030c0   0x080030c0   0x0000002e   Code   RO         4188    i._printf_pre_padding  mc_w.l(printfa.o)
    0x080030ee   0x080030ee   0x00000002   PAD
    0x080030f0   0x080030f0   0x00000024   Code   RO         3384    i.fputc             bsp_usart.o
    0x08003114   0x08003114   0x000000d0   Code   RO         3108    i.main              main.o
    0x080031e4   0x080031e4   0x0000006c   Code   RO         3873    i.my_mem_free       malloc.o
    0x08003250   0x08003250   0x00000044   Code   RO         3874    i.my_mem_init       malloc.o
    0x08003294   0x08003294   0x000000a8   Code   RO         3875    i.my_mem_malloc     malloc.o
    0x0800333c   0x0800333c   0x00000040   Code   RO         3876    i.my_mem_perused    malloc.o
    0x0800337c   0x0800337c   0x00000014   Code   RO         3877    i.my_mem_set        malloc.o
    0x08003390   0x08003390   0x00000024   Code   RO         3878    i.myfree            malloc.o
    0x080033b4   0x080033b4   0x00000028   Code   RO         3879    i.mymalloc          malloc.o
    0x080033dc   0x080033dc   0x00000018   Data   RO         3704    .constdata          bsp_rtc.o
    0x080033f4   0x080033f4   0x00000018   Data   RO         3884    .constdata          malloc.o
    0x0800340c   0x0800340c   0x000000e1   Data   RO         3855    .conststring        log.o
    0x080034ed   0x080034ed   0x00000003   PAD
    0x080034f0   0x080034f0   0x00000020   Data   RO         4258    Region$$Table       anon$$obj.o


    Execution Region RW_IRAM1 (Exec base: 0x20000000, Load base: 0x08003510, Size: 0x0000b360, Max: 0x00010000, ABSOLUTE, COMPRESSED[0x00000058])

    Exec Addr    Load Addr    Size         Type   Attr      Idx    E Section Name        Object

    0x20000000   COMPRESSED   0x00000014   Data   RW           28    .data               system_stm32f10x.o
    0x20000014   COMPRESSED   0x00000014   Data   RW         1738    .data               stm32f10x_rcc.o
    0x20000028   COMPRESSED   0x00000004   Data   RW         3290    .data               bsp_systick.o
    0x2000002c   COMPRESSED   0x00000015   Data   RW         3470    .data               bsp_time.o
    0x20000041   COMPRESSED   0x00000001   PAD
    0x20000042   COMPRESSED   0x00000002   Data   RW         3705    .data               bsp_rtc.o
    0x20000044   COMPRESSED   0x000004ec   Data   RW         3856    .data               log.o
    0x20000530   COMPRESSED   0x0000001c   Data   RW         3885    .data               malloc.o
    0x2000054c   COMPRESSED   0x00000004   Data   RW         4236    .data               mc_w.l(stdout.o)
    0x20000550        -       0x0000000a   Zero   RW         3703    .bss                bsp_rtc.o
    0x2000055a   COMPRESSED   0x00000006   PAD
    0x20000560        -       0x0000aa00   Zero   RW         3883    .bss                malloc.o
    0x2000af60        -       0x00000400   Zero   RW            1    STACK               startup_stm32f10x_hd.o



  Load Region LR$$.ARM.__AT_0x68000000 (Base: 0x68000000, Size: 0x00000000, Max: 0x000f0000, ABSOLUTE)

    Execution Region ER$$.ARM.__AT_0x68000000 (Exec base: 0x68000000, Load base: 0x68000000, Size: 0x000f0000, Max: 0x000f0000, ABSOLUTE, UNINIT)

    Exec Addr    Load Addr    Size         Type   Attr      Idx    E Section Name        Object

    0x68000000        -       0x000f0000   Zero   RW         3881    .ARM.__AT_0x68000000  malloc.o



  Load Region LR$$.ARM.__AT_0x680F0000 (Base: 0x680f0000, Size: 0x00000000, Max: 0x0000f000, ABSOLUTE)

    Execution Region ER$$.ARM.__AT_0x680F0000 (Exec base: 0x680f0000, Load base: 0x680f0000, Size: 0x0000f000, Max: 0x0000f000, ABSOLUTE, UNINIT)

    Exec Addr    Load Addr    Size         Type   Attr      Idx    E Section Name        Object

    0x680f0000        -       0x0000f000   Zero   RW         3882    .ARM.__AT_0x680F0000  malloc.o


==============================================================================

Image component sizes


      Code (inc. data)   RO Data    RW Data    ZI Data      Debug   Object Name

       432         24          0          0          0       1857   bsp_adc.o
        56          6          0          0          0        567   bsp_beep.o
       622         44          0          0          0       5720   bsp_ds18b20.o
       464         34          0          0          0       2774   bsp_exti.o
        76          8          0          0          0        574   bsp_led.o
      1112         52         24          2         10       7114   bsp_rtc.o
       256         36          0          4          0      18612   bsp_systick.o
      1048        208          0         21          0     239784   bsp_time.o
       254         16          0          0          0       4007   bsp_usart.o
        14          0          0          0          0        482   bsp_wwdg.o
         0          0          0          0          0       4548   core_cm3.o
         0          0        225       1260          0        725   log.o
       208         64          0          0          0        523   main.o
       504         60         24         28    1088000       6366   malloc.o
       132         22          0          0          0       1627   misc.o
        36          8        304          0       1024        860   startup_stm32f10x_hd.o
       312         30          0          0          0       7125   stm32f10x_adc.o
        72         10          0          0          0       2768   stm32f10x_bkp.o
       200         18          0          0          0       2192   stm32f10x_exti.o
       368          4          0          0          0       4338   stm32f10x_gpio.o
        32          0          0          0          0       3802   stm32f10x_it.o
        96         28          0          0          0       1964   stm32f10x_pwr.o
       484         70          0         20          0       8278   stm32f10x_rcc.o
       288         52          0          0          0       5603   stm32f10x_rtc.o
      1116        150          0          0          0      11658   stm32f10x_tim.o
       442          6          0          0          0       6209   stm32f10x_usart.o
        28         10          0          0          0        955   stm32f10x_wwdg.o
       328         28          0         20          0     261929   system_stm32f10x.o

    ----------------------------------------------------------------------
      9000        988        612       1356    1089040     612961   Object Totals
         0          0         32          0          0          0   (incl. Generated)
        20          0          3          1          6          0   (incl. Padding)

    ----------------------------------------------------------------------

      Code (inc. data)   RO Data    RW Data    ZI Data      Debug   Library Member Name

        86          0          0          0          0          0   __dczerorl2.o
         0          0          0          0          0          0   entry.o
         0          0          0          0          0          0   entry10a.o
         0          0          0          0          0          0   entry11a.o
         8          4          0          0          0          0   entry2.o
         4          0          0          0          0          0   entry5.o
         0          0          0          0          0          0   entry7b.o
         0          0          0          0          0          0   entry8b.o
         8          4          0          0          0          0   entry9a.o
        30          0          0          0          0          0   handlers.o
        36          8          0          0          0         68   init.o
         0          0          0          0          0          0   iusefp.o
        30          0          0          0          0         68   llshl.o
        36          0          0          0          0         68   llsshr.o
        32          0          0          0          0         68   llushr.o
      2258         90          0          0          0        452   printfa.o
         0          0          0          4          0          0   stdout.o
        44          0          0          0          0         80   uidiv.o
        98          0          0          0          0         92   uldiv.o
        48          0          0          0          0         68   cdrcmple.o
        56          0          0          0          0         88   d2f.o
       334          0          0          0          0        148   dadd.o
       222          0          0          0          0        100   ddiv.o
       186          0          0          0          0        176   depilogue.o
        48          0          0          0          0         68   dfixul.o
        26          0          0          0          0         76   dfltui.o
       228          0          0          0          0         96   dmul.o
        38          0          0          0          0         68   f2d.o
       110          0          0          0          0        168   fepilogue.o

    ----------------------------------------------------------------------
      3972        106          0          4          0       1952   Library Totals
         6          0          0          0          0          0   (incl. Padding)

    ----------------------------------------------------------------------

      Code (inc. data)   RO Data    RW Data    ZI Data      Debug   Library Name

      2670        106          0          4          0        896   mc_w.l
      1296          0          0          0          0       1056   mf_w.l

    ----------------------------------------------------------------------
      3972        106          0          4          0       1952   Library Totals

    ----------------------------------------------------------------------

==============================================================================


      Code (inc. data)   RO Data    RW Data    ZI Data      Debug   

     12972       1094        612       1360    1089040     607189   Grand Totals
     12972       1094        612         88    1089040     607189   ELF Image Totals (compressed)
     12972       1094        612         88          0          0   ROM Totals

==============================================================================

    Total RO  Size (Code + RO Data)                13584 (  13.27kB)
    Total RW  Size (RW Data + ZI Data)           1090400 (1064.84kB)
    Total ROM Size (Code + RO Data + RW Data)      13672 (  13.35kB)

==============================================================================

