Component: ARM Compiler 5.06 update 6 (build 750) Tool: armlink [4d35ed]

==============================================================================

Section Cross References

    startup_stm32f10x_hd.o(RESET) refers to startup_stm32f10x_hd.o(STACK) for __initial_sp
    startup_stm32f10x_hd.o(RESET) refers to startup_stm32f10x_hd.o(.text) for Reset_Handler
    startup_stm32f10x_hd.o(RESET) refers to stm32f10x_it.o(i.NMI_Handler) for NMI_Handler
    startup_stm32f10x_hd.o(RESET) refers to stm32f10x_it.o(i.HardFault_Handler) for HardFault_Handler
    startup_stm32f10x_hd.o(RESET) refers to stm32f10x_it.o(i.MemManage_Handler) for MemManage_Handler
    startup_stm32f10x_hd.o(RESET) refers to stm32f10x_it.o(i.BusFault_Handler) for BusFault_Handler
    startup_stm32f10x_hd.o(RESET) refers to stm32f10x_it.o(i.UsageFault_Handler) for UsageFault_Handler
    startup_stm32f10x_hd.o(RESET) refers to stm32f10x_it.o(i.SVC_Handler) for SVC_Handler
    startup_stm32f10x_hd.o(RESET) refers to stm32f10x_it.o(i.DebugMon_Handler) for DebugMon_Handler
    startup_stm32f10x_hd.o(RESET) refers to stm32f10x_it.o(i.PendSV_Handler) for PendSV_Handler
    startup_stm32f10x_hd.o(RESET) refers to stm32f10x_it.o(i.SysTick_Handler) for SysTick_Handler
    startup_stm32f10x_hd.o(RESET) refers to bsp_wwdg.o(i.WWDG_IRQHandler) for WWDG_IRQHandler
    startup_stm32f10x_hd.o(RESET) refers to bsp_rtc.o(i.RTC_IRQHandler) for RTC_IRQHandler
    startup_stm32f10x_hd.o(RESET) refers to bsp_exti.o(i.EXTI0_IRQHandler) for EXTI0_IRQHandler
    startup_stm32f10x_hd.o(RESET) refers to bsp_exti.o(i.EXTI2_IRQHandler) for EXTI2_IRQHandler
    startup_stm32f10x_hd.o(RESET) refers to bsp_exti.o(i.EXTI3_IRQHandler) for EXTI3_IRQHandler
    startup_stm32f10x_hd.o(RESET) refers to bsp_exti.o(i.EXTI4_IRQHandler) for EXTI4_IRQHandler
    startup_stm32f10x_hd.o(RESET) refers to bsp_usart.o(i.USART1_IRQHandler) for USART1_IRQHandler
    startup_stm32f10x_hd.o(RESET) refers to bsp_sd.o(i.SDIO_IRQHandler) for SDIO_IRQHandler
    startup_stm32f10x_hd.o(RESET) refers to bsp_time.o(i.TIM5_IRQHandler) for TIM5_IRQHandler
    startup_stm32f10x_hd.o(RESET) refers to bsp_time.o(i.TIM6_IRQHandler) for TIM6_IRQHandler
    startup_stm32f10x_hd.o(RESET) refers to bsp_time.o(i.TIM7_IRQHandler) for TIM7_IRQHandler
    startup_stm32f10x_hd.o(.text) refers to system_stm32f10x.o(i.SystemInit) for SystemInit
    startup_stm32f10x_hd.o(.text) refers to entry.o(.ARM.Collect$$$$00000000) for __main
    system_stm32f10x.o(i.SetSysClock) refers to system_stm32f10x.o(i.SetSysClockTo72) for SetSysClockTo72
    system_stm32f10x.o(i.SystemCoreClockUpdate) refers to system_stm32f10x.o(.data) for SystemCoreClock
    system_stm32f10x.o(i.SystemInit) refers to system_stm32f10x.o(i.SetSysClock) for SetSysClock
    stm32f10x_adc.o(i.ADC_DeInit) refers to stm32f10x_rcc.o(i.RCC_APB2PeriphResetCmd) for RCC_APB2PeriphResetCmd
    stm32f10x_bkp.o(i.BKP_DeInit) refers to stm32f10x_rcc.o(i.RCC_BackupResetCmd) for RCC_BackupResetCmd
    stm32f10x_can.o(i.CAN_DeInit) refers to stm32f10x_rcc.o(i.RCC_APB1PeriphResetCmd) for RCC_APB1PeriphResetCmd
    stm32f10x_can.o(i.CAN_GetITStatus) refers to stm32f10x_can.o(i.CheckITStatus) for CheckITStatus
    stm32f10x_cec.o(i.CEC_DeInit) refers to stm32f10x_rcc.o(i.RCC_APB1PeriphResetCmd) for RCC_APB1PeriphResetCmd
    stm32f10x_dac.o(i.DAC_DeInit) refers to stm32f10x_rcc.o(i.RCC_APB1PeriphResetCmd) for RCC_APB1PeriphResetCmd
    stm32f10x_flash.o(i.FLASH_EnableWriteProtection) refers to stm32f10x_flash.o(i.FLASH_WaitForLastOperation) for FLASH_WaitForLastOperation
    stm32f10x_flash.o(i.FLASH_EraseAllBank1Pages) refers to stm32f10x_flash.o(i.FLASH_WaitForLastBank1Operation) for FLASH_WaitForLastBank1Operation
    stm32f10x_flash.o(i.FLASH_EraseAllPages) refers to stm32f10x_flash.o(i.FLASH_WaitForLastOperation) for FLASH_WaitForLastOperation
    stm32f10x_flash.o(i.FLASH_EraseOptionBytes) refers to stm32f10x_flash.o(i.FLASH_GetReadOutProtectionStatus) for FLASH_GetReadOutProtectionStatus
    stm32f10x_flash.o(i.FLASH_EraseOptionBytes) refers to stm32f10x_flash.o(i.FLASH_WaitForLastOperation) for FLASH_WaitForLastOperation
    stm32f10x_flash.o(i.FLASH_ErasePage) refers to stm32f10x_flash.o(i.FLASH_WaitForLastOperation) for FLASH_WaitForLastOperation
    stm32f10x_flash.o(i.FLASH_ProgramHalfWord) refers to stm32f10x_flash.o(i.FLASH_WaitForLastOperation) for FLASH_WaitForLastOperation
    stm32f10x_flash.o(i.FLASH_ProgramOptionByteData) refers to stm32f10x_flash.o(i.FLASH_WaitForLastOperation) for FLASH_WaitForLastOperation
    stm32f10x_flash.o(i.FLASH_ProgramWord) refers to stm32f10x_flash.o(i.FLASH_WaitForLastOperation) for FLASH_WaitForLastOperation
    stm32f10x_flash.o(i.FLASH_ReadOutProtection) refers to stm32f10x_flash.o(i.FLASH_WaitForLastOperation) for FLASH_WaitForLastOperation
    stm32f10x_flash.o(i.FLASH_UserOptionByteConfig) refers to stm32f10x_flash.o(i.FLASH_WaitForLastOperation) for FLASH_WaitForLastOperation
[...]
    i.TIM_Cmd                                0x08004578   Section        0  stm32f10x_tim.o(i.TIM_Cmd)
    i.TIM_GetCapture1                        0x08004590   Section        0  stm32f10x_tim.o(i.TIM_GetCapture1)
    i.TIM_GetITStatus                        0x08004596   Section        0  stm32f10x_tim.o(i.TIM_GetITStatus)
    i.TIM_ICInit                             0x080045b8   Section        0  stm32f10x_tim.o(i.TIM_ICInit)
    i.TIM_ITConfig                           0x08004664   Section        0  stm32f10x_tim.o(i.TIM_ITConfig)
    i.TIM_OC1PolarityConfig                  0x08004676   Section        0  stm32f10x_tim.o(i.TIM_OC1PolarityConfig)
    i.TIM_SetCounter                         0x08004688   Section        0  stm32f10x_tim.o(i.TIM_SetCounter)
    i.TIM_SetIC1Prescaler                    0x0800468c   Section        0  stm32f10x_tim.o(i.TIM_SetIC1Prescaler)
    i.TIM_SetIC2Prescaler                    0x0800469e   Section        0  stm32f10x_tim.o(i.TIM_SetIC2Prescaler)
    i.TIM_SetIC3Prescaler                    0x080046b8   Section        0  stm32f10x_tim.o(i.TIM_SetIC3Prescaler)
    i.TIM_SetIC4Prescaler                    0x080046ca   Section        0  stm32f10x_tim.o(i.TIM_SetIC4Prescaler)
    i.TIM_TimeBaseInit                       0x080046e4   Section        0  stm32f10x_tim.o(i.TIM_TimeBaseInit)
    i.TimingDelay_Decrement                  0x08004788   Section        0  bsp_systick.o(i.TimingDelay_Decrement)
    i.USART1_IRQHandler                      0x080047a0   Section        0  bsp_usart.o(i.USART1_IRQHandler)
    i.USART_Cmd                              0x080047c4   Section        0  stm32f10x_usart.o(i.USART_Cmd)
    i.USART_Config                           0x080047dc   Section        0  bsp_usart.o(i.USART_Config)
    i.USART_GetFlagStatus                    0x0800486c   Section        0  stm32f10x_usart.o(i.USART_GetFlagStatus)
    i.USART_GetITStatus                      0x08004886   Section        0  stm32f10x_usart.o(i.USART_GetITStatus)
    i.USART_ITConfig                         0x080048da   Section        0  stm32f10x_usart.o(i.USART_ITConfig)
    i.USART_Init                             0x08004924   Section        0  stm32f10x_usart.o(i.USART_Init)
    i.USART_ReceiveData                      0x080049fc   Section        0  stm32f10x_usart.o(i.USART_ReceiveData)
    i.USART_SendData                         0x08004a06   Section        0  stm32f10x_usart.o(i.USART_SendData)
    i.UsageFault_Handler                     0x08004a0e   Section        0  stm32f10x_it.o(i.UsageFault_Handler)
    i.WWDG_ClearFlag                         0x08004a14   Section        0  stm32f10x_wwdg.o(i.WWDG_ClearFlag)
    i.WWDG_IRQHandler                        0x08004a20   Section        0  bsp_wwdg.o(i.WWDG_IRQHandler)
    i.WWDG_SetCounter                        0x08004a30   Section        0  stm32f10x_wwdg.o(i.WWDG_SetCounter)
    i.__0printf$5                            0x08004a40   Section        0  printf5.o(i.__0printf$5)
    i.__scatterload_copy                     0x08004a60   Section       14  handlers.o(i.__scatterload_copy)
    i.__scatterload_null                     0x08004a6e   Section        2  handlers.o(i.__scatterload_null)
    i.__scatterload_zeroinit                 0x08004a70   Section       14  handlers.o(i.__scatterload_zeroinit)
    i._printf_core                           0x08004a80   Section        0  printf5.o(i._printf_core)
    _printf_core                             0x08004a81   Thumb Code   658  printf5.o(i._printf_core)
    i.change_bitmap                          0x08004d40   Section        0  ff.o(i.change_bitmap)
    change_bitmap                            0x08004d41   Thumb Code   136  ff.o(i.change_bitmap)
    i.check_fs                               0x08004dc8   Section        0  ff.o(i.check_fs)
    check_fs                                 0x08004dc9   Thumb Code   114  ff.o(i.check_fs)
    i.chk_chr                                0x08004e4c   Section        0  ff.o(i.chk_chr)
    chk_chr                                  0x08004e4d   Thumb Code    20  ff.o(i.chk_chr)
    i.clust2sect                             0x08004e60   Section        0  ff.o(i.clust2sect)
    clust2sect                               0x08004e61   Thumb Code    26  ff.o(i.clust2sect)
    i.convert_from_bytes_to_power_of_two     0x08004e7a   Section        0  bsp_sd.o(i.convert_from_bytes_to_power_of_two)
    i.create_chain                           0x08004e8c   Section        0  ff.o(i.create_chain)
    create_chain                             0x08004e8d   Thumb Code   350  ff.o(i.create_chain)
    i.dir_alloc                              0x08004fea   Section        0  ff.o(i.dir_alloc)
    dir_alloc                                0x08004feb   Thumb Code   124  ff.o(i.dir_alloc)
    i.dir_next                               0x08005066   Section        0  ff.o(i.dir_next)
    dir_next                                 0x08005067   Thumb Code   288  ff.o(i.dir_next)
    i.dir_read                               0x08005186   Section        0  ff.o(i.dir_read)
    dir_read                                 0x08005187   Thumb Code   260  ff.o(i.dir_read)
    i.dir_sdi                                0x0800528a   Section        0  ff.o(i.dir_sdi)
    dir_sdi                                  0x0800528b   Thumb Code   170  ff.o(i.dir_sdi)
    i.disk_initialize                        0x08005334   Section        0  diskio.o(i.disk_initialize)
    i.disk_ioctl                             0x0800536c   Section        0  diskio.o(i.disk_ioctl)
    i.disk_read                              0x08005420   Section        0  diskio.o(i.disk_read)
    i.disk_status                            0x0800549a   Section        0  diskio.o(i.disk_status)
    i.disk_write                             0x080054a0   Section        0  diskio.o(i.disk_write)
    i.f_getfree                              0x0800551a   Section        0  ff.o(i.f_getfree)
    i.f_mkfs                                 0x08005680   Section        0  ff.o(i.f_mkfs)
    i.f_mount                                0x08005bf0   Section        0  ff.o(i.f_mount)
    i.f_setlabel                             0x08005c4c   Section        0  ff.o(i.f_setlabel)
    i.fatfs_getfree                          0x08005eb4   Section        0  fatfs_app.o(i.fatfs_getfree)
    i.ff_convert                             0x08005f00   Section        0  cc936.o(i.ff_convert)
    i.ff_wtoupper                            0x08005f7c   Section        0  cc936.o(i.ff_wtoupper)
    i.find_bitmap                            0x08006020   Section        0  ff.o(i.find_bitmap)
    find_bitmap                              0x08006021   Thumb Code   164  ff.o(i.find_bitmap)
    i.find_volume                            0x080060c4   Section        0  ff.o(i.find_volume)
    find_volume                              0x080060c5   Thumb Code  1106  ff.o(i.find_volume)
    i.fputc                                  0x0800651c   Section        0  bsp_usart.o(i.fputc)
    i.get_fat                                0x08006540   Section        0  ff.o(i.get_fat)
    get_fat                                  0x08006541   Thumb Code   378  ff.o(i.get_fat)
    i.get_fattime                            0x080066ba   Section        0  diskio.o(i.get_fattime)
    i.get_ldnumber                           0x080066be   Section        0  ff.o(i.get_ldnumber)
    get_ldnumber                             0x080066bf   Thumb Code    74  ff.o(i.get_ldnumber)
    i.ld_dword                               0x08006708   Section        0  ff.o(i.ld_dword)
    ld_dword                                 0x08006709   Thumb Code    24  ff.o(i.ld_dword)
    i.ld_qword                               0x08006720   Section        0  ff.o(i.ld_qword)
    ld_qword                                 0x08006721   Thumb Code    98  ff.o(i.ld_qword)
    i.ld_word                                0x08006782   Section        0  ff.o(i.ld_word)
    ld_word                                  0x08006783   Thumb Code    12  ff.o(i.ld_word)
    i.load_xdir                              0x0800678e   Section        0  ff.o(i.load_xdir)
    load_xdir                                0x0800678f   Thumb Code   220  ff.o(i.load_xdir)
    i.main                                   0x0800686c   Section        0  main.o(i.main)
    i.mem_cmp                                0x080069c8   Section        0  ff.o(i.mem_cmp)
    mem_cmp                                  0x080069c9   Thumb Code    36  ff.o(i.mem_cmp)
    i.mem_cpy                                0x080069ec   Section        0  ff.o(i.mem_cpy)
    mem_cpy                                  0x080069ed   Thumb Code    26  ff.o(i.mem_cpy)
    i.mem_set                                0x08006a06   Section        0  ff.o(i.mem_set)
    mem_set                                  0x08006a07   Thumb Code    18  ff.o(i.mem_set)
    i.move_window                            0x08006a18   Section        0  ff.o(i.move_window)
    move_window                              0x08006a19   Thumb Code    52  ff.o(i.move_window)
    i.my_mem_init                            0x08006a4c   Section        0  malloc.o(i.my_mem_init)
    i.my_mem_malloc                          0x08006a90   Section        0  malloc.o(i.my_mem_malloc)
    i.my_mem_perused                         0x08006b38   Section        0  malloc.o(i.my_mem_perused)
    i.my_mem_set                             0x08006b78   Section        0  malloc.o(i.my_mem_set)
    i.mymalloc                               0x08006b8c   Section        0  malloc.o(i.mymalloc)
    i.pick_lfn                               0x08006bb4   Section        0  ff.o(i.pick_lfn)
    pick_lfn                                 0x08006bb5   Thumb Code   130  ff.o(i.pick_lfn)
    i.put_fat                                0x08006c3c   Section        0  ff.o(i.put_fat)
    put_fat                                  0x08006c3d   Thumb Code   324  ff.o(i.put_fat)
    i.st_dword                               0x08006d80   Section        0  ff.o(i.st_dword)
    st_dword                                 0x08006d81   Thumb Code    24  ff.o(i.st_dword)
    i.st_word                                0x08006d98   Section        0  ff.o(i.st_word)
    st_word                                  0x08006d99   Thumb Code    12  ff.o(i.st_word)
    i.sum_sfn                                0x08006da4   Section        0  ff.o(i.sum_sfn)
    sum_sfn                                  0x08006da5   Thumb Code    32  ff.o(i.sum_sfn)
    i.sync_fs                                0x08006dc4   Section        0  ff.o(i.sync_fs)
    sync_fs                                  0x08006dc5   Thumb Code   134  ff.o(i.sync_fs)
    i.sync_window                            0x08006e54   Section        0  ff.o(i.sync_window)
    sync_window                              0x08006e55   Thumb Code    82  ff.o(i.sync_window)
    i.xdir_sum                               0x08006ea6   Section        0  ff.o(i.xdir_sum)
    xdir_sum                                 0x08006ea7   Thumb Code    58  ff.o(i.xdir_sum)
    .constdata                               0x08006ee0   Section       24  bsp_rtc.o(.constdata)
    .constdata                               0x08006ef8   Section       24  malloc.o(.constdata)
    .constdata                               0x08006f10   Section       74  ff.o(.constdata)
    LfnOfs                                   0x08006f10   Data          13  ff.o(.constdata)
    badchr                                   0x08006f1d   Data          16  ff.o(.constdata)
    vst                                      0x08006f2e   Data          22  ff.o(.constdata)
    cst                                      0x08006f44   Data          22  ff.o(.constdata)
    .constdata                               0x08006f5a   Section    175030  cc936.o(.constdata)
    uni2oem                                  0x08006f5a   Data       87172  cc936.o(.constdata)
    oem2uni                                  0x0801c3de   Data       87172  cc936.o(.constdata)
    cvt1                                     0x08031862   Data         498  cc936.o(.constdata)
    cvt2                                     0x08031a54   Data         188  cc936.o(.constdata)
    .data                                    0x20000000   Section       20  system_stm32f10x.o(.data)
    .data                                    0x20000014   Section       20  stm32f10x_rcc.o(.data)
    APBAHBPrescTable                         0x20000014   Data          16  stm32f10x_rcc.o(.data)
    ADCPrescTable                            0x20000024   Data           4  stm32f10x_rcc.o(.data)
    .data                                    0x20000028   Section        4  bsp_systick.o(.data)
    TimingDelay                              0x20000028   Data           4  bsp_systick.o(.data)
    .data                                    0x2000002c   Section       14  bsp_time.o(.data)
    .data                                    0x2000003a   Section        2  bsp_rtc.o(.data)
    daycnt                                   0x2000003a   Data           2  bsp_rtc.o(.data)
    .data                                    0x2000003c   Section        2  bsp_en25q128.o(.data)
    .data                                    0x20000040   Section       16  bsp_sd.o(.data)
    CardType                                 0x20000040   Data           1  bsp_sd.o(.data)
    RCA                                      0x20000044   Data           4  bsp_sd.o(.data)
    DeviceMode                               0x20000048   Data           1  bsp_sd.o(.data)
    StopCondition                            0x20000049   Data           1  bsp_sd.o(.data)
    .data                                    0x20000050   Section       28  malloc.o(.data)
    .data                                    0x2000006c   Section        2  ff.o(.data)
    Fsid                                     0x2000006c   Data           2  ff.o(.data)
    .data                                    0x2000006e   Section        2  diskio.o(.data)
    .data                                    0x20000070   Section       20  fatfs_app.o(.data)
    .data                                    0x20000084   Section        4  stdout.o(.data)
    .bss                                     0x20000088   Section       10  bsp_rtc.o(.bss)
    .bss                                     0x20000092   Section     4096  bsp_en25q128.o(.bss)
    .bss                                     0x20001098   Section      704  bsp_sd.o(.bss)
    CSD_Tab                                  0x200010dc   Data          16  bsp_sd.o(.bss)
    CID_Tab                                  0x200010ec   Data          16  bsp_sd.o(.bss)
    .bss                                     0x20001360   Section    43520  malloc.o(.bss)
    .bss                                     0x2000bd60   Section       16  ff.o(.bss)
    FatFs                                    0x2000bd60   Data          16  ff.o(.bss)
    .bss                                     0x2000bd70   Section      376  fatfs_app.o(.bss)
    STACK                                    0x2000bee8   Section     1024  startup_stm32f10x_hd.o(STACK)
    .ARM.__AT_0x68000000                     0x68000000   Section    983040  malloc.o(.ARM.__AT_0x68000000)
    .ARM.__AT_0x680F0000                     0x680f0000   Section    61440  malloc.o(.ARM.__AT_0x680F0000)

    Global Symbols

    Symbol Name                              Value     Ov Type        Size  Object(Section)

    BuildAttributes$$THM_ISAv4$P$D$K$B$S$PE$A:L22UL41UL21$X:L11$S22US41US21$IEEE1$IW$USESV6$~STKCKD$USESV7$~SHL$OTIME$ROPI$EBA8$MICROLIB$REQ8$PRES8$EABIv2 0x00000000   Number         0  anon$$obj.o ABSOLUTE
    __ARM_use_no_argv                        0x00000000   Number         0  main.o ABSOLUTE
    _printf_a                                0x00000000   Number         0  stubs.o ABSOLUTE
    _printf_c                                0x00000000   Number         0  stubs.o ABSOLUTE
    _printf_charcount                        0x00000000   Number         0  stubs.o ABSOLUTE
    _printf_d                                0x00000000   Number         0  stubs.o ABSOLUTE
    _printf_e                                0x00000000   Number         0  stubs.o ABSOLUTE
    _printf_f                                0x00000000   Number         0  stubs.o ABSOLUTE
    _printf_flags                            0x00000000   Number         0  stubs.o ABSOLUTE
    _printf_fp_dec                           0x00000000   Number         0  stubs.o ABSOLUTE
    _printf_fp_hex                           0x00000000   Number         0  stubs.o ABSOLUTE
    _printf_g                                0x00000000   Number         0  stubs.o ABSOLUTE
    _printf_i                                0x00000000   Number         0  stubs.o ABSOLUTE
    _printf_int_dec                          0x00000000   Number         0  stubs.o ABSOLUTE
    _printf_l                                0x00000000   Number         0  stubs.o ABSOLUTE
    _printf_lc                               0x00000000   Number         0  stubs.o ABSOLUTE
    _printf_ll                               0x00000000   Number         0  stubs.o ABSOLUTE
    _printf_lld                              0x00000000   Number         0  stubs.o ABSOLUTE
    _printf_lli                              0x00000000   Number         0  stubs.o ABSOLUTE
    _printf_llo                              0x00000000   Number         0  stubs.o ABSOLUTE
    _printf_llu                              0x00000000   Number         0  stubs.o ABSOLUTE
    _printf_llx                              0x00000000   Number         0  stubs.o ABSOLUTE
    _printf_longlong_dec                     0x00000000   Number         0  stubs.o ABSOLUTE
    _printf_longlong_hex                     0x00000000   Number         0  stubs.o ABSOLUTE
    _printf_longlong_oct                     0x00000000   Number         0  stubs.o ABSOLUTE
    _printf_ls                               0x00000000   Number         0  stubs.o ABSOLUTE
    _printf_mbtowc                           0x00000000   Number         0  stubs.o ABSOLUTE
    _printf_n                                0x00000000   Number         0  stubs.o ABSOLUTE
    _printf_o                                0x00000000   Number         0  stubs.o ABSOLUTE
    _printf_p                                0x00000000   Number         0  stubs.o ABSOLUTE
    _printf_percent                          0x00000000   Number         0  stubs.o ABSOLUTE
    _printf_pre_padding                      0x00000000   Number         0  stubs.o ABSOLUTE
    _printf_return_value                     0x00000000   Number         0  stubs.o ABSOLUTE
    _printf_s                                0x00000000   Number         0  stubs.o ABSOLUTE
    _printf_sizespec                         0x00000000   Number         0  stubs.o ABSOLUTE
    _printf_str                              0x00000000   Number         0  stubs.o ABSOLUTE
    _printf_truncate_signed                  0x00000000   Number         0  stubs.o ABSOLUTE
    _printf_truncate_unsigned                0x00000000   Number         0  stubs.o ABSOLUTE
    _printf_u                                0x00000000   Number         0  stubs.o ABSOLUTE
    _printf_wc                               0x00000000   Number         0  stubs.o ABSOLUTE
    _printf_wctomb                           0x00000000   Number         0  stubs.o ABSOLUTE
    _printf_widthprec                        0x00000000   Number         0  stubs.o ABSOLUTE
    _printf_x                                0x00000000   Number         0  stubs.o ABSOLUTE
    __cpp_initialize__aeabi_                  - Undefined Weak Reference
    __cxa_finalize                            - Undefined Weak Reference
    __decompress                              - Undefined Weak Reference
    _clock_init                               - Undefined Weak Reference
    _microlib_exit                            - Undefined Weak Reference
    __Vectors_Size                           0x00000130   Number         0  startup_stm32f10x_hd.o ABSOLUTE
    __Vectors                                0x08000000   Data           4  startup_stm32f10x_hd.o(RESET)
    __Vectors_End                            0x08000130   Data           0  startup_stm32f10x_hd.o(RESET)
    __main                                   0x08000131   Thumb Code     0  entry.o(.ARM.Collect$$$$00000000)
    _main_stk                                0x08000131   Thumb Code     0  entry2.o(.ARM.Collect$$$$00000001)
    _main_scatterload                        0x08000135   Thumb Code     0  entry5.o(.ARM.Collect$$$$00000004)
    __main_after_scatterload                 0x08000139   Thumb Code     0  entry5.o(.ARM.Collect$$$$00000004)
    _main_clock                              0x08000139   Thumb Code     0  entry7b.o(.ARM.Collect$$$$00000008)
    _main_cpp_init                           0x08000139   Thumb Code     0  entry8b.o(.ARM.Collect$$$$0000000A)
    _main_init                               0x08000139   Thumb Code     0  entry9a.o(.ARM.Collect$$$$0000000B)
    __rt_final_cpp                           0x08000141   Thumb Code     0  entry10a.o(.ARM.Collect$$$$0000000D)
    __rt_final_exit                          0x08000141   Thumb Code     0  entry11a.o(.ARM.Collect$$$$0000000F)
    Reset_Handler                            0x08000145   Thumb Code     8  startup_stm32f10x_hd.o(.text)
    ADC1_2_IRQHandler                        0x0800015f   Thumb Code     0  startup_stm32f10x_hd.o(.text)
    ADC3_IRQHandler                          0x0800015f   Thumb Code     0  startup_stm32f10x_hd.o(.text)
    CAN1_RX1_IRQHandler                      0x0800015f   Thumb Code     0  startup_stm32f10x_hd.o(.text)
    CAN1_SCE_IRQHandler                      0x0800015f   Thumb Code     0  startup_stm32f10x_hd.o(.text)
    DMA1_Channel1_IRQHandler                 0x0800015f   Thumb Code     0  startup_stm32f10x_hd.o(.text)
    DMA1_Channel2_IRQHandler                 0x0800015f   Thumb Code     0  startup_stm32f10x_hd.o(.text)
    DMA1_Channel3_IRQHandler                 0x0800015f   Thumb Code     0  startup_stm32f10x_hd.o(.text)
    DMA1_Channel4_IRQHandler                 0x0800015f   Thumb Code     0  startup_stm32f10x_hd.o(.text)
    DMA1_Channel5_IRQHandler                 0x0800015f   Thumb Code     0  startup_stm32f10x_hd.o(.text)
    DMA1_Channel6_IRQHandler                 0x0800015f   Thumb Code     0  startup_stm32f10x_hd.o(.text)
    DMA1_Channel7_IRQHandler                 0x0800015f   Thumb Code     0  startup_stm32f10x_hd.o(.text)
    DMA2_Channel1_IRQHandler                 0x0800015f   Thumb Code     0  startup_stm32f10x_hd.o(.text)
    DMA2_Channel2_IRQHandler                 0x0800015f   Thumb Code     0  startup_stm32f10x_hd.o(.text)
    DMA2_Channel3_IRQHandler                 0x0800015f   Thumb Code     0  startup_stm32f10x_hd.o(.text)
    DMA2_Channel4_5_IRQHandler               0x0800015f   Thumb Code     0  startup_stm32f10x_hd.o(.text)
    EXTI15_10_IRQHandler                     0x0800015f   Thumb Code     0  startup_stm32f10x_hd.o(.text)
    EXTI1_IRQHandler                         0x0800015f   Thumb Code     0  startup_stm32f10x_hd.o(.text)
    EXTI9_5_IRQHandler                       0x0800015f   Thumb Code     0  startup_stm32f10x_hd.o(.text)
    FLASH_IRQHandler                         0x0800015f   Thumb Code     0  startup_stm32f10x_hd.o(.text)
    FSMC_IRQHandler                          0x0800015f   Thumb Code     0  startup_stm32f10x_hd.o(.text)
    I2C1_ER_IRQHandler                       0x0800015f   Thumb Code     0  startup_stm32f10x_hd.o(.text)
    I2C1_EV_IRQHandler                       0x0800015f   Thumb Code     0  startup_stm32f10x_hd.o(.text)
    I2C2_ER_IRQHandler                       0x0800015f   Thumb Code     0  startup_stm32f10x_hd.o(.text)
    I2C2_EV_IRQHandler                       0x0800015f   Thumb Code     0  startup_stm32f10x_hd.o(.text)
    PVD_IRQHandler                           0x0800015f   Thumb Code     0  startup_stm32f10x_hd.o(.text)
    RCC_IRQHandler                           0x0800015f   Thumb Code     0  startup_stm32f10x_hd.o(.text)
    RTCAlarm_IRQHandler                      0x0800015f   Thumb Code     0  startup_stm32f10x_hd.o(.text)
    SPI1_IRQHandler                          0x0800015f   Thumb Code     0  startup_stm32f10x_hd.o(.text)
    SPI2_IRQHandler                          0x0800015f   Thumb Code     0  startup_stm32f10x_hd.o(.text)
    SPI3_IRQHandler                          0x0800015f   Thumb Code     0  startup_stm32f10x_hd.o(.text)
    TAMPER_IRQHandler                        0x0800015f   Thumb Code     0  startup_stm32f10x_hd.o(.text)
    TIM1_BRK_IRQHandler                      0x0800015f   Thumb Code     0  startup_stm32f10x_hd.o(.text)
    TIM1_CC_IRQHandler                       0x0800015f   Thumb Code     0  startup_stm32f10x_hd.o(.text)
    TIM1_TRG_COM_IRQHandler                  0x0800015f   Thumb Code     0  startup_stm32f10x_hd.o(.text)
    TIM1_UP_IRQHandler                       0x0800015f   Thumb Code     0  startup_stm32f10x_hd.o(.text)
    TIM2_IRQHandler                          0x0800015f   Thumb Code     0  startup_stm32f10x_hd.o(.text)
    TIM3_IRQHandler                          0x0800015f   Thumb Code     0  startup_stm32f10x_hd.o(.text)
    TIM4_IRQHandler                          0x0800015f   Thumb Code     0  startup_stm32f10x_hd.o(.text)
    TIM8_BRK_IRQHandler                      0x0800015f   Thumb Code     0  startup_stm32f10x_hd.o(.text)
    TIM8_CC_IRQHandler                       0x0800015f   Thumb Code     0  startup_stm32f10x_hd.o(.text)
    TIM8_TRG_COM_IRQHandler                  0x0800015f   Thumb Code     0  startup_stm32f10x_hd.o(.text)
    TIM8_UP_IRQHandler                       0x0800015f   Thumb Code     0  startup_stm32f10x_hd.o(.text)
    UART4_IRQHandler                         0x0800015f   Thumb Code     0  startup_stm32f10x_hd.o(.text)
    UART5_IRQHandler                         0x0800015f   Thumb Code     0  startup_stm32f10x_hd.o(.text)
    USART2_IRQHandler                        0x0800015f   Thumb Code     0  startup_stm32f10x_hd.o(.text)
    USART3_IRQHandler                        0x0800015f   Thumb Code     0  startup_stm32f10x_hd.o(.text)
    USBWakeUp_IRQHandler                     0x0800015f   Thumb Code     0  startup_stm32f10x_hd.o(.text)
    USB_HP_CAN1_TX_IRQHandler                0x0800015f   Thumb Code     0  startup_stm32f10x_hd.o(.text)
    USB_LP_CAN1_RX0_IRQHandler               0x0800015f   Thumb Code     0  startup_stm32f10x_hd.o(.text)
    __aeabi_uldivmod                         0x08000169   Thumb Code    98  uldiv.o(.text)
    __aeabi_ldivmod                          0x080001cb   Thumb Code    98  ldiv.o(.text)
    __aeabi_memcpy                           0x0800022d   Thumb Code    36  memcpya.o(.text)
    __aeabi_memcpy4                          0x0800022d   Thumb Code     0  memcpya.o(.text)
    __aeabi_memcpy8                          0x0800022d   Thumb Code     0  memcpya.o(.text)
    __aeabi_llsl                             0x08000251   Thumb Code    30  llshl.o(.text)
    _ll_shift_l                              0x08000251   Thumb Code     0  llshl.o(.text)
    __aeabi_llsr                             0x0800026f   Thumb Code    32  llushr.o(.text)
    _ll_ushift_r                             0x0800026f   Thumb Code     0  llushr.o(.text)
    __scatterload                            0x08000291   Thumb Code    28  init.o(.text)
    __scatterload_rt2                        0x08000291   Thumb Code     0  init.o(.text)
    ADC2_Init                                0x080002b5   Thumb Code   140  bsp_adc.o(i.ADC2_Init)
    ADC_Cmd                                  0x08000349   Thumb Code    22  stm32f10x_adc.o(i.ADC_Cmd)
    ADC_DeInit                               0x08000361   Thumb Code    78  stm32f10x_adc.o(i.ADC_DeInit)
    ADC_GetCalibrationStatus                 0x080003bd   Thumb Code    20  stm32f10x_adc.o(i.ADC_GetCalibrationStatus)
    ADC_GetResetCalibrationStatus            0x080003d1   Thumb Code    20  stm32f10x_adc.o(i.ADC_GetResetCalibrationStatus)
    ADC_Init                                 0x080003e5   Thumb Code    70  stm32f10x_adc.o(i.ADC_Init)
    ADC_ResetCalibration                     0x08000435   Thumb Code    10  stm32f10x_adc.o(i.ADC_ResetCalibration)
    ADC_SoftwareStartConvCmd                 0x0800043f   Thumb Code    22  stm32f10x_adc.o(i.ADC_SoftwareStartConvCmd)
    ADC_StartCalibration                     0x08000455   Thumb Code    10  stm32f10x_adc.o(i.ADC_StartCalibration)
    ADC_TempSensorVrefintCmd                 0x08000461   Thumb Code    30  stm32f10x_adc.o(i.ADC_TempSensorVrefintCmd)
    ADC_Temp_Init                            0x08000485   Thumb Code   118  bsp_adc.o(i.ADC_Temp_Init)
    AT24CXX_Check                            0x08000501   Thumb Code    46  bsp_at24c02.o(i.AT24CXX_Check)
    AT24CXX_Init                             0x0800052f   Thumb Code     8  bsp_at24c02.o(i.AT24CXX_Init)
    AT24CXX_ReadOneByte                      0x08000537   Thumb Code    88  bsp_at24c02.o(i.AT24CXX_ReadOneByte)
    AT24CXX_WriteOneByte                     0x0800058f   Thumb Code    80  bsp_at24c02.o(i.AT24CXX_WriteOneByte)
    BASIC_TIM_Init                           0x080005df   Thumb Code    28  bsp_time.o(i.BASIC_TIM_Init)
    BEEP_GPIO_Config                         0x080005fd   Thumb Code    50  bsp_beep.o(i.BEEP_GPIO_Config)
    BKP_DeInit                               0x08000635   Thumb Code    16  stm32f10x_bkp.o(i.BKP_DeInit)
    BKP_ReadBackupRegister                   0x08000645   Thumb Code    24  stm32f10x_bkp.o(i.BKP_ReadBackupRegister)
    BKP_WriteBackupRegister                  0x08000661   Thumb Code    22  stm32f10x_bkp.o(i.BKP_WriteBackupRegister)
    BusFault_Handler                         0x0800067d   Thumb Code     4  stm32f10x_it.o(i.BusFault_Handler)
    CmdError                                 0x08000681   Thumb Code    48  bsp_sd.o(i.CmdError)
    CmdResp1Error                            0x080006b1   Thumb Code    90  bsp_sd.o(i.CmdResp1Error)
    CmdResp2Error                            0x08000711   Thumb Code    80  bsp_sd.o(i.CmdResp2Error)
    CmdResp3Error                            0x08000765   Thumb Code    50  bsp_sd.o(i.CmdResp3Error)
    CmdResp6Error                            0x0800079d   Thumb Code   140  bsp_sd.o(i.CmdResp6Error)
    CmdResp7Error                            0x0800082d   Thumb Code    70  bsp_sd.o(i.CmdResp7Error)
    DMA_Cmd                                  0x08000879   Thumb Code    24  stm32f10x_dma.o(i.DMA_Cmd)
    DMA_DeInit                               0x08000891   Thumb Code   324  stm32f10x_dma.o(i.DMA_DeInit)
    DMA_Init                                 0x080009dd   Thumb Code    60  stm32f10x_dma.o(i.DMA_Init)
    DS18B20_Check                            0x08000a19   Thumb Code    86  bsp_ds18b20.o(i.DS18B20_Check)
    DS18B20_IO_IN                            0x08000a75   Thumb Code    26  bsp_ds18b20.o(i.DS18B20_IO_IN)
    DS18B20_IO_OUT                           0x08000a95   Thumb Code    32  bsp_ds18b20.o(i.DS18B20_IO_OUT)
    DS18B20_Init                             0x08000ab9   Thumb Code    48  bsp_ds18b20.o(i.DS18B20_Init)
    DS18B20_Reset                            0x08000aed   Thumb Code    42  bsp_ds18b20.o(i.DS18B20_Reset)
    DebugMon_Handler                         0x08000b1d   Thumb Code     2  stm32f10x_it.o(i.DebugMon_Handler)
    Delay_us                                 0x08000b21   Thumb Code    36  bsp_systick.o(i.Delay_us)
    EN25QXX_Erase_Sector                     0x08000b49   Thumb Code    76  bsp_en25q128.o(i.EN25QXX_Erase_Sector)
    EN25QXX_Init                             0x08000ba1   Thumb Code   112  bsp_en25q128.o(i.EN25QXX_Init)
    EN25QXX_Read                             0x08000c39   Thumb Code    82  bsp_en25q128.o(i.EN25QXX_Read)
    EN25QXX_ReadID                           0x08000c91   Thumb Code    70  bsp_en25q128.o(i.EN25QXX_ReadID)
    EN25QXX_ReadSR                           0x08000cdd   Thumb Code    42  bsp_en25q128.o(i.EN25QXX_ReadSR)
    EN25QXX_Wait_Busy                        0x08000d0d   Thumb Code    18  bsp_en25q128.o(i.EN25QXX_Wait_Busy)
    EN25QXX_Write                            0x08000d21   Thumb Code   180  bsp_en25q128.o(i.EN25QXX_Write)
    EN25QXX_Write_Enable                     0x08000dd9   Thumb Code    30  bsp_en25q128.o(i.EN25QXX_Write_Enable)
    EN25QXX_Write_NoCheck                    0x08000dfd   Thumb Code    70  bsp_en25q128.o(i.EN25QXX_Write_NoCheck)
    EN25QXX_Write_Page                       0x08000e45   Thumb Code    88  bsp_en25q128.o(i.EN25QXX_Write_Page)
    EXTI0_IRQHandler                         0x08000ea1   Thumb Code    40  bsp_exti.o(i.EXTI0_IRQHandler)
    EXTI2_IRQHandler                         0x08000ed1   Thumb Code    38  bsp_exti.o(i.EXTI2_IRQHandler)
    EXTI3_IRQHandler                         0x08000efd   Thumb Code    40  bsp_exti.o(i.EXTI3_IRQHandler)
    EXTI4_IRQHandler                         0x08000f2d   Thumb Code    38  bsp_exti.o(i.EXTI4_IRQHandler)
    EXTI_ClearITPendingBit                   0x08000f59   Thumb Code     6  stm32f10x_exti.o(i.EXTI_ClearITPendingBit)
    EXTI_GetITStatus                         0x08000f65   Thumb Code    34  stm32f10x_exti.o(i.EXTI_GetITStatus)
    EXTI_Init                                0x08000f8d   Thumb Code   142  stm32f10x_exti.o(i.EXTI_Init)
    EXTI_Key_Config                          0x08001021   Thumb Code   274  bsp_exti.o(i.EXTI_Key_Config)
    FATFS_Init                               0x08001139   Thumb Code   114  fatfs_app.o(i.FATFS_Init)
    FSMC_NORSRAMCmd                          0x080011bd   Thumb Code    46  stm32f10x_fsmc.o(i.FSMC_NORSRAMCmd)
    FSMC_NORSRAMInit                         0x080011f1   Thumb Code   230  stm32f10x_fsmc.o(i.FSMC_NORSRAMInit)
    FSMC_SRAM_Init                           0x080012d9   Thumb Code   226  bsp_sram.o(i.FSMC_SRAM_Init)
    FindSCR                                  0x080013cd   Thumb Code   386  bsp_sd.o(i.FindSCR)
    GPIO_EXTILineConfig                      0x08001561   Thumb Code    60  stm32f10x_gpio.o(i.GPIO_EXTILineConfig)
    GPIO_Init                                0x080015a1   Thumb Code   278  stm32f10x_gpio.o(i.GPIO_Init)
    GPIO_ReadInputDataBit                    0x080016b7   Thumb Code    18  stm32f10x_gpio.o(i.GPIO_ReadInputDataBit)
    GPIO_ResetBits                           0x080016c9   Thumb Code     4  stm32f10x_gpio.o(i.GPIO_ResetBits)
    GPIO_SetBits                             0x080016cd   Thumb Code     4  stm32f10x_gpio.o(i.GPIO_SetBits)
    HardFault_Handler                        0x080016d1   Thumb Code     4  stm32f10x_it.o(i.HardFault_Handler)
    IIC_Ack                                  0x080016d5   Thumb Code    52  bsp_iic.o(i.IIC_Ack)
    IIC_Init                                 0x0800170d   Thumb Code    68  bsp_iic.o(i.IIC_Init)
    IIC_NAck                                 0x08001755   Thumb Code    52  bsp_iic.o(i.IIC_NAck)
    IIC_Read_Byte                            0x0800178d   Thumb Code    84  bsp_iic.o(i.IIC_Read_Byte)
    IIC_Send_Byte                            0x080017e5   Thumb Code    94  bsp_iic.o(i.IIC_Send_Byte)
    IIC_Start                                0x08001849   Thumb Code    52  bsp_iic.o(i.IIC_Start)
    IIC_Stop                                 0x08001881   Thumb Code    52  bsp_iic.o(i.IIC_Stop)
    IIC_Wait_Ack                             0x080018b9   Thumb Code    78  bsp_iic.o(i.IIC_Wait_Ack)
    INTX_DISABLE                             0x0800190d   Thumb Code     4  bsp_sd.o(i.INTX_DISABLE)
    INTX_ENABLE                              0x08001911   Thumb Code     4  bsp_sd.o(i.INTX_ENABLE)
    IsCardProgramming                        0x08001915   Thumb Code   142  bsp_sd.o(i.IsCardProgramming)
    Is_Leap_Year                             0x080019b1   Thumb Code    58  bsp_rtc.o(i.Is_Leap_Year)
    LED_GPIO_Config                          0x080019ed   Thumb Code    68  bsp_led.o(i.LED_GPIO_Config)
    Lsens_Init                               0x08001a39   Thumb Code   150  bsp_adc.o(i.Lsens_Init)
    MemManage_Handler                        0x08001ad9   Thumb Code     4  stm32f10x_it.o(i.MemManage_Handler)
    NMI_Handler                              0x08001add   Thumb Code     2  stm32f10x_it.o(i.NMI_Handler)
    NVIC_Init                                0x08001b05   Thumb Code   100  misc.o(i.NVIC_Init)
    NVIC_PriorityGroupConfig                 0x08001b75   Thumb Code    10  misc.o(i.NVIC_PriorityGroupConfig)
    PWR_BackupAccessCmd                      0x08001b89   Thumb Code     6  stm32f10x_pwr.o(i.PWR_BackupAccessCmd)
    PendSV_Handler                           0x08001b95   Thumb Code     2  stm32f10x_it.o(i.PendSV_Handler)
    RCC_ADCCLKConfig                         0x08001b99   Thumb Code    18  stm32f10x_rcc.o(i.RCC_ADCCLKConfig)
    RCC_AHBPeriphClockCmd                    0x08001bb1   Thumb Code    26  stm32f10x_rcc.o(i.RCC_AHBPeriphClockCmd)
    RCC_APB1PeriphClockCmd                   0x08001bd1   Thumb Code    26  stm32f10x_rcc.o(i.RCC_APB1PeriphClockCmd)
    RCC_APB2PeriphClockCmd                   0x08001bf1   Thumb Code    26  stm32f10x_rcc.o(i.RCC_APB2PeriphClockCmd)
    RCC_APB2PeriphResetCmd                   0x08001c11   Thumb Code    26  stm32f10x_rcc.o(i.RCC_APB2PeriphResetCmd)
    RCC_BackupResetCmd                       0x08001c31   Thumb Code     6  stm32f10x_rcc.o(i.RCC_BackupResetCmd)
    RCC_GetClocksFreq                        0x08001c3d   Thumb Code   192  stm32f10x_rcc.o(i.RCC_GetClocksFreq)
    RCC_GetFlagStatus                        0x08001d11   Thumb Code    56  stm32f10x_rcc.o(i.RCC_GetFlagStatus)
    RCC_LSEConfig                            0x08001d4d   Thumb Code    46  stm32f10x_rcc.o(i.RCC_LSEConfig)
    RCC_RTCCLKCmd                            0x08001d81   Thumb Code     6  stm32f10x_rcc.o(i.RCC_RTCCLKCmd)
    RCC_RTCCLKConfig                         0x08001d8d   Thumb Code    12  stm32f10x_rcc.o(i.RCC_RTCCLKConfig)
    RTC_Alarm_Set                            0x08001d9d   Thumb Code   184  bsp_rtc.o(i.RTC_Alarm_Set)
    RTC_ClearITPendingBit                    0x08001e65   Thumb Code    12  stm32f10x_rtc.o(i.RTC_ClearITPendingBit)
    RTC_EnterConfigMode                      0x08001e75   Thumb Code    14  stm32f10x_rtc.o(i.RTC_EnterConfigMode)
    RTC_ExitConfigMode                       0x08001e89   Thumb Code    16  stm32f10x_rtc.o(i.RTC_ExitConfigMode)
    RTC_Get                                  0x08001e9d   Thumb Code   240  bsp_rtc.o(i.RTC_Get)
    RTC_GetCounter                           0x08001f9d   Thumb Code    16  stm32f10x_rtc.o(i.RTC_GetCounter)
    RTC_GetITStatus                          0x08001fb1   Thumb Code    32  stm32f10x_rtc.o(i.RTC_GetITStatus)
    RTC_Get_Week                             0x08001fd5   Thumb Code   116  bsp_rtc.o(i.RTC_Get_Week)
    RTC_IRQHandler                           0x0800204d   Thumb Code    44  bsp_rtc.o(i.RTC_IRQHandler)
    RTC_ITConfig                             0x08002079   Thumb Code    26  stm32f10x_rtc.o(i.RTC_ITConfig)
    RTC_Init                                 0x08002099   Thumb Code   202  bsp_rtc.o(i.RTC_Init)
    RTC_Set                                  0x08002185   Thumb Code   184  bsp_rtc.o(i.RTC_Set)
    RTC_SetAlarm                             0x0800224d   Thumb Code    24  stm32f10x_rtc.o(i.RTC_SetAlarm)
    RTC_SetCounter                           0x08002269   Thumb Code    24  stm32f10x_rtc.o(i.RTC_SetCounter)
    RTC_SetPrescaler                         0x08002285   Thumb Code    26  stm32f10x_rtc.o(i.RTC_SetPrescaler)
    RTC_WaitForLastTask                      0x080022a5   Thumb Code    16  stm32f10x_rtc.o(i.RTC_WaitForLastTask)
    RTC_WaitForSynchro                       0x080022b9   Thumb Code    30  stm32f10x_rtc.o(i.RTC_WaitForSynchro)
    SDA_IN                                   0x080022dd   Thumb Code    24  bsp_iic.o(i.SDA_IN)
    SDA_OUT                                  0x080022f9   Thumb Code    30  bsp_iic.o(i.SDA_OUT)
    SDEnWideBus                              0x0800231d   Thumb Code   158  bsp_sd.o(i.SDEnWideBus)
    SDIO_ClearFlag                           0x080023c9   Thumb Code     6  stm32f10x_sdio.o(i.SDIO_ClearFlag)
    SDIO_ClockCmd                            0x080023d5   Thumb Code     6  stm32f10x_sdio.o(i.SDIO_ClockCmd)
    SDIO_Clock_Set                           0x080023e1   Thumb Code    16  bsp_sd.o(i.SDIO_Clock_Set)
    SDIO_DMACmd                              0x080023f5   Thumb Code     6  stm32f10x_sdio.o(i.SDIO_DMACmd)
    SDIO_DataConfig                          0x08002401   Thumb Code    42  stm32f10x_sdio.o(i.SDIO_DataConfig)
    SDIO_DeInit                              0x08002431   Thumb Code    28  stm32f10x_sdio.o(i.SDIO_DeInit)
    SDIO_GetFlagStatus                       0x08002455   Thumb Code    20  stm32f10x_sdio.o(i.SDIO_GetFlagStatus)
    SDIO_GetPowerState                       0x0800246d   Thumb Code    10  stm32f10x_sdio.o(i.SDIO_GetPowerState)
    SDIO_IRQHandler                          0x0800247d   Thumb Code     8  bsp_sd.o(i.SDIO_IRQHandler)
    SDIO_Init                                0x08002485   Thumb Code    42  stm32f10x_sdio.o(i.SDIO_Init)
    SDIO_ReadData                            0x080024b5   Thumb Code     6  stm32f10x_sdio.o(i.SDIO_ReadData)
    SDIO_SendCommand                         0x080024c1   Thumb Code    38  stm32f10x_sdio.o(i.SDIO_SendCommand)
    SDIO_SetPowerState                       0x080024ed   Thumb Code    22  stm32f10x_sdio.o(i.SDIO_SetPowerState)
    SDIO_WriteData                           0x08002509   Thumb Code     6  stm32f10x_sdio.o(i.SDIO_WriteData)
    SD_DMA_Config                            0x08002515   Thumb Code    94  bsp_sd.o(i.SD_DMA_Config)
    SD_EnableWideBusOperation                0x0800257d   Thumb Code    94  bsp_sd.o(i.SD_EnableWideBusOperation)
    SD_GetCardInfo                           0x080025e5   Thumb Code   772  bsp_sd.o(i.SD_GetCardInfo)
    SD_Init                                  0x080028f9   Thumb Code   238  bsp_sd.o(i.SD_Init)
    SD_InitializeCards                       0x080029f9   Thumb Code   316  bsp_sd.o(i.SD_InitializeCards)
    SD_PowerON                               0x08002b4d   Thumb Code   450  bsp_sd.o(i.SD_PowerON)
    SD_ProcessIRQSrc                         0x08002d29   Thumb Code   296  bsp_sd.o(i.SD_ProcessIRQSrc)
    SD_ReadBlock                             0x08002e65   Thumb Code   558  bsp_sd.o(i.SD_ReadBlock)
    SD_ReadDisk                              0x080030bd   Thumb Code   148  bsp_sd.o(i.SD_ReadDisk)
    SD_ReadMultiBlocks                       0x08003155   Thumb Code   698  bsp_sd.o(i.SD_ReadMultiBlocks)
    SD_SelectDeselect                        0x0800343d   Thumb Code    42  bsp_sd.o(i.SD_SelectDeselect)
    SD_SetDeviceMode                         0x0800346d   Thumb Code    20  bsp_sd.o(i.SD_SetDeviceMode)
    SD_WriteBlock                            0x08003485   Thumb Code   844  bsp_sd.o(i.SD_WriteBlock)
    SD_WriteDisk                             0x080037f9   Thumb Code   148  bsp_sd.o(i.SD_WriteDisk)
    SD_WriteMultiBlocks                      0x08003891   Thumb Code   920  bsp_sd.o(i.SD_WriteMultiBlocks)
    SPI2_Init                                0x08003c51   Thumb Code   130  bsp_spi.o(i.SPI2_Init)
    SPI2_ReadWriteByte                       0x08003cdd   Thumb Code    50  bsp_spi.o(i.SPI2_ReadWriteByte)
    SPI2_SetSpeed                            0x08003d15   Thumb Code    36  bsp_spi.o(i.SPI2_SetSpeed)
    SPI_Cmd                                  0x08003d3d   Thumb Code    24  stm32f10x_spi.o(i.SPI_Cmd)
    SPI_I2S_GetFlagStatus                    0x08003d55   Thumb Code    18  stm32f10x_spi.o(i.SPI_I2S_GetFlagStatus)
    SPI_I2S_ReceiveData                      0x08003d67   Thumb Code     6  stm32f10x_spi.o(i.SPI_I2S_ReceiveData)
    SPI_I2S_SendData                         0x08003d6d   Thumb Code     4  stm32f10x_spi.o(i.SPI_I2S_SendData)
    SPI_Init                                 0x08003d71   Thumb Code    60  stm32f10x_spi.o(i.SPI_Init)
    SVC_Handler                              0x08003dad   Thumb Code     2  stm32f10x_it.o(i.SVC_Handler)
    SysTick_Delay_Ms                         0x08003eed   Thumb Code    66  bsp_systick.o(i.SysTick_Delay_Ms)
    SysTick_Delay_Us                         0x08003f35   Thumb Code    64  bsp_systick.o(i.SysTick_Delay_Us)
    SysTick_Handler                          0x08003f7d   Thumb Code     8  stm32f10x_it.o(i.SysTick_Handler)
    SysTick_Init                             0x08003f85   Thumb Code    26  bsp_systick.o(i.SysTick_Init)
    SystemInit                               0x08003fa9   Thumb Code    78  system_stm32f10x.o(i.SystemInit)
    TIM5_IRQHandler                          0x08004249   Thumb Code   216  bsp_time.o(i.TIM5_IRQHandler)
    TIM5_Input_Capture                       0x08004389   Thumb Code   178  bsp_time.o(i.TIM5_Input_Capture)
    TIM6_IRQHandler                          0x08004445   Thumb Code    52  bsp_time.o(i.TIM6_IRQHandler)
    TIM6_Init                                0x08004481   Thumb Code    82  bsp_time.o(i.TIM6_Init)
    TIM7_IRQHandler                          0x080044d9   Thumb Code    52  bsp_time.o(i.TIM7_IRQHandler)
    TIM7_Init                                0x08004515   Thumb Code    82  bsp_time.o(i.TIM7_Init)
    TIM_ClearFlag                            0x0800456d   Thumb Code     6  stm32f10x_tim.o(i.TIM_ClearFlag)
    TIM_ClearITPendingBit                    0x08004573   Thumb Code     6  stm32f10x_tim.o(i.TIM_ClearITPendingBit)
    TIM_Cmd                                  0x08004579   Thumb Code    24  stm32f10x_tim.o(i.TIM_Cmd)
    TIM_GetCapture1                          0x08004591   Thumb Code     6  stm32f10x_tim.o(i.TIM_GetCapture1)
    TIM_GetITStatus                          0x08004597   Thumb Code    34  stm32f10x_tim.o(i.TIM_GetITStatus)
    TIM_ICInit                               0x080045b9   Thumb Code   150  stm32f10x_tim.o(i.TIM_ICInit)
    TIM_ITConfig                             0x08004665   Thumb Code    18  stm32f10x_tim.o(i.TIM_ITConfig)
    TIM_OC1PolarityConfig                    0x08004677   Thumb Code    18  stm32f10x_tim.o(i.TIM_OC1PolarityConfig)
    TIM_SetCounter                           0x08004689   Thumb Code     4  stm32f10x_tim.o(i.TIM_SetCounter)
    TIM_SetIC1Prescaler                      0x0800468d   Thumb Code    18  stm32f10x_tim.o(i.TIM_SetIC1Prescaler)
    TIM_SetIC2Prescaler                      0x0800469f   Thumb Code    26  stm32f10x_tim.o(i.TIM_SetIC2Prescaler)
    TIM_SetIC3Prescaler                      0x080046b9   Thumb Code    18  stm32f10x_tim.o(i.TIM_SetIC3Prescaler)
    TIM_SetIC4Prescaler                      0x080046cb   Thumb Code    26  stm32f10x_tim.o(i.TIM_SetIC4Prescaler)
    TIM_TimeBaseInit                         0x080046e5   Thumb Code   122  stm32f10x_tim.o(i.TIM_TimeBaseInit)
    TimingDelay_Decrement                    0x08004789   Thumb Code    18  bsp_systick.o(i.TimingDelay_Decrement)
    USART1_IRQHandler                        0x080047a1   Thumb Code    32  bsp_usart.o(i.USART1_IRQHandler)
    USART_Cmd                                0x080047c5   Thumb Code    24  stm32f10x_usart.o(i.USART_Cmd)
    USART_Config                             0x080047dd   Thumb Code   136  bsp_usart.o(i.USART_Config)
    USART_GetFlagStatus                      0x0800486d   Thumb Code    26  stm32f10x_usart.o(i.USART_GetFlagStatus)
    USART_GetITStatus                        0x08004887   Thumb Code    84  stm32f10x_usart.o(i.USART_GetITStatus)
    USART_ITConfig                           0x080048db   Thumb Code    74  stm32f10x_usart.o(i.USART_ITConfig)
    USART_Init                               0x08004925   Thumb Code   210  stm32f10x_usart.o(i.USART_Init)
    USART_ReceiveData                        0x080049fd   Thumb Code    10  stm32f10x_usart.o(i.USART_ReceiveData)
    USART_SendData                           0x08004a07   Thumb Code     8  stm32f10x_usart.o(i.USART_SendData)
    UsageFault_Handler                       0x08004a0f   Thumb Code     4  stm32f10x_it.o(i.UsageFault_Handler)
    WWDG_ClearFlag                           0x08004a15   Thumb Code     8  stm32f10x_wwdg.o(i.WWDG_ClearFlag)
    WWDG_IRQHandler                          0x08004a21   Thumb Code    14  bsp_wwdg.o(i.WWDG_IRQHandler)
    WWDG_SetCounter                          0x08004a31   Thumb Code    10  stm32f10x_wwdg.o(i.WWDG_SetCounter)
    __0printf$5                              0x08004a41   Thumb Code    22  printf5.o(i.__0printf$5)
    __1printf$5                              0x08004a41   Thumb Code     0  printf5.o(i.__0printf$5)
    __2printf                                0x08004a41   Thumb Code     0  printf5.o(i.__0printf$5)
    __scatterload_copy                       0x08004a61   Thumb Code    14  handlers.o(i.__scatterload_copy)
    __scatterload_null                       0x08004a6f   Thumb Code     2  handlers.o(i.__scatterload_null)
    __scatterload_zeroinit                   0x08004a71   Thumb Code    14  handlers.o(i.__scatterload_zeroinit)
    convert_from_bytes_to_power_of_two       0x08004e7b   Thumb Code    18  bsp_sd.o(i.convert_from_bytes_to_power_of_two)
    disk_initialize                          0x08005335   Thumb Code    52  diskio.o(i.disk_initialize)
    disk_ioctl                               0x0800536d   Thumb Code   170  diskio.o(i.disk_ioctl)
    disk_read                                0x08005421   Thumb Code   122  diskio.o(i.disk_read)
    disk_status                              0x0800549b   Thumb Code     6  diskio.o(i.disk_status)
    disk_write                               0x080054a1   Thumb Code   122  diskio.o(i.disk_write)
    f_getfree                                0x0800551b   Thumb Code   358  ff.o(i.f_getfree)
    f_mkfs                                   0x08005681   Thumb Code  1384  ff.o(i.f_mkfs)
    f_mount                                  0x08005bf1   Thumb Code    86  ff.o(i.f_mount)
    f_setlabel                               0x08005c4d   Thumb Code   612  ff.o(i.f_setlabel)
    fatfs_getfree                            0x08005eb5   Thumb Code    74  fatfs_app.o(i.fatfs_getfree)
    ff_convert                               0x08005f01   Thumb Code   116  cc936.o(i.ff_convert)
    ff_wtoupper                              0x08005f7d   Thumb Code   156  cc936.o(i.ff_wtoupper)
    fputc                                    0x0800651d   Thumb Code    32  bsp_usart.o(i.fputc)
    get_fattime                              0x080066bb   Thumb Code     4  diskio.o(i.get_fattime)
    main                                     0x0800686d   Thumb Code   314  main.o(i.main)
    my_mem_init                              0x08006a4d   Thumb Code    54  malloc.o(i.my_mem_init)
    my_mem_malloc                            0x08006a91   Thumb Code   156  malloc.o(i.my_mem_malloc)
    my_mem_perused                           0x08006b39   Thumb Code    54  malloc.o(i.my_mem_perused)
    my_mem_set                               0x08006b79   Thumb Code    20  malloc.o(i.my_mem_set)
    mymalloc                                 0x08006b8d   Thumb Code    34  malloc.o(i.mymalloc)
    table_week                               0x08006ee0   Data          12  bsp_rtc.o(.constdata)
    mon_table                                0x08006eec   Data          12  bsp_rtc.o(.constdata)
    memtblsize                               0x08006ef8   Data           8  malloc.o(.constdata)
    memblksize                               0x08006f00   Data           8  malloc.o(.constdata)
    memsize                                  0x08006f08   Data           8  malloc.o(.constdata)
    Region$$Table$$Base                      0x08031b10   Number         0  anon$$obj.o(Region$$Table)
    Region$$Table$$Limit                     0x08031b30   Number         0  anon$$obj.o(Region$$Table)
    SystemCoreClock                          0x20000000   Data           4  system_stm32f10x.o(.data)
    AHBPrescTable                            0x20000004   Data          16  system_stm32f10x.o(.data)
    time6                                    0x2000002c   Data           4  bsp_time.o(.data)
    time7                                    0x20000030   Data           4  bsp_time.o(.data)
    TIM_ICUserValueStructure                 0x20000034   Data           6  bsp_time.o(.data)
    EN25QXX_TYPE                             0x2000003c   Data           2  bsp_en25q128.o(.data)
    TransferError                            0x2000004a   Data           1  bsp_sd.o(.data)
    TransferEnd                              0x2000004b   Data           1  bsp_sd.o(.data)
    tempbuff                                 0x2000004c   Data           4  bsp_sd.o(.data)
    malloc_cortol                            0x20000050   Data          28  malloc.o(.data)
    FLASH_SECTOR_COUNT                       0x2000006e   Data           2  diskio.o(.data)
    file                                     0x20000070   Data           4  fatfs_app.o(.data)
    ftemp                                    0x20000074   Data           4  fatfs_app.o(.data)
    br                                       0x20000078   Data           4  fatfs_app.o(.data)
    bw                                       0x2000007c   Data           4  fatfs_app.o(.data)
    fatbuf                                   0x20000080   Data           4  fatfs_app.o(.data)
    __stdout                                 0x20000084   Data           4  stdout.o(.data)
    calendar                                 0x20000088   Data          10  bsp_rtc.o(.bss)
    EN25QXX_BUFFER                           0x20000092   Data        4096  bsp_en25q128.o(.bss)
    SDIO_InitStructure                       0x20001098   Data          24  bsp_sd.o(.bss)
    SDIO_CmdInitStructure                    0x200010b0   Data          20  bsp_sd.o(.bss)
    SDIO_DataInitStructure                   0x200010c4   Data          24  bsp_sd.o(.bss)
    SDCardInfo                               0x20001100   Data          88  bsp_sd.o(.bss)
    SDIO_DATA_BUFFER                         0x20001158   Data         512  bsp_sd.o(.bss)
    mem1base                                 0x20001360   Data       40960  malloc.o(.bss)
    mem1mapbase                              0x2000b360   Data        2560  malloc.o(.bss)
    fs                                       0x2000bd70   Data          16  fatfs_app.o(.bss)
    fileinfo                                 0x2000bd80   Data         288  fatfs_app.o(.bss)
    dir                                      0x2000bea0   Data          72  fatfs_app.o(.bss)
    __initial_sp                             0x2000c2e8   Data           0  startup_stm32f10x_hd.o(STACK)
    mem2base                                 0x68000000   Data       983040  malloc.o(.ARM.__AT_0x68000000)
    mem2mapbase                              0x680f0000   Data       61440  malloc.o(.ARM.__AT_0x680F0000)



==============================================================================

Memory Map of the image

  Image Entry point : 0x08000131

  Load Region LR_IROM1 (Base: 0x08000000, Size: 0x00031bb8, Max: 0x00080000, ABSOLUTE)

    Execution Region ER_IROM1 (Exec base: 0x08000000, Load base: 0x08000000, Size: 0x00031b30, Max: 0x00080000, ABSOLUTE)

    Exec Addr    Load Addr    Size         Type   Attr      Idx    E Section Name        Object

    0x08000000   0x08000000   0x00000130   Data   RO            3    RESET               startup_stm32f10x_hd.o
    0x08000130   0x08000130   0x00000000   Code   RO         5036  * .ARM.Collect$$$$00000000  mc_w.l(entry.o)
    0x08000130   0x08000130   0x00000004   Code   RO         5332    .ARM.Collect$$$$00000001  mc_w.l(entry2.o)
    0x08000134   0x08000134   0x00000004   Code   RO         5335    .ARM.Collect$$$$00000004  mc_w.l(entry5.o)
    0x08000138   0x08000138   0x00000000   Code   RO         5337    .ARM.Collect$$$$00000008  mc_w.l(entry7b.o)
    0x08000138   0x08000138   0x00000000   Code   RO         5339    .ARM.Collect$$$$0000000A  mc_w.l(entry8b.o)
    0x08000138   0x08000138   0x00000008   Code   RO         5340    .ARM.Collect$$$$0000000B  mc_w.l(entry9a.o)
    0x08000140   0x08000140   0x00000000   Code   RO         5342    .ARM.Collect$$$$0000000D  mc_w.l(entry10a.o)
    0x08000140   0x08000140   0x00000000   Code   RO         5344    .ARM.Collect$$$$0000000F  mc_w.l(entry11a.o)
    0x08000140   0x08000140   0x00000004   Code   RO         5333    .ARM.Collect$$$$00002712  mc_w.l(entry2.o)
    0x08000144   0x08000144   0x00000024   Code   RO            4    .text               startup_stm32f10x_hd.o
    0x08000168   0x08000168   0x00000062   Code   RO         5039    .text               mc_w.l(uldiv.o)
    0x080001ca   0x080001ca   0x00000062   Code   RO         5041    .text               mc_w.l(ldiv.o)
    0x0800022c   0x0800022c   0x00000024   Code   RO         5043    .text               mc_w.l(memcpya.o)
    0x08000250   0x08000250   0x0000001e   Code   RO         5349    .text               mc_w.l(llshl.o)
    0x0800026e   0x0800026e   0x00000020   Code   RO         5351    .text               mc_w.l(llushr.o)
    0x0800028e   0x0800028e   0x00000002   PAD
    0x08000290   0x08000290   0x00000024   Code   RO         5364    .text               mc_w.l(init.o)
    0x080002b4   0x080002b4   0x00000094   Code   RO         3645    i.ADC2_Init         bsp_adc.o
    0x08000348   0x08000348   0x00000016   Code   RO          183    i.ADC_Cmd           stm32f10x_adc.o
    0x0800035e   0x0800035e   0x00000002   PAD
    0x08000360   0x08000360   0x0000005c   Code   RO          185    i.ADC_DeInit        stm32f10x_adc.o
    0x080003bc   0x080003bc   0x00000014   Code   RO          191    i.ADC_GetCalibrationStatus  stm32f10x_adc.o
    0x080003d0   0x080003d0   0x00000014   Code   RO          197    i.ADC_GetResetCalibrationStatus  stm32f10x_adc.o
    0x080003e4   0x080003e4   0x00000050   Code   RO          201    i.ADC_Init          stm32f10x_adc.o
    0x08000434   0x08000434   0x0000000a   Code   RO          206    i.ADC_ResetCalibration  stm32f10x_adc.o
    0x0800043e   0x0800043e   0x00000016   Code   RO          208    i.ADC_SoftwareStartConvCmd  stm32f10x_adc.o
    0x08000454   0x08000454   0x0000000a   Code   RO          210    i.ADC_StartCalibration  stm32f10x_adc.o
    0x0800045e   0x0800045e   0x00000002   PAD
    0x08000460   0x08000460   0x00000024   Code   RO          212    i.ADC_TempSensorVrefintCmd  stm32f10x_adc.o
    0x08000484   0x08000484   0x0000007c   Code   RO         3646    i.ADC_Temp_Init     bsp_adc.o
    0x08000500   0x08000500   0x0000002e   Code   RO         3876    i.AT24CXX_Check     bsp_at24c02.o
    0x0800052e   0x0800052e   0x00000008   Code   RO         3877    i.AT24CXX_Init      bsp_at24c02.o
    0x08000536   0x08000536   0x00000058   Code   RO         3880    i.AT24CXX_ReadOneByte  bsp_at24c02.o
    0x0800058e   0x0800058e   0x00000050   Code   RO         3883    i.AT24CXX_WriteOneByte  bsp_at24c02.o
    0x080005de   0x080005de   0x0000001c   Code   RO         3587    i.BASIC_TIM_Init    bsp_time.o
    0x080005fa   0x080005fa   0x00000002   PAD
    0x080005fc   0x080005fc   0x00000038   Code   RO         3373    i.BEEP_GPIO_Config  bsp_beep.o
    0x08000634   0x08000634   0x00000010   Code   RO          401    i.BKP_DeInit        stm32f10x_bkp.o
    0x08000644   0x08000644   0x0000001c   Code   RO          406    i.BKP_ReadBackupRegister  stm32f10x_bkp.o
    0x08000660   0x08000660   0x0000001c   Code   RO          410    i.BKP_WriteBackupRegister  stm32f10x_bkp.o
    0x0800067c   0x0800067c   0x00000004   Code   RO         3293    i.BusFault_Handler  stm32f10x_it.o
    0x08000680   0x08000680   0x00000030   Code   RO         4137    i.CmdError          bsp_sd.o
    0x080006b0   0x080006b0   0x00000060   Code   RO         4138    i.CmdResp1Error     bsp_sd.o
    0x08000710   0x08000710   0x00000054   Code   RO         4139    i.CmdResp2Error     bsp_sd.o
    0x08000764   0x08000764   0x00000038   Code   RO         4140    i.CmdResp3Error     bsp_sd.o
    0x0800079c   0x0800079c   0x00000090   Code   RO         4141    i.CmdResp6Error     bsp_sd.o
    0x0800082c   0x0800082c   0x0000004c   Code   RO         4142    i.CmdResp7Error     bsp_sd.o
    0x08000878   0x08000878   0x00000018   Code   RO          868    i.DMA_Cmd           stm32f10x_dma.o
    0x08000890   0x08000890   0x0000014c   Code   RO          869    i.DMA_DeInit        stm32f10x_dma.o
    0x080009dc   0x080009dc   0x0000003c   Code   RO          874    i.DMA_Init          stm32f10x_dma.o
    0x08000a18   0x08000a18   0x0000005c   Code   RO         3776    i.DS18B20_Check     bsp_ds18b20.o
    0x08000a74   0x08000a74   0x00000020   Code   RO         3778    i.DS18B20_IO_IN     bsp_ds18b20.o
    0x08000a94   0x08000a94   0x00000024   Code   RO         3779    i.DS18B20_IO_OUT    bsp_ds18b20.o
    0x08000ab8   0x08000ab8   0x00000034   Code   RO         3780    i.DS18B20_Init      bsp_ds18b20.o
    0x08000aec   0x08000aec   0x00000030   Code   RO         3783    i.DS18B20_Reset     bsp_ds18b20.o
    0x08000b1c   0x08000b1c   0x00000002   Code   RO         3294    i.DebugMon_Handler  stm32f10x_it.o
    0x08000b1e   0x08000b1e   0x00000002   PAD
    0x08000b20   0x08000b20   0x00000028   Code   RO         3405    i.Delay_us          bsp_systick.o
    0x08000b48   0x08000b48   0x00000058   Code   RO         4003    i.EN25QXX_Erase_Sector  bsp_en25q128.o
    0x08000ba0   0x08000ba0   0x00000098   Code   RO         4004    i.EN25QXX_Init      bsp_en25q128.o
    0x08000c38   0x08000c38   0x00000058   Code   RO         4006    i.EN25QXX_Read      bsp_en25q128.o
    0x08000c90   0x08000c90   0x0000004c   Code   RO         4007    i.EN25QXX_ReadID    bsp_en25q128.o
    0x08000cdc   0x08000cdc   0x00000030   Code   RO         4008    i.EN25QXX_ReadSR    bsp_en25q128.o
    0x08000d0c   0x08000d0c   0x00000012   Code   RO         4010    i.EN25QXX_Wait_Busy  bsp_en25q128.o
    0x08000d1e   0x08000d1e   0x00000002   PAD
    0x08000d20   0x08000d20   0x000000b8   Code   RO         4011    i.EN25QXX_Write     bsp_en25q128.o
    0x08000dd8   0x08000dd8   0x00000024   Code   RO         4013    i.EN25QXX_Write_Enable  bsp_en25q128.o
    0x08000dfc   0x08000dfc   0x00000046   Code   RO         4014    i.EN25QXX_Write_NoCheck  bsp_en25q128.o
    0x08000e42   0x08000e42   0x00000002   PAD
    0x08000e44   0x08000e44   0x0000005c   Code   RO         4015    i.EN25QXX_Write_Page  bsp_en25q128.o
    0x08000ea0   0x08000ea0   0x00000030   Code   RO         3457    i.EXTI0_IRQHandler  bsp_exti.o
    0x08000ed0   0x08000ed0   0x0000002c   Code   RO         3458    i.EXTI2_IRQHandler  bsp_exti.o
    0x08000efc   0x08000efc   0x00000030   Code   RO         3459    i.EXTI3_IRQHandler  bsp_exti.o
    0x08000f2c   0x08000f2c   0x0000002c   Code   RO         3460    i.EXTI4_IRQHandler  bsp_exti.o
    0x08000f58   0x08000f58   0x0000000c   Code   RO          939    i.EXTI_ClearITPendingBit  stm32f10x_exti.o
    0x08000f64   0x08000f64   0x00000028   Code   RO          943    i.EXTI_GetITStatus  stm32f10x_exti.o
    0x08000f8c   0x08000f8c   0x00000094   Code   RO          944    i.EXTI_Init         stm32f10x_exti.o
    0x08001020   0x08001020   0x00000118   Code   RO         3461    i.EXTI_Key_Config   bsp_exti.o
    0x08001138   0x08001138   0x00000084   Code   RO         4959    i.FATFS_Init        fatfs_app.o
    0x080011bc   0x080011bc   0x00000034   Code   RO         1177    i.FSMC_NORSRAMCmd   stm32f10x_fsmc.o
    0x080011f0   0x080011f0   0x000000e6   Code   RO         1179    i.FSMC_NORSRAMInit  stm32f10x_fsmc.o
    0x080012d6   0x080012d6   0x00000002   PAD
    0x080012d8   0x080012d8   0x000000f4   Code   RO         3849    i.FSMC_SRAM_Init    bsp_sram.o
    0x080013cc   0x080013cc   0x00000194   Code   RO         4143    i.FindSCR           bsp_sd.o
    0x08001560   0x08001560   0x00000040   Code   RO         1289    i.GPIO_EXTILineConfig  stm32f10x_gpio.o
    0x080015a0   0x080015a0   0x00000116   Code   RO         1292    i.GPIO_Init         stm32f10x_gpio.o
    0x080016b6   0x080016b6   0x00000012   Code   RO         1296    i.GPIO_ReadInputDataBit  stm32f10x_gpio.o
    0x080016c8   0x080016c8   0x00000004   Code   RO         1299    i.GPIO_ResetBits    stm32f10x_gpio.o
    0x080016cc   0x080016cc   0x00000004   Code   RO         1300    i.GPIO_SetBits      stm32f10x_gpio.o
    0x080016d0   0x080016d0   0x00000004   Code   RO         3295    i.HardFault_Handler  stm32f10x_it.o
    0x080016d4   0x080016d4   0x00000038   Code   RO         3936    i.IIC_Ack           bsp_iic.o
    0x0800170c   0x0800170c   0x00000048   Code   RO         3937    i.IIC_Init          bsp_iic.o
    0x08001754   0x08001754   0x00000038   Code   RO         3938    i.IIC_NAck          bsp_iic.o
    0x0800178c   0x0800178c   0x00000058   Code   RO         3939    i.IIC_Read_Byte     bsp_iic.o
    0x080017e4   0x080017e4   0x00000064   Code   RO         3940    i.IIC_Send_Byte     bsp_iic.o
    0x08001848   0x08001848   0x00000038   Code   RO         3941    i.IIC_Start         bsp_iic.o
    0x08001880   0x08001880   0x00000038   Code   RO         3942    i.IIC_Stop          bsp_iic.o
    0x080018b8   0x080018b8   0x00000054   Code   RO         3943    i.IIC_Wait_Ack      bsp_iic.o
    0x0800190c   0x0800190c   0x00000004   Code   RO         4144    i.INTX_DISABLE      bsp_sd.o
    0x08001910   0x08001910   0x00000004   Code   RO         4145    i.INTX_ENABLE       bsp_sd.o
    0x08001914   0x08001914   0x0000009c   Code   RO         4146    i.IsCardProgramming  bsp_sd.o
    0x080019b0   0x080019b0   0x0000003a   Code   RO         3711    i.Is_Leap_Year      bsp_rtc.o
    0x080019ea   0x080019ea   0x00000002   PAD
    0x080019ec   0x080019ec   0x0000004c   Code   RO         3356    i.LED_GPIO_Config   bsp_led.o
    0x08001a38   0x08001a38   0x000000a0   Code   RO         3653    i.Lsens_Init        bsp_adc.o
    0x08001ad8   0x08001ad8   0x00000004   Code   RO         3296    i.MemManage_Handler  stm32f10x_it.o
    0x08001adc   0x08001adc   0x00000002   Code   RO         3297    i.NMI_Handler       stm32f10x_it.o
    0x08001ade   0x08001ade   0x00000026   Code   RO         3498    i.NVIC_Configuration  bsp_usart.o
    0x08001b04   0x08001b04   0x00000070   Code   RO          137    i.NVIC_Init         misc.o
    0x08001b74   0x08001b74   0x00000014   Code   RO          138    i.NVIC_PriorityGroupConfig  misc.o
    0x08001b88   0x08001b88   0x0000000c   Code   RO         1646    i.PWR_BackupAccessCmd  stm32f10x_pwr.o
    0x08001b94   0x08001b94   0x00000002   Code   RO         3298    i.PendSV_Handler    stm32f10x_it.o
    0x08001b96   0x08001b96   0x00000002   PAD
    0x08001b98   0x08001b98   0x00000018   Code   RO         1706    i.RCC_ADCCLKConfig  stm32f10x_rcc.o
    0x08001bb0   0x08001bb0   0x00000020   Code   RO         1707    i.RCC_AHBPeriphClockCmd  stm32f10x_rcc.o
    0x08001bd0   0x08001bd0   0x00000020   Code   RO         1708    i.RCC_APB1PeriphClockCmd  stm32f10x_rcc.o
    0x08001bf0   0x08001bf0   0x00000020   Code   RO         1710    i.RCC_APB2PeriphClockCmd  stm32f10x_rcc.o
    0x08001c10   0x08001c10   0x00000020   Code   RO         1711    i.RCC_APB2PeriphResetCmd  stm32f10x_rcc.o
    0x08001c30   0x08001c30   0x0000000c   Code   RO         1713    i.RCC_BackupResetCmd  stm32f10x_rcc.o
    0x08001c3c   0x08001c3c   0x000000d4   Code   RO         1718    i.RCC_GetClocksFreq  stm32f10x_rcc.o
    0x08001d10   0x08001d10   0x0000003c   Code   RO         1719    i.RCC_GetFlagStatus  stm32f10x_rcc.o
    0x08001d4c   0x08001d4c   0x00000034   Code   RO         1726    i.RCC_LSEConfig     stm32f10x_rcc.o
    0x08001d80   0x08001d80   0x0000000c   Code   RO         1733    i.RCC_RTCCLKCmd     stm32f10x_rcc.o
    0x08001d8c   0x08001d8c   0x00000010   Code   RO         1734    i.RCC_RTCCLKConfig  stm32f10x_rcc.o
    0x08001d9c   0x08001d9c   0x000000c8   Code   RO         3712    i.RTC_Alarm_Set     bsp_rtc.o
    0x08001e64   0x08001e64   0x00000010   Code   RO         1907    i.RTC_ClearITPendingBit  stm32f10x_rtc.o
    0x08001e74   0x08001e74   0x00000014   Code   RO         1908    i.RTC_EnterConfigMode  stm32f10x_rtc.o
    0x08001e88   0x08001e88   0x00000014   Code   RO         1909    i.RTC_ExitConfigMode  stm32f10x_rtc.o
    0x08001e9c   0x08001e9c   0x00000100   Code   RO         3713    i.RTC_Get           bsp_rtc.o
    0x08001f9c   0x08001f9c   0x00000014   Code   RO         1910    i.RTC_GetCounter    stm32f10x_rtc.o
    0x08001fb0   0x08001fb0   0x00000024   Code   RO         1913    i.RTC_GetITStatus   stm32f10x_rtc.o
    0x08001fd4   0x08001fd4   0x00000078   Code   RO         3714    i.RTC_Get_Week      bsp_rtc.o
    0x0800204c   0x0800204c   0x0000002c   Code   RO         3715    i.RTC_IRQHandler    bsp_rtc.o
    0x08002078   0x08002078   0x00000020   Code   RO         1914    i.RTC_ITConfig      stm32f10x_rtc.o
    0x08002098   0x08002098   0x000000ca   Code   RO         3716    i.RTC_Init          bsp_rtc.o
    0x08002162   0x08002162   0x00000020   Code   RO         3717    i.RTC_NVIC_Config   bsp_rtc.o
    0x08002182   0x08002182   0x00000002   PAD
    0x08002184   0x08002184   0x000000c8   Code   RO         3718    i.RTC_Set           bsp_rtc.o
    0x0800224c   0x0800224c   0x0000001c   Code   RO         1915    i.RTC_SetAlarm      stm32f10x_rtc.o
    0x08002268   0x08002268   0x0000001c   Code   RO         1916    i.RTC_SetCounter    stm32f10x_rtc.o
    0x08002284   0x08002284   0x00000020   Code   RO         1917    i.RTC_SetPrescaler  stm32f10x_rtc.o
    0x080022a4   0x080022a4   0x00000014   Code   RO         1918    i.RTC_WaitForLastTask  stm32f10x_rtc.o
    0x080022b8   0x080022b8   0x00000024   Code   RO         1919    i.RTC_WaitForSynchro  stm32f10x_rtc.o
    0x080022dc   0x080022dc   0x0000001c   Code   RO         3944    i.SDA_IN            bsp_iic.o
    0x080022f8   0x080022f8   0x00000024   Code   RO         3945    i.SDA_OUT           bsp_iic.o
    0x0800231c   0x0800231c   0x000000ac   Code   RO         4147    i.SDEnWideBus       bsp_sd.o
    0x080023c8   0x080023c8   0x0000000c   Code   RO         1997    i.SDIO_ClearFlag    stm32f10x_sdio.o
    0x080023d4   0x080023d4   0x0000000c   Code   RO         1999    i.SDIO_ClockCmd     stm32f10x_sdio.o
    0x080023e0   0x080023e0   0x00000014   Code   RO         4148    i.SDIO_Clock_Set    bsp_sd.o
    0x080023f4   0x080023f4   0x0000000c   Code   RO         2002    i.SDIO_DMACmd       stm32f10x_sdio.o
    0x08002400   0x08002400   0x00000030   Code   RO         2003    i.SDIO_DataConfig   stm32f10x_sdio.o
    0x08002430   0x08002430   0x00000024   Code   RO         2005    i.SDIO_DeInit       stm32f10x_sdio.o
    0x08002454   0x08002454   0x00000018   Code   RO         2009    i.SDIO_GetFlagStatus  stm32f10x_sdio.o
    0x0800246c   0x0800246c   0x00000010   Code   RO         2011    i.SDIO_GetPowerState  stm32f10x_sdio.o
    0x0800247c   0x0800247c   0x00000008   Code   RO         4149    i.SDIO_IRQHandler   bsp_sd.o
    0x08002484   0x08002484   0x00000030   Code   RO         2014    i.SDIO_Init         stm32f10x_sdio.o
    0x080024b4   0x080024b4   0x0000000c   Code   RO         2015    i.SDIO_ReadData     stm32f10x_sdio.o
    0x080024c0   0x080024c0   0x0000002c   Code   RO         2017    i.SDIO_SendCommand  stm32f10x_sdio.o
    0x080024ec   0x080024ec   0x0000001c   Code   RO         2019    i.SDIO_SetPowerState  stm32f10x_sdio.o
    0x08002508   0x08002508   0x0000000c   Code   RO         2025    i.SDIO_WriteData    stm32f10x_sdio.o
    0x08002514   0x08002514   0x00000068   Code   RO         4150    i.SD_DMA_Config     bsp_sd.o
    0x0800257c   0x0800257c   0x00000068   Code   RO         4151    i.SD_EnableWideBusOperation  bsp_sd.o
    0x080025e4   0x080025e4   0x00000314   Code   RO         4152    i.SD_GetCardInfo    bsp_sd.o
    0x080028f8   0x080028f8   0x00000100   Code   RO         4154    i.SD_Init           bsp_sd.o
    0x080029f8   0x080029f8   0x00000154   Code   RO         4155    i.SD_InitializeCards  bsp_sd.o
    0x08002b4c   0x08002b4c   0x000001dc   Code   RO         4157    i.SD_PowerON        bsp_sd.o
    0x08002d28   0x08002d28   0x0000013c   Code   RO         4158    i.SD_ProcessIRQSrc  bsp_sd.o
    0x08002e64   0x08002e64   0x00000258   Code   RO         4159    i.SD_ReadBlock      bsp_sd.o
    0x080030bc   0x080030bc   0x00000098   Code   RO         4160    i.SD_ReadDisk       bsp_sd.o
    0x08003154   0x08003154   0x000002e8   Code   RO         4161    i.SD_ReadMultiBlocks  bsp_sd.o
    0x0800343c   0x0800343c   0x00000030   Code   RO         4162    i.SD_SelectDeselect  bsp_sd.o
    0x0800346c   0x0800346c   0x00000018   Code   RO         4164    i.SD_SetDeviceMode  bsp_sd.o
    0x08003484   0x08003484   0x00000374   Code   RO         4165    i.SD_WriteBlock     bsp_sd.o
    0x080037f8   0x080037f8   0x00000098   Code   RO         4166    i.SD_WriteDisk      bsp_sd.o
    0x08003890   0x08003890   0x000003c0   Code   RO         4167    i.SD_WriteMultiBlocks  bsp_sd.o
    0x08003c50   0x08003c50   0x0000008c   Code   RO         4113    i.SPI2_Init         bsp_spi.o
    0x08003cdc   0x08003cdc   0x00000038   Code   RO         4114    i.SPI2_ReadWriteByte  bsp_spi.o
    0x08003d14   0x08003d14   0x00000028   Code   RO         4115    i.SPI2_SetSpeed     bsp_spi.o
    0x08003d3c   0x08003d3c   0x00000018   Code   RO         2187    i.SPI_Cmd           stm32f10x_spi.o
    0x08003d54   0x08003d54   0x00000012   Code   RO         2195    i.SPI_I2S_GetFlagStatus  stm32f10x_spi.o
    0x08003d66   0x08003d66   0x00000006   Code   RO         2198    i.SPI_I2S_ReceiveData  stm32f10x_spi.o
    0x08003d6c   0x08003d6c   0x00000004   Code   RO         2199    i.SPI_I2S_SendData  stm32f10x_spi.o
    0x08003d70   0x08003d70   0x0000003c   Code   RO         2200    i.SPI_Init          stm32f10x_spi.o
    0x08003dac   0x08003dac   0x00000002   Code   RO         3299    i.SVC_Handler       stm32f10x_it.o
    0x08003dae   0x08003dae   0x00000008   Code   RO           24    i.SetSysClock       system_stm32f10x.o
    0x08003db6   0x08003db6   0x00000002   PAD
    0x08003db8   0x08003db8   0x000000e0   Code   RO           25    i.SetSysClockTo72   system_stm32f10x.o
    0x08003e98   0x08003e98   0x00000054   Code   RO         3406    i.SysTick_Config    bsp_systick.o
    0x08003eec   0x08003eec   0x00000048   Code   RO         3407    i.SysTick_Delay_Ms  bsp_systick.o
    0x08003f34   0x08003f34   0x00000048   Code   RO         3408    i.SysTick_Delay_Us  bsp_systick.o
    0x08003f7c   0x08003f7c   0x00000008   Code   RO         3300    i.SysTick_Handler   stm32f10x_it.o
    0x08003f84   0x08003f84   0x00000024   Code   RO         3409    i.SysTick_Init      bsp_systick.o
    0x08003fa8   0x08003fa8   0x00000060   Code   RO           27    i.SystemInit        system_stm32f10x.o
    0x08004008   0x08004008   0x00000080   Code   RO         2326    i.TI1_Config        stm32f10x_tim.o
    0x08004088   0x08004088   0x00000098   Code   RO         2327    i.TI2_Config        stm32f10x_tim.o
    0x08004120   0x08004120   0x00000090   Code   RO         2328    i.TI3_Config        stm32f10x_tim.o
    0x080041b0   0x080041b0   0x00000098   Code   RO         2329    i.TI4_Config        stm32f10x_tim.o
    0x08004248   0x08004248   0x00000140   Code   RO         3588    i.TIM5_IRQHandler   bsp_time.o
    0x08004388   0x08004388   0x000000bc   Code   RO         3589    i.TIM5_Input_Capture  bsp_time.o
    0x08004444   0x08004444   0x0000003c   Code   RO         3590    i.TIM6_IRQHandler   bsp_time.o
    0x08004480   0x08004480   0x00000058   Code   RO         3591    i.TIM6_Init         bsp_time.o
    0x080044d8   0x080044d8   0x0000003c   Code   RO         3592    i.TIM7_IRQHandler   bsp_time.o
    0x08004514   0x08004514   0x00000058   Code   RO         3593    i.TIM7_Init         bsp_time.o
    0x0800456c   0x0800456c   0x00000006   Code   RO         2336    i.TIM_ClearFlag     stm32f10x_tim.o
    0x08004572   0x08004572   0x00000006   Code   RO         2337    i.TIM_ClearITPendingBit  stm32f10x_tim.o
    0x08004578   0x08004578   0x00000018   Code   RO         2342    i.TIM_Cmd           stm32f10x_tim.o
    0x08004590   0x08004590   0x00000006   Code   RO         2357    i.TIM_GetCapture1   stm32f10x_tim.o
    0x08004596   0x08004596   0x00000022   Code   RO         2363    i.TIM_GetITStatus   stm32f10x_tim.o
    0x080045b8   0x080045b8   0x000000ac   Code   RO         2365    i.TIM_ICInit        stm32f10x_tim.o
    0x08004664   0x08004664   0x00000012   Code   RO         2367    i.TIM_ITConfig      stm32f10x_tim.o
    0x08004676   0x08004676   0x00000012   Code   RO         2373    i.TIM_OC1PolarityConfig  stm32f10x_tim.o
    0x08004688   0x08004688   0x00000004   Code   RO         2407    i.TIM_SetCounter    stm32f10x_tim.o
    0x0800468c   0x0800468c   0x00000012   Code   RO         2408    i.TIM_SetIC1Prescaler  stm32f10x_tim.o
    0x0800469e   0x0800469e   0x0000001a   Code   RO         2409    i.TIM_SetIC2Prescaler  stm32f10x_tim.o
    0x080046b8   0x080046b8   0x00000012   Code   RO         2410    i.TIM_SetIC3Prescaler  stm32f10x_tim.o
    0x080046ca   0x080046ca   0x0000001a   Code   RO         2411    i.TIM_SetIC4Prescaler  stm32f10x_tim.o
    0x080046e4   0x080046e4   0x000000a4   Code   RO         2413    i.TIM_TimeBaseInit  stm32f10x_tim.o
    0x08004788   0x08004788   0x00000018   Code   RO         3410    i.TimingDelay_Decrement  bsp_systick.o
    0x080047a0   0x080047a0   0x00000024   Code   RO         3499    i.USART1_IRQHandler  bsp_usart.o
    0x080047c4   0x080047c4   0x00000018   Code   RO         2878    i.USART_Cmd         stm32f10x_usart.o
    0x080047dc   0x080047dc   0x00000090   Code   RO         3500    i.USART_Config      bsp_usart.o
    0x0800486c   0x0800486c   0x0000001a   Code   RO         2881    i.USART_GetFlagStatus  stm32f10x_usart.o
    0x08004886   0x08004886   0x00000054   Code   RO         2882    i.USART_GetITStatus  stm32f10x_usart.o
    0x080048da   0x080048da   0x0000004a   Code   RO         2884    i.USART_ITConfig    stm32f10x_usart.o
    0x08004924   0x08004924   0x000000d8   Code   RO         2885    i.USART_Init        stm32f10x_usart.o
    0x080049fc   0x080049fc   0x0000000a   Code   RO         2892    i.USART_ReceiveData  stm32f10x_usart.o
    0x08004a06   0x08004a06   0x00000008   Code   RO         2895    i.USART_SendData    stm32f10x_usart.o
    0x08004a0e   0x08004a0e   0x00000004   Code   RO         3301    i.UsageFault_Handler  stm32f10x_it.o
    0x08004a12   0x08004a12   0x00000002   PAD
    0x08004a14   0x08004a14   0x0000000c   Code   RO         3054    i.WWDG_ClearFlag    stm32f10x_wwdg.o
    0x08004a20   0x08004a20   0x0000000e   Code   RO         3564    i.WWDG_IRQHandler   bsp_wwdg.o
    0x08004a2e   0x08004a2e   0x00000002   PAD
    0x08004a30   0x08004a30   0x00000010   Code   RO         3059    i.WWDG_SetCounter   stm32f10x_wwdg.o
    0x08004a40   0x08004a40   0x00000020   Code   RO         5188    i.__0printf$5       mc_w.l(printf5.o)
    0x08004a60   0x08004a60   0x0000000e   Code   RO         5368    i.__scatterload_copy  mc_w.l(handlers.o)
    0x08004a6e   0x08004a6e   0x00000002   Code   RO         5369    i.__scatterload_null  mc_w.l(handlers.o)
    0x08004a70   0x08004a70   0x0000000e   Code   RO         5370    i.__scatterload_zeroinit  mc_w.l(handlers.o)
    0x08004a7e   0x08004a7e   0x00000002   PAD
    0x08004a80   0x08004a80   0x000002c0   Code   RO         5195    i._printf_core      mc_w.l(printf5.o)
    0x08004d40   0x08004d40   0x00000088   Code   RO         4437    i.change_bitmap     ff.o
    0x08004dc8   0x08004dc8   0x00000084   Code   RO         4438    i.check_fs          ff.o
    0x08004e4c   0x08004e4c   0x00000014   Code   RO         4439    i.chk_chr           ff.o
    0x08004e60   0x08004e60   0x0000001a   Code   RO         4441    i.clust2sect        ff.o
    0x08004e7a   0x08004e7a   0x00000012   Code   RO         4168    i.convert_from_bytes_to_power_of_two  bsp_sd.o
    0x08004e8c   0x08004e8c   0x0000015e   Code   RO         4443    i.create_chain      ff.o
    0x08004fea   0x08004fea   0x0000007c   Code   RO         4446    i.dir_alloc         ff.o
    0x08005066   0x08005066   0x00000120   Code   RO         4448    i.dir_next          ff.o
    0x08005186   0x08005186   0x00000104   Code   RO         4449    i.dir_read          ff.o
    0x0800528a   0x0800528a   0x000000aa   Code   RO         4452    i.dir_sdi           ff.o
    0x08005334   0x08005334   0x00000038   Code   RO         4855    i.disk_initialize   diskio.o
    0x0800536c   0x0800536c   0x000000b4   Code   RO         4856    i.disk_ioctl        diskio.o
    0x08005420   0x08005420   0x0000007a   Code   RO         4857    i.disk_read         diskio.o
    0x0800549a   0x0800549a   0x00000006   Code   RO         4858    i.disk_status       diskio.o
    0x080054a0   0x080054a0   0x0000007a   Code   RO         4859    i.disk_write        diskio.o
    0x0800551a   0x0800551a   0x00000166   Code   RO         4455    i.f_getfree         ff.o
    0x08005680   0x08005680   0x00000570   Code   RO         4460    i.f_mkfs            ff.o
    0x08005bf0   0x08005bf0   0x0000005c   Code   RO         4461    i.f_mount           ff.o
    0x08005c4c   0x08005c4c   0x00000268   Code   RO         4470    i.f_setlabel        ff.o
    0x08005eb4   0x08005eb4   0x0000004a   Code   RO         4967    i.fatfs_getfree     fatfs_app.o
    0x08005efe   0x08005efe   0x00000002   PAD
    0x08005f00   0x08005f00   0x0000007c   Code   RO         4930    i.ff_convert        cc936.o
    0x08005f7c   0x08005f7c   0x000000a4   Code   RO         4931    i.ff_wtoupper       cc936.o
    0x08006020   0x08006020   0x000000a4   Code   RO         4477    i.find_bitmap       ff.o
    0x080060c4   0x080060c4   0x00000458   Code   RO         4478    i.find_volume       ff.o
    0x0800651c   0x0800651c   0x00000024   Code   RO         3506    i.fputc             bsp_usart.o
    0x08006540   0x08006540   0x0000017a   Code   RO         4481    i.get_fat           ff.o
    0x080066ba   0x080066ba   0x00000004   Code   RO         4862    i.get_fattime       diskio.o
    0x080066be   0x080066be   0x0000004a   Code   RO         4483    i.get_ldnumber      ff.o
    0x08006708   0x08006708   0x00000018   Code   RO         4486    i.ld_dword          ff.o
    0x08006720   0x08006720   0x00000062   Code   RO         4487    i.ld_qword          ff.o
    0x08006782   0x08006782   0x0000000c   Code   RO         4488    i.ld_word           ff.o
    0x0800678e   0x0800678e   0x000000dc   Code   RO         4490    i.load_xdir         ff.o
    0x0800686a   0x0800686a   0x00000002   PAD
    0x0800686c   0x0800686c   0x0000015c   Code   RO         3108    i.main              main.o
    0x080069c8   0x080069c8   0x00000024   Code   RO         4491    i.mem_cmp           ff.o
    0x080069ec   0x080069ec   0x0000001a   Code   RO         4492    i.mem_cpy           ff.o
    0x08006a06   0x08006a06   0x00000012   Code   RO         4493    i.mem_set           ff.o
    0x08006a18   0x08006a18   0x00000034   Code   RO         4494    i.move_window       ff.o
    0x08006a4c   0x08006a4c   0x00000044   Code   RO         4369    i.my_mem_init       malloc.o
    0x08006a90   0x08006a90   0x000000a8   Code   RO         4370    i.my_mem_malloc     malloc.o
    0x08006b38   0x08006b38   0x00000040   Code   RO         4371    i.my_mem_perused    malloc.o
    0x08006b78   0x08006b78   0x00000014   Code   RO         4372    i.my_mem_set        malloc.o
    0x08006b8c   0x08006b8c   0x00000028   Code   RO         4374    i.mymalloc          malloc.o
    0x08006bb4   0x08006bb4   0x00000088   Code   RO         4495    i.pick_lfn          ff.o
    0x08006c3c   0x08006c3c   0x00000144   Code   RO         4496    i.put_fat           ff.o
    0x08006d80   0x08006d80   0x00000018   Code   RO         4501    i.st_dword          ff.o
    0x08006d98   0x08006d98   0x0000000c   Code   RO         4503    i.st_word           ff.o
    0x08006da4   0x08006da4   0x00000020   Code   RO         4505    i.sum_sfn           ff.o
    0x08006dc4   0x08006dc4   0x00000090   Code   RO         4506    i.sync_fs           ff.o
    0x08006e54   0x08006e54   0x00000052   Code   RO         4507    i.sync_window       ff.o
    0x08006ea6   0x08006ea6   0x0000003a   Code   RO         4509    i.xdir_sum          ff.o
    0x08006ee0   0x08006ee0   0x00000018   Data   RO         3720    .constdata          bsp_rtc.o
    0x08006ef8   0x08006ef8   0x00000018   Data   RO         4379    .constdata          malloc.o
    0x08006f10   0x08006f10   0x0000004a   Data   RO         4512    .constdata          ff.o
    0x08006f5a   0x08006f5a   0x0002abb6   Data   RO         4932    .constdata          cc936.o
    0x08031b10   0x08031b10   0x00000020   Data   RO         5366    Region$$Table       anon$$obj.o


    Execution Region RW_IRAM1 (Exec base: 0x20000000, Load base: 0x08031b30, Size: 0x0000c2e8, Max: 0x00010000, ABSOLUTE)

    Exec Addr    Load Addr    Size         Type   Attr      Idx    E Section Name        Object

    0x20000000   0x08031b30   0x00000014   Data   RW           28    .data               system_stm32f10x.o
    0x20000014   0x08031b44   0x00000014   Data   RW         1738    .data               stm32f10x_rcc.o
    0x20000028   0x08031b58   0x00000004   Data   RW         3412    .data               bsp_systick.o
    0x2000002c   0x08031b5c   0x0000000e   Data   RW         3594    .data               bsp_time.o
    0x2000003a   0x08031b6a   0x00000002   Data   RW         3721    .data               bsp_rtc.o
    0x2000003c   0x08031b6c   0x00000002   Data   RW         4019    .data               bsp_en25q128.o
    0x2000003e   0x08031b6e   0x00000002   PAD
    0x20000040   0x08031b70   0x00000010   Data   RW         4170    .data               bsp_sd.o
    0x20000050   0x08031b80   0x0000001c   Data   RW         4380    .data               malloc.o
    0x2000006c   0x08031b9c   0x00000002   Data   RW         4513    .data               ff.o
    0x2000006e   0x08031b9e   0x00000002   Data   RW         4863    .data               diskio.o
    0x20000070   0x08031ba0   0x00000014   Data   RW         4971    .data               fatfs_app.o
    0x20000084   0x08031bb4   0x00000004   Data   RW         5346    .data               mc_w.l(stdout.o)
    0x20000088        -       0x0000000a   Zero   RW         3719    .bss                bsp_rtc.o
    0x20000092        -       0x00001000   Zero   RW         4017    .bss                bsp_en25q128.o
    0x20001092   0x08031bb8   0x00000006   PAD
    0x20001098        -       0x000002c0   Zero   RW         4169    .bss                bsp_sd.o
    0x20001358   0x08031bb8   0x00000008   PAD
    0x20001360        -       0x0000aa00   Zero   RW         4378    .bss                malloc.o
    0x2000bd60        -       0x00000010   Zero   RW         4511    .bss                ff.o
    0x2000bd70        -       0x00000178   Zero   RW         4968    .bss                fatfs_app.o
    0x2000bee8        -       0x00000400   Zero   RW            1    STACK               startup_stm32f10x_hd.o



  Load Region LR$$.ARM.__AT_0x68000000 (Base: 0x68000000, Size: 0x00000000, Max: 0x000f0000, ABSOLUTE)

    Execution Region ER$$.ARM.__AT_0x68000000 (Exec base: 0x68000000, Load base: 0x68000000, Size: 0x000f0000, Max: 0x000f0000, ABSOLUTE, UNINIT)

    Exec Addr    Load Addr    Size         Type   Attr      Idx    E Section Name        Object

    0x68000000        -       0x000f0000   Zero   RW         4376    .ARM.__AT_0x68000000  malloc.o



  Load Region LR$$.ARM.__AT_0x680F0000 (Base: 0x680f0000, Size: 0x00000000, Max: 0x0000f000, ABSOLUTE)

    Execution Region ER$$.ARM.__AT_0x680F0000 (Exec base: 0x680f0000, Load base: 0x680f0000, Size: 0x0000f000, Max: 0x0000f000, ABSOLUTE, UNINIT)

    Exec Addr    Load Addr    Size         Type   Attr      Idx    E Section Name        Object

    0x680f0000        -       0x0000f000   Zero   RW         4377    .ARM.__AT_0x680F0000  malloc.o


==============================================================================

Image component sizes


      Code (inc. data)   RO Data    RW Data    ZI Data      Debug   Object Name

       432         24          0          0          0       1857   bsp_adc.o
       222          0          0          0          0       2388   bsp_at24c02.o
        56          6          0          0          0        567   bsp_beep.o
       260         26          0          0          0       2768   bsp_ds18b20.o
       852         84          0          2       4096       7386   bsp_en25q128.o
       464         34          0          0          0       2774   bsp_exti.o
       632         46          0          0          0       5309   bsp_iic.o
        76          8          0          0          0        574   bsp_led.o
      1112         52         24          2         10       7114   bsp_rtc.o
      7238        386          0         16        704      34003   bsp_sd.o
       236         20          0          0          0       1737   bsp_spi.o
       244         18          0          0          0        749   bsp_sram.o
       328         42          0          4          0      19163   bsp_systick.o
       832        142          0         14          0       5739   bsp_time.o
       254         16          0          0          0       4007   bsp_usart.o
        14          0          0          0          0        482   bsp_wwdg.o
       288         26     175030          0          0       2867   cc936.o
         0          0          0          0          0       4548   core_cm3.o
       490         14          0          2          0       6369   diskio.o
       206         18          0         20        376       2653   fatfs_app.o
      6990        140         74          2         16      34888   ff.o
       348         34          0          0          0     236499   main.o
       360         42         24         28    1088000       4995   malloc.o
       132         22          0          0          0       1627   misc.o
        36          8        304          0       1024        860   startup_stm32f10x_hd.o
       312         30          0          0          0       7125   stm32f10x_adc.o
        72         10          0          0          0       2768   stm32f10x_bkp.o
       416          8          0          0          0       3506   stm32f10x_dma.o
       200         18          0          0          0       2192   stm32f10x_exti.o
       282          6          0          0          0       1905   stm32f10x_fsmc.o
       368          4          0          0          0       4338   stm32f10x_gpio.o
        32          0          0          0          0       3802   stm32f10x_it.o
        12          6          0          0          0        502   stm32f10x_pwr.o
       516         76          0         20          0       8834   stm32f10x_rcc.o
       288         52          0          0          0       5603   stm32f10x_rtc.o
       304         72          0          0          0       8030   stm32f10x_sdio.o
       112          0          0          0          0       3898   stm32f10x_spi.o
      1116        150          0          0          0      11658   stm32f10x_tim.o
       442          6          0          0          0       6209   stm32f10x_usart.o
        28         10          0          0          0        955   stm32f10x_wwdg.o
       328         28          0         20          0     295869   system_stm32f10x.o

    ----------------------------------------------------------------------
     26960       1684     175488        132    1094240     759117   Object Totals
         0          0         32          0          0          0   (incl. Generated)
        30          0          0          2         14          0   (incl. Padding)

    ----------------------------------------------------------------------

      Code (inc. data)   RO Data    RW Data    ZI Data      Debug   Library Member Name

         0          0          0          0          0          0   entry.o
         0          0          0          0          0          0   entry10a.o
         0          0          0          0          0          0   entry11a.o
         8          4          0          0          0          0   entry2.o
         4          0          0          0          0          0   entry5.o
         0          0          0          0          0          0   entry7b.o
         0          0          0          0          0          0   entry8b.o
         8          4          0          0          0          0   entry9a.o
        30          0          0          0          0          0   handlers.o
        36          8          0          0          0         68   init.o
        98          0          0          0          0         84   ldiv.o
        30          0          0          0          0         68   llshl.o
        32          0          0          0          0         68   llushr.o
        36          0          0          0          0         68   memcpya.o
       736         56          0          0          0        184   printf5.o
         0          0          0          4          0          0   stdout.o
        98          0          0          0          0         92   uldiv.o

    ----------------------------------------------------------------------
      1120         72          0          4          0        632   Library Totals
         4          0          0          0          0          0   (incl. Padding)

    ----------------------------------------------------------------------

      Code (inc. data)   RO Data    RW Data    ZI Data      Debug   Library Name

      1116         72          0          4          0        632   mc_w.l

    ----------------------------------------------------------------------
      1120         72          0          4          0        632   Library Totals

    ----------------------------------------------------------------------

==============================================================================


      Code (inc. data)   RO Data    RW Data    ZI Data      Debug   

     28080       1756     175488        136    1094240     746745   Grand Totals
     28080       1756     175488        136    1094240     746745   ELF Image Totals
     28080       1756     175488        136          0          0   ROM Totals

==============================================================================

    Total RO  Size (Code + RO Data)               203568 ( 198.80kB)
    Total RW  Size (RW Data + ZI Data)           1094376 (1068.73kB)
    Total ROM Size (Code + RO Data + RW Data)     203704 ( 198.93kB)

==============================================================================

