<html>
<body>
<pre>
<h1>µVision Build Log</h1>
<h2>Tool Versions:</h2>
IDE-Version: ¦ÌVision V5.28.0.0
Copyright (C) 2019 ARM Ltd and ARM Germany GmbH. All rights reserved.
License Information: hxq »ÆÏþÇì, hxq, LIC=D0D7S-LRYRS-30ZNC-7H7YW-8UHXB-P34ET
 
Tool Versions:
Toolchain:       MDK-ARM Plus  Version: 5.28.0.0
Toolchain Path:  D:\Installation_Path\Keil\Core\ARM\ARMCC\Bin
C Compiler:      Armcc.exe V5.06 update 6 (build 750)
Assembler:       Armasm.exe V5.06 update 6 (build 750)
Linker/Locator:  ArmLink.exe V5.06 update 6 (build 750)
Library Manager: ArmAr.exe V5.06 update 6 (build 750)
Hex Converter:   FromElf.exe V5.06 update 6 (build 750)
CPU DLL:         SARMCM3.DLL V5.28.0.0
Dialog DLL:      DCM.DLL V1.17.3.0
Target DLL:      CMSIS_AGDI.dll V1.31.18.0
Dialog DLL:      TCM.DLL V1.36.2.0
 
<h2>Project:</h2>
E:\hxq_work\STM32F103ZET6_SDK\SDK_22_12_10\Template.uvprojx
Project File Date:  01/03/2023

<h2>Output:</h2>
*** Using Compiler 'V5.06 update 6 (build 750)', folder: 'D:\Installation_Path\Keil\Core\ARM\ARMCC\Bin'
Rebuild target 'Target 1'
assembling startup_stm32f103xe.s...
compiling stm32f1xx_it.c...
compiling stm32f1xx_hal_cec.c...
compiling stm32f1xx_hal.c...
compiling stm32f1xx_hal_crc.c...
compiling stm32f1xx_hal_cortex.c...
compiling stm32f1xx_hal_pwr.c...
compiling stm32f1xx_hal_can.c...
compiling stm32f1xx_hal_gpio_ex.c...
compiling stm32f1xx_hal_rcc_ex.c...
compiling stm32f1xx_hal_adc_ex.c...
compiling system_stm32f1xx.c...
compiling main.c...
User\main.c(21): warning:  #177-D: variable "fx"  was declared but never referenced
  	u8 fx=0;
User\main.c(22): warning:  #177-D: variable "data"  was declared but never referenced
  	u16 data=1234;
User\main.c(23): warning:  #177-D: variable "fdata"  was declared but never referenced
  	float fdata=12.34;
User\main.c(24): warning:  #177-D: variable "str"  was declared but never referenced
  	char str[]="Hello World!";
User\main.c: 4 warnings, 0 errors
compiling stm32f1xx_hal_gpio.c...
compiling stm32f1xx_hal_adc.c...
compiling stm32f1xx_hal_rcc.c...
compiling stm32f1xx_hal_dac_ex.c...
compiling stm32f1xx_hal_hcd.c...
compiling stm32f1xx_hal_exti.c...
compiling stm32f1xx_hal_dac.c...
compiling stm32f1xx_hal_eth.c...
compiling stm32f1xx_hal_msp_template.c...
compiling stm32f1xx_hal_dma.c...
compiling stm32f1xx_hal_iwdg.c...
compiling stm32f1xx_hal_irda.c...
compiling stm32f1xx_hal_flash.c...
compiling stm32f1xx_hal_flash_ex.c...
compiling stm32f1xx_hal_i2s.c...
compiling stm32f1xx_hal_mmc.c...
compiling stm32f1xx_hal_nand.c...
compiling stm32f1xx_hal_i2c.c...
compiling stm32f1xx_hal_wwdg.c...
compiling stm32f1xx_hal_pcd_ex.c...
compiling stm32f1xx_hal_sram.c...
compiling stm32f1xx_ll_adc.c...
compiling stm32f1xx_hal_pcd.c...
compiling stm32f1xx_hal_smartcard.c...
compiling stm32f1xx_ll_crc.c...
compiling stm32f1xx_hal_nor.c...
compiling stm32f1xx_hal_pccard.c...
compiling stm32f1xx_hal_usart.c...
compiling stm32f1xx_ll_dac.c...
compiling stm32f1xx_hal_rtc.c...
compiling stm32f1xx_hal_uart.c...
compiling stm32f1xx_hal_rtc_ex.c...
compiling stm32f1xx_ll_dma.c...
compiling stm32f1xx_hal_tim_ex.c...
compiling stm32f1xx_hal_spi.c...
compiling stm32f1xx_ll_exti.c...
compiling stm32f1xx_hal_sd.c...
compiling stm32f1xx_ll_gpio.c...
compiling stm32f1xx_ll_i2c.c...
compiling stm32f1xx_ll_pwr.c...
compiling stm32f1xx_ll_rcc.c...
compiling stm32f1xx_hal_tim.c...
compiling stm32f1xx_ll_rtc.c...
compiling stm32f1xx_ll_spi.c...
compiling stm32f1xx_ll_tim.c...
compiling stm32f1xx_ll_usart.c...
compiling hxq_drv_beep.c...
compiling stm32f1xx_ll_fsmc.c...
compiling hxq_drv_pwm.c...
compiling SysTick.c...
compiling hxq_drv_exti.c...
compiling system.c...
compiling hxq_drv_usart.c...
compiling hxq_drv_key.c...
compiling hxq_drv_led.c...
compiling hxq_drv_time.c...
compiling hxq_drv_input.c...
compiling stm32f1xx_ll_sdmmc.c...
compiling stm32f1xx_ll_usb.c...
compiling stm32f1xx_ll_utils.c...
linking...
Program Size: Code=10600 RO-data=360 RW-data=36 ZI-data=1420  
FromELF: creating hex file...
".\Obj\Template.axf" - 0 Error(s), 4 Warning(s).

<h2>Software Packages used:</h2>

Package Vendor: Keil
                http://www.keil.com/pack/Keil.STM32F1xx_DFP.1.0.5.pack
                Keil.STM32F1xx_DFP.1.0.5
                STMicroelectronics STM32F1 Series Device Support, Drivers and Examples

<h2>Collection of Component include folders:</h2>
  .\RTE\_Target_1
  D:\Installation_Path\Keil\Pack\Keil\STM32F1xx_DFP\1.0.5\Device\Include

<h2>Collection of Component Files used:</h2>
Build Time Elapsed:  00:00:21
</pre>
</body>
</html>
