<!doctype html public "-//w3c//dtd html 4.0 transitional//en">
<html><head>
<title>Static Call Graph - [.\Objects\F103ZET6.axf]</title></head>
<body><HR>
<H1>Static Call Graph for image .\Objects\F103ZET6.axf</H1><HR>
<BR><P>#&#060CALLGRAPH&#062# ARM Linker, 5060750: Last Updated: Tue May 02 23:23:06 2023
<BR><P>
<H3>Maximum Stack Usage =        144 bytes + Unknown(Cycles, Untraceable Function Pointers)</H3><H3>
Call chain for Maximum Stack Depth:</H3>
TIM7_IRQHandler &rArr; DS18B20_GetTemperture &rArr; __aeabi_dmul &rArr; _double_epilogue &rArr; _double_round
<P>
<H3>
Mutually Recursive functions
</H3> <LI><a href="#[1e]">ADC1_2_IRQHandler</a>&nbsp;&nbsp;&nbsp;&rArr;&nbsp;&nbsp;&nbsp;<a href="#[1e]">ADC1_2_IRQHandler</a><BR>
</UL>
<P>
<H3>
Function Pointers
</H3><UL>
 <LI><a href="#[1e]">ADC1_2_IRQHandler</a> from startup_stm32f10x_hd.o(.text) referenced from startup_stm32f10x_hd.o(RESET)
 <LI><a href="#[3b]">ADC3_IRQHandler</a> from startup_stm32f10x_hd.o(.text) referenced from startup_stm32f10x_hd.o(RESET)
 <LI><a href="#[6]">BusFault_Handler</a> from stm32f10x_it.o(i.BusFault_Handler) referenced from startup_stm32f10x_hd.o(RESET)
 <LI><a href="#[21]">CAN1_RX1_IRQHandler</a> from startup_stm32f10x_hd.o(.text) referenced from startup_stm32f10x_hd.o(RESET)
 <LI><a href="#[22]">CAN1_SCE_IRQHandler</a> from startup_stm32f10x_hd.o(.text) referenced from startup_stm32f10x_hd.o(RESET)
 <LI><a href="#[17]">DMA1_Channel1_IRQHandler</a> from startup_stm32f10x_hd.o(.text) referenced from startup_stm32f10x_hd.o(RESET)
 <LI><a href="#[18]">DMA1_Channel2_IRQHandler</a> from startup_stm32f10x_hd.o(.text) referenced from startup_stm32f10x_hd.o(RESET)
 <LI><a href="#[19]">DMA1_Channel3_IRQHandler</a> from startup_stm32f10x_hd.o(.text) referenced from startup_stm32f10x_hd.o(RESET)
 <LI><a href="#[1a]">DMA1_Channel4_IRQHandler</a> from startup_stm32f10x_hd.o(.text) referenced from startup_stm32f10x_hd.o(RESET)
 <LI><a href="#[1b]">DMA1_Channel5_IRQHandler</a> from startup_stm32f10x_hd.o(.text) referenced from startup_stm32f10x_hd.o(RESET)
 <LI><a href="#[1c]">DMA1_Channel6_IRQHandler</a> from startup_stm32f10x_hd.o(.text) referenced from startup_stm32f10x_hd.o(RESET)
 <LI><a href="#[1d]">DMA1_Channel7_IRQHandler</a> from startup_stm32f10x_hd.o(.text) referenced from startup_stm32f10x_hd.o(RESET)
 <LI><a href="#[44]">DMA2_Channel1_IRQHandler</a> from startup_stm32f10x_hd.o(.text) referenced from startup_stm32f10x_hd.o(RESET)
 <LI><a href="#[45]">DMA2_Channel2_IRQHandler</a> from startup_stm32f10x_hd.o(.text) referenced from startup_stm32f10x_hd.o(RESET)
 <LI><a href="#[46]">DMA2_Channel3_IRQHandler</a> from startup_stm32f10x_hd.o(.text) referenced from startup_stm32f10x_hd.o(RESET)
 <LI><a href="#[47]">DMA2_Channel4_5_IRQHandler</a> from startup_stm32f10x_hd.o(.text) referenced from startup_stm32f10x_hd.o(RESET)
 <LI><a href="#[9]">DebugMon_Handler</a> from stm32f10x_it.o(i.DebugMon_Handler) referenced from startup_stm32f10x_hd.o(RESET)
 <LI><a href="#[12]">EXTI0_IRQHandler</a> from bsp_exti.o(i.EXTI0_IRQHandler) referenced from startup_stm32f10x_hd.o(RESET)
 <LI><a href="#[34]">EXTI15_10_IRQHandler</a> from startup_stm32f10x_hd.o(.text) referenced from startup_stm32f10x_hd.o(RESET)
 <LI><a href="#[13]">EXTI1_IRQHandler</a> from startup_stm32f10x_hd.o(.text) referenced from startup_stm32f10x_hd.o(RESET)
 <LI><a href="#[14]">EXTI2_IRQHandler</a> from bsp_exti.o(i.EXTI2_IRQHandler) referenced from startup_stm32f10x_hd.o(RESET)
 <LI><a href="#[15]">EXTI3_IRQHandler</a> from bsp_exti.o(i.EXTI3_IRQHandler) referenced from startup_stm32f10x_hd.o(RESET)
 <LI><a href="#[16]">EXTI4_IRQHandler</a> from bsp_exti.o(i.EXTI4_IRQHandler) referenced from startup_stm32f10x_hd.o(RESET)
 <LI><a href="#[23]">EXTI9_5_IRQHandler</a> from startup_stm32f10x_hd.o(.text) referenced from startup_stm32f10x_hd.o(RESET)
 <LI><a href="#[10]">FLASH_IRQHandler</a> from startup_stm32f10x_hd.o(.text) referenced from startup_stm32f10x_hd.o(RESET)
 <LI><a href="#[3c]">FSMC_IRQHandler</a> from startup_stm32f10x_hd.o(.text) referenced from startup_stm32f10x_hd.o(RESET)
 <LI><a href="#[4]">HardFault_Handler</a> from stm32f10x_it.o(i.HardFault_Handler) referenced from startup_stm32f10x_hd.o(RESET)
 <LI><a href="#[2c]">I2C1_ER_IRQHandler</a> from startup_stm32f10x_hd.o(.text) referenced from startup_stm32f10x_hd.o(RESET)
 <LI><a href="#[2b]">I2C1_EV_IRQHandler</a> from startup_stm32f10x_hd.o(.text) referenced from startup_stm32f10x_hd.o(RESET)
 <LI><a href="#[2e]">I2C2_ER_IRQHandler</a> from startup_stm32f10x_hd.o(.text) referenced from startup_stm32f10x_hd.o(RESET)
 <LI><a href="#[2d]">I2C2_EV_IRQHandler</a> from startup_stm32f10x_hd.o(.text) referenced from startup_stm32f10x_hd.o(RESET)
 <LI><a href="#[5]">MemManage_Handler</a> from stm32f10x_it.o(i.MemManage_Handler) referenced from startup_stm32f10x_hd.o(RESET)
 <LI><a href="#[3]">NMI_Handler</a> from stm32f10x_it.o(i.NMI_Handler) referenced from startup_stm32f10x_hd.o(RESET)
 <LI><a href="#[d]">PVD_IRQHandler</a> from startup_stm32f10x_hd.o(.text) referenced from startup_stm32f10x_hd.o(RESET)
 <LI><a href="#[a]">PendSV_Handler</a> from stm32f10x_it.o(i.PendSV_Handler) referenced from startup_stm32f10x_hd.o(RESET)
 <LI><a href="#[11]">RCC_IRQHandler</a> from startup_stm32f10x_hd.o(.text) referenced from startup_stm32f10x_hd.o(RESET)
 <LI><a href="#[35]">RTCAlarm_IRQHandler</a> from startup_stm32f10x_hd.o(.text) referenced from startup_stm32f10x_hd.o(RESET)
 <LI><a href="#[f]">RTC_IRQHandler</a> from bsp_rtc.o(i.RTC_IRQHandler) referenced from startup_stm32f10x_hd.o(RESET)
 <LI><a href="#[2]">Reset_Handler</a> from startup_stm32f10x_hd.o(.text) referenced from startup_stm32f10x_hd.o(RESET)
 <LI><a href="#[3d]">SDIO_IRQHandler</a> from startup_stm32f10x_hd.o(.text) referenced from startup_stm32f10x_hd.o(RESET)
 <LI><a href="#[2f]">SPI1_IRQHandler</a> from startup_stm32f10x_hd.o(.text) referenced from startup_stm32f10x_hd.o(RESET)
 <LI><a href="#[30]">SPI2_IRQHandler</a> from startup_stm32f10x_hd.o(.text) referenced from startup_stm32f10x_hd.o(RESET)
 <LI><a href="#[3f]">SPI3_IRQHandler</a> from startup_stm32f10x_hd.o(.text) referenced from startup_stm32f10x_hd.o(RESET)
 <LI><a href="#[8]">SVC_Handler</a> from stm32f10x_it.o(i.SVC_Handler) referenced from startup_stm32f10x_hd.o(RESET)
 <LI><a href="#[b]">SysTick_Handler</a> from stm32f10x_it.o(i.SysTick_Handler) referenced from startup_stm32f10x_hd.o(RESET)
 <LI><a href="#[49]">SystemInit</a> from system_stm32f10x.o(i.SystemInit) referenced from startup_stm32f10x_hd.o(.text)
 <LI><a href="#[e]">TAMPER_IRQHandler</a> from startup_stm32f10x_hd.o(.text) referenced from startup_stm32f10x_hd.o(RESET)
 <LI><a href="#[24]">TIM1_BRK_IRQHandler</a> from startup_stm32f10x_hd.o(.text) referenced from startup_stm32f10x_hd.o(RESET)
 <LI><a href="#[27]">TIM1_CC_IRQHandler</a> from startup_stm32f10x_hd.o(.text) referenced from startup_stm32f10x_hd.o(RESET)
 <LI><a href="#[26]">TIM1_TRG_COM_IRQHandler</a> from startup_stm32f10x_hd.o(.text) referenced from startup_stm32f10x_hd.o(RESET)
 <LI><a href="#[25]">TIM1_UP_IRQHandler</a> from startup_stm32f10x_hd.o(.text) referenced from startup_stm32f10x_hd.o(RESET)
 <LI><a href="#[28]">TIM2_IRQHandler</a> from startup_stm32f10x_hd.o(.text) referenced from startup_stm32f10x_hd.o(RESET)
 <LI><a href="#[29]">TIM3_IRQHandler</a> from startup_stm32f10x_hd.o(.text) referenced from startup_stm32f10x_hd.o(RESET)
 <LI><a href="#[2a]">TIM4_IRQHandler</a> from startup_stm32f10x_hd.o(.text) referenced from startup_stm32f10x_hd.o(RESET)
 <LI><a href="#[3e]">TIM5_IRQHandler</a> from bsp_time.o(i.TIM5_IRQHandler) referenced from startup_stm32f10x_hd.o(RESET)
 <LI><a href="#[42]">TIM6_IRQHandler</a> from bsp_time.o(i.TIM6_IRQHandler) referenced from startup_stm32f10x_hd.o(RESET)
 <LI><a href="#[43]">TIM7_IRQHandler</a> from bsp_time.o(i.TIM7_IRQHandler) referenced from startup_stm32f10x_hd.o(RESET)
 <LI><a href="#[37]">TIM8_BRK_IRQHandler</a> from startup_stm32f10x_hd.o(.text) referenced from startup_stm32f10x_hd.o(RESET)
 <LI><a href="#[3a]">TIM8_CC_IRQHandler</a> from startup_stm32f10x_hd.o(.text) referenced from startup_stm32f10x_hd.o(RESET)
 <LI><a href="#[39]">TIM8_TRG_COM_IRQHandler</a> from startup_stm32f10x_hd.o(.text) referenced from startup_stm32f10x_hd.o(RESET)
 <LI><a href="#[38]">TIM8_UP_IRQHandler</a> from startup_stm32f10x_hd.o(.text) referenced from startup_stm32f10x_hd.o(RESET)
 <LI><a href="#[40]">UART4_IRQHandler</a> from startup_stm32f10x_hd.o(.text) referenced from startup_stm32f10x_hd.o(RESET)
 <LI><a href="#[41]">UART5_IRQHandler</a> from startup_stm32f10x_hd.o(.text) referenced from startup_stm32f10x_hd.o(RESET)
 <LI><a href="#[31]">USART1_IRQHandler</a> from bsp_usart.o(i.USART1_IRQHandler) referenced from startup_stm32f10x_hd.o(RESET)
 <LI><a href="#[32]">USART2_IRQHandler</a> from startup_stm32f10x_hd.o(.text) referenced from startup_stm32f10x_hd.o(RESET)
 <LI><a href="#[33]">USART3_IRQHandler</a> from startup_stm32f10x_hd.o(.text) referenced from startup_stm32f10x_hd.o(RESET)
 <LI><a href="#[36]">USBWakeUp_IRQHandler</a> from startup_stm32f10x_hd.o(.text) referenced from startup_stm32f10x_hd.o(RESET)
 <LI><a href="#[1f]">USB_HP_CAN1_TX_IRQHandler</a> from startup_stm32f10x_hd.o(.text) referenced from startup_stm32f10x_hd.o(RESET)
 <LI><a href="#[20]">USB_LP_CAN1_RX0_IRQHandler</a> from startup_stm32f10x_hd.o(.text) referenced from startup_stm32f10x_hd.o(RESET)
 <LI><a href="#[7]">UsageFault_Handler</a> from stm32f10x_it.o(i.UsageFault_Handler) referenced from startup_stm32f10x_hd.o(RESET)
 <LI><a href="#[c]">WWDG_IRQHandler</a> from bsp_wwdg.o(i.WWDG_IRQHandler) referenced from startup_stm32f10x_hd.o(RESET)
 <LI><a href="#[4a]">__main</a> from entry.o(.ARM.Collect$$$$00000000) referenced from startup_stm32f10x_hd.o(.text)
 <LI><a href="#[4b]">fputc</a> from bsp_usart.o(i.fputc) referenced from printfa.o(i.__0printf)
 <LI><a href="#[48]">main</a> from main.o(i.main) referenced from entry9a.o(.ARM.Collect$$$$0000000B)
 <LI><a href="#[0]">my_mem_init</a> from malloc.o(i.my_mem_init) referenced 2 times from malloc.o(.data)
 <LI><a href="#[1]">my_mem_perused</a> from malloc.o(i.my_mem_perused) referenced 2 times from malloc.o(.data)
</UL>
<P>
<H3>
Global Symbols
</H3>
<P><STRONG><a name="[4a]"></a>__main</STRONG> (Thumb, 0 bytes, Stack size unknown bytes, entry.o(.ARM.Collect$$$$00000000))
<BR>[Address Reference Count : 1]<UL><LI> startup_stm32f10x_hd.o(.text)
</UL>
<P><STRONG><a name="[db]"></a>_main_stk</STRONG> (Thumb, 0 bytes, Stack size unknown bytes, entry2.o(.ARM.Collect$$$$00000001))

<P><STRONG><a name="[4c]"></a>_main_scatterload</STRONG> (Thumb, 0 bytes, Stack size unknown bytes, entry5.o(.ARM.Collect$$$$00000004))
<BR><BR>[Calls]<UL><LI><a href="#[4d]">&gt;&gt;</a>&nbsp;&nbsp;&nbsp;__scatterload
</UL>

<P><STRONG><a name="[5d]"></a>__main_after_scatterload</STRONG> (Thumb, 0 bytes, Stack size unknown bytes, entry5.o(.ARM.Collect$$$$00000004))
<BR><BR>[Called By]<UL><LI><a href="#[4d]">&gt;&gt;</a>&nbsp;&nbsp;&nbsp;__scatterload
</UL>

<P><STRONG><a name="[dc]"></a>_main_clock</STRONG> (Thumb, 0 bytes, Stack size unknown bytes, entry7b.o(.ARM.Collect$$$$00000008))

<P><STRONG><a name="[dd]"></a>_main_cpp_init</STRONG> (Thumb, 0 bytes, Stack size unknown bytes, entry8b.o(.ARM.Collect$$$$0000000A))

<P><STRONG><a name="[de]"></a>_main_init</STRONG> (Thumb, 0 bytes, Stack size unknown bytes, entry9a.o(.ARM.Collect$$$$0000000B))

<P><STRONG><a name="[df]"></a>__rt_final_cpp</STRONG> (Thumb, 0 bytes, Stack size unknown bytes, entry10a.o(.ARM.Collect$$$$0000000D))

<P><STRONG><a name="[e0]"></a>__rt_final_exit</STRONG> (Thumb, 0 bytes, Stack size unknown bytes, entry11a.o(.ARM.Collect$$$$0000000F))

<P><STRONG><a name="[2]"></a>Reset_Handler</STRONG> (Thumb, 8 bytes, Stack size 0 bytes, startup_stm32f10x_hd.o(.text))
<BR>[Address Reference Count : 1]<UL><LI> startup_stm32f10x_hd.o(RESET)
</UL>
<P><STRONG><a name="[1e]"></a>ADC1_2_IRQHandler</STRONG> (Thumb, 0 bytes, Stack size 0 bytes, startup_stm32f10x_hd.o(.text))
<BR><BR>[Calls]<UL><LI><a href="#[1e]">&gt;&gt;</a>&nbsp;&nbsp;&nbsp;ADC1_2_IRQHandler
</UL>
<BR>[Called By]<UL><LI><a href="#[1e]">&gt;&gt;</a>&nbsp;&nbsp;&nbsp;ADC1_2_IRQHandler
</UL>
<BR>[Address Reference Count : 1]<UL><LI> startup_stm32f10x_hd.o(RESET)
</UL>
<P><STRONG><a name="[3b]"></a>ADC3_IRQHandler</STRONG> (Thumb, 0 bytes, Stack size 0 bytes, startup_stm32f10x_hd.o(.text))
<BR>[Address Reference Count : 1]<UL><LI> startup_stm32f10x_hd.o(RESET)
</UL>
<P><STRONG><a name="[21]"></a>CAN1_RX1_IRQHandler</STRONG> (Thumb, 0 bytes, Stack size 0 bytes, startup_stm32f10x_hd.o(.text))
<BR>[Address Reference Count : 1]<UL><LI> startup_stm32f10x_hd.o(RESET)
</UL>
<P><STRONG><a name="[22]"></a>CAN1_SCE_IRQHandler</STRONG> (Thumb, 0 bytes, Stack size 0 bytes, startup_stm32f10x_hd.o(.text))
<BR>[Address Reference Count : 1]<UL><LI> startup_stm32f10x_hd.o(RESET)
</UL>
<P><STRONG><a name="[17]"></a>DMA1_Channel1_IRQHandler</STRONG> (Thumb, 0 bytes, Stack size 0 bytes, startup_stm32f10x_hd.o(.text))
<BR>[Address Reference Count : 1]<UL><LI> startup_stm32f10x_hd.o(RESET)
</UL>
<P><STRONG><a name="[18]"></a>DMA1_Channel2_IRQHandler</STRONG> (Thumb, 0 bytes, Stack size 0 bytes, startup_stm32f10x_hd.o(.text))
<BR>[Address Reference Count : 1]<UL><LI> startup_stm32f10x_hd.o(RESET)
</UL>
<P><STRONG><a name="[19]"></a>DMA1_Channel3_IRQHandler</STRONG> (Thumb, 0 bytes, Stack size 0 bytes, startup_stm32f10x_hd.o(.text))
<BR>[Address Reference Count : 1]<UL><LI> startup_stm32f10x_hd.o(RESET)
</UL>
<P><STRONG><a name="[1a]"></a>DMA1_Channel4_IRQHandler</STRONG> (Thumb, 0 bytes, Stack size 0 bytes, startup_stm32f10x_hd.o(.text))
<BR>[Address Reference Count : 1]<UL><LI> startup_stm32f10x_hd.o(RESET)
</UL>
<P><STRONG><a name="[1b]"></a>DMA1_Channel5_IRQHandler</STRONG> (Thumb, 0 bytes, Stack size 0 bytes, startup_stm32f10x_hd.o(.text))
<BR>[Address Reference Count : 1]<UL><LI> startup_stm32f10x_hd.o(RESET)
</UL>
<P><STRONG><a name="[1c]"></a>DMA1_Channel6_IRQHandler</STRONG> (Thumb, 0 bytes, Stack size 0 bytes, startup_stm32f10x_hd.o(.text))
<BR>[Address Reference Count : 1]<UL><LI> startup_stm32f10x_hd.o(RESET)
</UL>
<P><STRONG><a name="[1d]"></a>DMA1_Channel7_IRQHandler</STRONG> (Thumb, 0 bytes, Stack size 0 bytes, startup_stm32f10x_hd.o(.text))
<BR>[Address Reference Count : 1]<UL><LI> startup_stm32f10x_hd.o(RESET)
</UL>
<P><STRONG><a name="[44]"></a>DMA2_Channel1_IRQHandler</STRONG> (Thumb, 0 bytes, Stack size 0 bytes, startup_stm32f10x_hd.o(.text))
<BR>[Address Reference Count : 1]<UL><LI> startup_stm32f10x_hd.o(RESET)
</UL>
<P><STRONG><a name="[45]"></a>DMA2_Channel2_IRQHandler</STRONG> (Thumb, 0 bytes, Stack size 0 bytes, startup_stm32f10x_hd.o(.text))
<BR>[Address Reference Count : 1]<UL><LI> startup_stm32f10x_hd.o(RESET)
</UL>
<P><STRONG><a name="[46]"></a>DMA2_Channel3_IRQHandler</STRONG> (Thumb, 0 bytes, Stack size 0 bytes, startup_stm32f10x_hd.o(.text))
<BR>[Address Reference Count : 1]<UL><LI> startup_stm32f10x_hd.o(RESET)
</UL>
<P><STRONG><a name="[47]"></a>DMA2_Channel4_5_IRQHandler</STRONG> (Thumb, 0 bytes, Stack size 0 bytes, startup_stm32f10x_hd.o(.text))
<BR>[Address Reference Count : 1]<UL><LI> startup_stm32f10x_hd.o(RESET)
</UL>
<P><STRONG><a name="[34]"></a>EXTI15_10_IRQHandler</STRONG> (Thumb, 0 bytes, Stack size 0 bytes, startup_stm32f10x_hd.o(.text))
<BR>[Address Reference Count : 1]<UL><LI> startup_stm32f10x_hd.o(RESET)
</UL>
<P><STRONG><a name="[13]"></a>EXTI1_IRQHandler</STRONG> (Thumb, 0 bytes, Stack size 0 bytes, startup_stm32f10x_hd.o(.text))
<BR>[Address Reference Count : 1]<UL><LI> startup_stm32f10x_hd.o(RESET)
</UL>
<P><STRONG><a name="[23]"></a>EXTI9_5_IRQHandler</STRONG> (Thumb, 0 bytes, Stack size 0 bytes, startup_stm32f10x_hd.o(.text))
<BR>[Address Reference Count : 1]<UL><LI> startup_stm32f10x_hd.o(RESET)
</UL>
<P><STRONG><a name="[10]"></a>FLASH_IRQHandler</STRONG> (Thumb, 0 bytes, Stack size 0 bytes, startup_stm32f10x_hd.o(.text))
<BR>[Address Reference Count : 1]<UL><LI> startup_stm32f10x_hd.o(RESET)
</UL>
<P><STRONG><a name="[3c]"></a>FSMC_IRQHandler</STRONG> (Thumb, 0 bytes, Stack size 0 bytes, startup_stm32f10x_hd.o(.text))
<BR>[Address Reference Count : 1]<UL><LI> startup_stm32f10x_hd.o(RESET)
</UL>
<P><STRONG><a name="[2c]"></a>I2C1_ER_IRQHandler</STRONG> (Thumb, 0 bytes, Stack size 0 bytes, startup_stm32f10x_hd.o(.text))
<BR>[Address Reference Count : 1]<UL><LI> startup_stm32f10x_hd.o(RESET)
</UL>
<P><STRONG><a name="[2b]"></a>I2C1_EV_IRQHandler</STRONG> (Thumb, 0 bytes, Stack size 0 bytes, startup_stm32f10x_hd.o(.text))
<BR>[Address Reference Count : 1]<UL><LI> startup_stm32f10x_hd.o(RESET)
</UL>
<P><STRONG><a name="[2e]"></a>I2C2_ER_IRQHandler</STRONG> (Thumb, 0 bytes, Stack size 0 bytes, startup_stm32f10x_hd.o(.text))
<BR>[Address Reference Count : 1]<UL><LI> startup_stm32f10x_hd.o(RESET)
</UL>
<P><STRONG><a name="[2d]"></a>I2C2_EV_IRQHandler</STRONG> (Thumb, 0 bytes, Stack size 0 bytes, startup_stm32f10x_hd.o(.text))
<BR>[Address Reference Count : 1]<UL><LI> startup_stm32f10x_hd.o(RESET)
</UL>
<P><STRONG><a name="[d]"></a>PVD_IRQHandler</STRONG> (Thumb, 0 bytes, Stack size 0 bytes, startup_stm32f10x_hd.o(.text))
<BR>[Address Reference Count : 1]<UL><LI> startup_stm32f10x_hd.o(RESET)
</UL>
<P><STRONG><a name="[11]"></a>RCC_IRQHandler</STRONG> (Thumb, 0 bytes, Stack size 0 bytes, startup_stm32f10x_hd.o(.text))
<BR>[Address Reference Count : 1]<UL><LI> startup_stm32f10x_hd.o(RESET)
</UL>
<P><STRONG><a name="[35]"></a>RTCAlarm_IRQHandler</STRONG> (Thumb, 0 bytes, Stack size 0 bytes, startup_stm32f10x_hd.o(.text))
<BR>[Address Reference Count : 1]<UL><LI> startup_stm32f10x_hd.o(RESET)
</UL>
<P><STRONG><a name="[3d]"></a>SDIO_IRQHandler</STRONG> (Thumb, 0 bytes, Stack size 0 bytes, startup_stm32f10x_hd.o(.text))
<BR>[Address Reference Count : 1]<UL><LI> startup_stm32f10x_hd.o(RESET)
</UL>
<P><STRONG><a name="[2f]"></a>SPI1_IRQHandler</STRONG> (Thumb, 0 bytes, Stack size 0 bytes, startup_stm32f10x_hd.o(.text))
<BR>[Address Reference Count : 1]<UL><LI> startup_stm32f10x_hd.o(RESET)
</UL>
<P><STRONG><a name="[30]"></a>SPI2_IRQHandler</STRONG> (Thumb, 0 bytes, Stack size 0 bytes, startup_stm32f10x_hd.o(.text))
<BR>[Address Reference Count : 1]<UL><LI> startup_stm32f10x_hd.o(RESET)
</UL>
<P><STRONG><a name="[3f]"></a>SPI3_IRQHandler</STRONG> (Thumb, 0 bytes, Stack size 0 bytes, startup_stm32f10x_hd.o(.text))
<BR>[Address Reference Count : 1]<UL><LI> startup_stm32f10x_hd.o(RESET)
</UL>
<P><STRONG><a name="[e]"></a>TAMPER_IRQHandler</STRONG> (Thumb, 0 bytes, Stack size 0 bytes, startup_stm32f10x_hd.o(.text))
<BR>[Address Reference Count : 1]<UL><LI> startup_stm32f10x_hd.o(RESET)
</UL>
<P><STRONG><a name="[24]"></a>TIM1_BRK_IRQHandler</STRONG> (Thumb, 0 bytes, Stack size 0 bytes, startup_stm32f10x_hd.o(.text))
<BR>[Address Reference Count : 1]<UL><LI> startup_stm32f10x_hd.o(RESET)
</UL>
<P><STRONG><a name="[27]"></a>TIM1_CC_IRQHandler</STRONG> (Thumb, 0 bytes, Stack size 0 bytes, startup_stm32f10x_hd.o(.text))
<BR>[Address Reference Count : 1]<UL><LI> startup_stm32f10x_hd.o(RESET)
</UL>
<P><STRONG><a name="[26]"></a>TIM1_TRG_COM_IRQHandler</STRONG> (Thumb, 0 bytes, Stack size 0 bytes, startup_stm32f10x_hd.o(.text))
<BR>[Address Reference Count : 1]<UL><LI> startup_stm32f10x_hd.o(RESET)
</UL>
<P><STRONG><a name="[25]"></a>TIM1_UP_IRQHandler</STRONG> (Thumb, 0 bytes, Stack size 0 bytes, startup_stm32f10x_hd.o(.text))
<BR>[Address Reference Count : 1]<UL><LI> startup_stm32f10x_hd.o(RESET)
</UL>
<P><STRONG><a name="[28]"></a>TIM2_IRQHandler</STRONG> (Thumb, 0 bytes, Stack size 0 bytes, startup_stm32f10x_hd.o(.text))
<BR>[Address Reference Count : 1]<UL><LI> startup_stm32f10x_hd.o(RESET)
</UL>
<P><STRONG><a name="[29]"></a>TIM3_IRQHandler</STRONG> (Thumb, 0 bytes, Stack size 0 bytes, startup_stm32f10x_hd.o(.text))
<BR>[Address Reference Count : 1]<UL><LI> startup_stm32f10x_hd.o(RESET)
</UL>
<P><STRONG><a name="[2a]"></a>TIM4_IRQHandler</STRONG> (Thumb, 0 bytes, Stack size 0 bytes, startup_stm32f10x_hd.o(.text))
<BR>[Address Reference Count : 1]<UL><LI> startup_stm32f10x_hd.o(RESET)
</UL>
<P><STRONG><a name="[37]"></a>TIM8_BRK_IRQHandler</STRONG> (Thumb, 0 bytes, Stack size 0 bytes, startup_stm32f10x_hd.o(.text))
<BR>[Address Reference Count : 1]<UL><LI> startup_stm32f10x_hd.o(RESET)
</UL>
<P><STRONG><a name="[3a]"></a>TIM8_CC_IRQHandler</STRONG> (Thumb, 0 bytes, Stack size 0 bytes, startup_stm32f10x_hd.o(.text))
<BR>[Address Reference Count : 1]<UL><LI> startup_stm32f10x_hd.o(RESET)
</UL>
<P><STRONG><a name="[39]"></a>TIM8_TRG_COM_IRQHandler</STRONG> (Thumb, 0 bytes, Stack size 0 bytes, startup_stm32f10x_hd.o(.text))
<BR>[Address Reference Count : 1]<UL><LI> startup_stm32f10x_hd.o(RESET)
</UL>
<P><STRONG><a name="[38]"></a>TIM8_UP_IRQHandler</STRONG> (Thumb, 0 bytes, Stack size 0 bytes, startup_stm32f10x_hd.o(.text))
<BR>[Address Reference Count : 1]<UL><LI> startup_stm32f10x_hd.o(RESET)
</UL>
<P><STRONG><a name="[40]"></a>UART4_IRQHandler</STRONG> (Thumb, 0 bytes, Stack size 0 bytes, startup_stm32f10x_hd.o(.text))
<BR>[Address Reference Count : 1]<UL><LI> startup_stm32f10x_hd.o(RESET)
</UL>
<P><STRONG><a name="[41]"></a>UART5_IRQHandler</STRONG> (Thumb, 0 bytes, Stack size 0 bytes, startup_stm32f10x_hd.o(.text))
<BR>[Address Reference Count : 1]<UL><LI> startup_stm32f10x_hd.o(RESET)
</UL>
<P><STRONG><a name="[32]"></a>USART2_IRQHandler</STRONG> (Thumb, 0 bytes, Stack size 0 bytes, startup_stm32f10x_hd.o(.text))
<BR>[Address Reference Count : 1]<UL><LI> startup_stm32f10x_hd.o(RESET)
</UL>
<P><STRONG><a name="[33]"></a>USART3_IRQHandler</STRONG> (Thumb, 0 bytes, Stack size 0 bytes, startup_stm32f10x_hd.o(.text))
<BR>[Address Reference Count : 1]<UL><LI> startup_stm32f10x_hd.o(RESET)
</UL>
<P><STRONG><a name="[36]"></a>USBWakeUp_IRQHandler</STRONG> (Thumb, 0 bytes, Stack size 0 bytes, startup_stm32f10x_hd.o(.text))
<BR>[Address Reference Count : 1]<UL><LI> startup_stm32f10x_hd.o(RESET)
</UL>
<P><STRONG><a name="[1f]"></a>USB_HP_CAN1_TX_IRQHandler</STRONG> (Thumb, 0 bytes, Stack size 0 bytes, startup_stm32f10x_hd.o(.text))
<BR>[Address Reference Count : 1]<UL><LI> startup_stm32f10x_hd.o(RESET)
</UL>
<P><STRONG><a name="[20]"></a>USB_LP_CAN1_RX0_IRQHandler</STRONG> (Thumb, 0 bytes, Stack size 0 bytes, startup_stm32f10x_hd.o(.text))
<BR>[Address Reference Count : 1]<UL><LI> startup_stm32f10x_hd.o(RESET)
</UL>
<P><STRONG><a name="[4e]"></a>__aeabi_dadd</STRONG> (Thumb, 322 bytes, Stack size 48 bytes, dadd.o(.text), UNUSED)
<BR><BR>[Calls]<UL><LI><a href="#[50]">&gt;&gt;</a>&nbsp;&nbsp;&nbsp;__aeabi_lasr
<LI><a href="#[4f]">&gt;&gt;</a>&nbsp;&nbsp;&nbsp;__aeabi_llsl
<LI><a href="#[52]">&gt;&gt;</a>&nbsp;&nbsp;&nbsp;_double_round
<LI><a href="#[51]">&gt;&gt;</a>&nbsp;&nbsp;&nbsp;_double_epilogue
</UL>
<BR>[Called By]<UL><LI><a href="#[53]">&gt;&gt;</a>&nbsp;&nbsp;&nbsp;__aeabi_dsub
<LI><a href="#[54]">&gt;&gt;</a>&nbsp;&nbsp;&nbsp;__aeabi_drsub
<LI><a href="#[d2]">&gt;&gt;</a>&nbsp;&nbsp;&nbsp;_fp_digits
</UL>

<P><STRONG><a name="[53]"></a>__aeabi_dsub</STRONG> (Thumb, 6 bytes, Stack size 0 bytes, dadd.o(.text), UNUSED)
<BR><BR>[Calls]<UL><LI><a href="#[4e]">&gt;&gt;</a>&nbsp;&nbsp;&nbsp;__aeabi_dadd
</UL>

<P><STRONG><a name="[54]"></a>__aeabi_drsub</STRONG> (Thumb, 6 bytes, Stack size 0 bytes, dadd.o(.text), UNUSED)
<BR><BR>[Calls]<UL><LI><a href="#[4e]">&gt;&gt;</a>&nbsp;&nbsp;&nbsp;__aeabi_dadd
</UL>

<P><STRONG><a name="[55]"></a>__aeabi_dmul</STRONG> (Thumb, 228 bytes, Stack size 48 bytes, dmul.o(.text))
<BR><BR>[Stack]<UL><LI>Max Depth = 88<LI>Call Chain = __aeabi_dmul &rArr; _double_epilogue &rArr; _double_round
</UL>
<BR>[Calls]<UL><LI><a href="#[51]">&gt;&gt;</a>&nbsp;&nbsp;&nbsp;_double_epilogue
</UL>
<BR>[Called By]<UL><LI><a href="#[79]">&gt;&gt;</a>&nbsp;&nbsp;&nbsp;DS18B20_GetTemperture
<LI><a href="#[d2]">&gt;&gt;</a>&nbsp;&nbsp;&nbsp;_fp_digits
</UL>

<P><STRONG><a name="[56]"></a>__aeabi_ddiv</STRONG> (Thumb, 222 bytes, Stack size 32 bytes, ddiv.o(.text), UNUSED)
<BR><BR>[Calls]<UL><LI><a href="#[52]">&gt;&gt;</a>&nbsp;&nbsp;&nbsp;_double_round
</UL>
<BR>[Called By]<UL><LI><a href="#[d2]">&gt;&gt;</a>&nbsp;&nbsp;&nbsp;_fp_digits
</UL>

<P><STRONG><a name="[57]"></a>__aeabi_ui2d</STRONG> (Thumb, 26 bytes, Stack size 16 bytes, dfltui.o(.text))
<BR><BR>[Stack]<UL><LI>Max Depth = 56<LI>Call Chain = __aeabi_ui2d &rArr; _double_epilogue &rArr; _double_round
</UL>
<BR>[Calls]<UL><LI><a href="#[51]">&gt;&gt;</a>&nbsp;&nbsp;&nbsp;_double_epilogue
</UL>
<BR>[Called By]<UL><LI><a href="#[79]">&gt;&gt;</a>&nbsp;&nbsp;&nbsp;DS18B20_GetTemperture
</UL>

<P><STRONG><a name="[bb]"></a>__aeabi_f2d</STRONG> (Thumb, 38 bytes, Stack size 0 bytes, f2d.o(.text))
<BR><BR>[Called By]<UL><LI><a href="#[43]">&gt;&gt;</a>&nbsp;&nbsp;&nbsp;TIM7_IRQHandler
</UL>

<P><STRONG><a name="[58]"></a>__aeabi_d2f</STRONG> (Thumb, 56 bytes, Stack size 8 bytes, d2f.o(.text))
<BR><BR>[Stack]<UL><LI>Max Depth = 8<LI>Call Chain = __aeabi_d2f
</UL>
<BR>[Calls]<UL><LI><a href="#[59]">&gt;&gt;</a>&nbsp;&nbsp;&nbsp;_float_round
</UL>
<BR>[Called By]<UL><LI><a href="#[79]">&gt;&gt;</a>&nbsp;&nbsp;&nbsp;DS18B20_GetTemperture
</UL>

<P><STRONG><a name="[e1]"></a>__aeabi_uidiv</STRONG> (Thumb, 0 bytes, Stack size 12 bytes, uidiv.o(.text), UNUSED)

<P><STRONG><a name="[d6]"></a>__aeabi_uidivmod</STRONG> (Thumb, 44 bytes, Stack size 12 bytes, uidiv.o(.text), UNUSED)
<BR><BR>[Called By]<UL><LI><a href="#[d1]">&gt;&gt;</a>&nbsp;&nbsp;&nbsp;_printf_core
</UL>

<P><STRONG><a name="[5a]"></a>__aeabi_uldivmod</STRONG> (Thumb, 98 bytes, Stack size 40 bytes, uldiv.o(.text), UNUSED)
<BR><BR>[Calls]<UL><LI><a href="#[5b]">&gt;&gt;</a>&nbsp;&nbsp;&nbsp;__aeabi_llsr
<LI><a href="#[4f]">&gt;&gt;</a>&nbsp;&nbsp;&nbsp;__aeabi_llsl
</UL>
<BR>[Called By]<UL><LI><a href="#[d1]">&gt;&gt;</a>&nbsp;&nbsp;&nbsp;_printf_core
<LI><a href="#[d2]">&gt;&gt;</a>&nbsp;&nbsp;&nbsp;_fp_digits
</UL>

<P><STRONG><a name="[4f]"></a>__aeabi_llsl</STRONG> (Thumb, 30 bytes, Stack size 0 bytes, llshl.o(.text))
<BR><BR>[Called By]<UL><LI><a href="#[4e]">&gt;&gt;</a>&nbsp;&nbsp;&nbsp;__aeabi_dadd
<LI><a href="#[5a]">&gt;&gt;</a>&nbsp;&nbsp;&nbsp;__aeabi_uldivmod
<LI><a href="#[51]">&gt;&gt;</a>&nbsp;&nbsp;&nbsp;_double_epilogue
<LI><a href="#[5c]">&gt;&gt;</a>&nbsp;&nbsp;&nbsp;__aeabi_d2ulz
</UL>

<P><STRONG><a name="[e2]"></a>_ll_shift_l</STRONG> (Thumb, 0 bytes, Stack size 0 bytes, llshl.o(.text), UNUSED)

<P><STRONG><a name="[5b]"></a>__aeabi_llsr</STRONG> (Thumb, 32 bytes, Stack size 0 bytes, llushr.o(.text))
<BR><BR>[Called By]<UL><LI><a href="#[5a]">&gt;&gt;</a>&nbsp;&nbsp;&nbsp;__aeabi_uldivmod
<LI><a href="#[51]">&gt;&gt;</a>&nbsp;&nbsp;&nbsp;_double_epilogue
<LI><a href="#[5c]">&gt;&gt;</a>&nbsp;&nbsp;&nbsp;__aeabi_d2ulz
</UL>

<P><STRONG><a name="[e3]"></a>_ll_ushift_r</STRONG> (Thumb, 0 bytes, Stack size 0 bytes, llushr.o(.text), UNUSED)

<P><STRONG><a name="[50]"></a>__aeabi_lasr</STRONG> (Thumb, 36 bytes, Stack size 0 bytes, llsshr.o(.text), UNUSED)
<BR><BR>[Called By]<UL><LI><a href="#[4e]">&gt;&gt;</a>&nbsp;&nbsp;&nbsp;__aeabi_dadd
</UL>

<P><STRONG><a name="[e4]"></a>_ll_sshift_r</STRONG> (Thumb, 0 bytes, Stack size 0 bytes, llsshr.o(.text), UNUSED)

<P><STRONG><a name="[e5]"></a>__I$use$fp</STRONG> (Thumb, 0 bytes, Stack size 0 bytes, iusefp.o(.text), UNUSED)

<P><STRONG><a name="[59]"></a>_float_round</STRONG> (Thumb, 18 bytes, Stack size 0 bytes, fepilogue.o(.text))
<BR><BR>[Called By]<UL><LI><a href="#[58]">&gt;&gt;</a>&nbsp;&nbsp;&nbsp;__aeabi_d2f
</UL>

<P><STRONG><a name="[e6]"></a>_float_epilogue</STRONG> (Thumb, 92 bytes, Stack size 4 bytes, fepilogue.o(.text), UNUSED)

<P><STRONG><a name="[52]"></a>_double_round</STRONG> (Thumb, 30 bytes, Stack size 8 bytes, depilogue.o(.text))
<BR><BR>[Stack]<UL><LI>Max Depth = 8<LI>Call Chain = _double_round
</UL>
<BR>[Called By]<UL><LI><a href="#[56]">&gt;&gt;</a>&nbsp;&nbsp;&nbsp;__aeabi_ddiv
<LI><a href="#[4e]">&gt;&gt;</a>&nbsp;&nbsp;&nbsp;__aeabi_dadd
<LI><a href="#[51]">&gt;&gt;</a>&nbsp;&nbsp;&nbsp;_double_epilogue
</UL>

<P><STRONG><a name="[51]"></a>_double_epilogue</STRONG> (Thumb, 156 bytes, Stack size 32 bytes, depilogue.o(.text))
<BR><BR>[Stack]<UL><LI>Max Depth = 40<LI>Call Chain = _double_epilogue &rArr; _double_round
</UL>
<BR>[Calls]<UL><LI><a href="#[5b]">&gt;&gt;</a>&nbsp;&nbsp;&nbsp;__aeabi_llsr
<LI><a href="#[4f]">&gt;&gt;</a>&nbsp;&nbsp;&nbsp;__aeabi_llsl
<LI><a href="#[52]">&gt;&gt;</a>&nbsp;&nbsp;&nbsp;_double_round
</UL>
<BR>[Called By]<UL><LI><a href="#[57]">&gt;&gt;</a>&nbsp;&nbsp;&nbsp;__aeabi_ui2d
<LI><a href="#[55]">&gt;&gt;</a>&nbsp;&nbsp;&nbsp;__aeabi_dmul
<LI><a href="#[4e]">&gt;&gt;</a>&nbsp;&nbsp;&nbsp;__aeabi_dadd
</UL>

<P><STRONG><a name="[5c]"></a>__aeabi_d2ulz</STRONG> (Thumb, 48 bytes, Stack size 0 bytes, dfixul.o(.text), UNUSED)
<BR><BR>[Calls]<UL><LI><a href="#[5b]">&gt;&gt;</a>&nbsp;&nbsp;&nbsp;__aeabi_llsr
<LI><a href="#[4f]">&gt;&gt;</a>&nbsp;&nbsp;&nbsp;__aeabi_llsl
</UL>
<BR>[Called By]<UL><LI><a href="#[d2]">&gt;&gt;</a>&nbsp;&nbsp;&nbsp;_fp_digits
</UL>

<P><STRONG><a name="[d3]"></a>__aeabi_cdrcmple</STRONG> (Thumb, 48 bytes, Stack size 0 bytes, cdrcmple.o(.text), UNUSED)
<BR><BR>[Called By]<UL><LI><a href="#[d2]">&gt;&gt;</a>&nbsp;&nbsp;&nbsp;_fp_digits
</UL>

<P><STRONG><a name="[4d]"></a>__scatterload</STRONG> (Thumb, 28 bytes, Stack size 0 bytes, init.o(.text))
<BR><BR>[Calls]<UL><LI><a href="#[5d]">&gt;&gt;</a>&nbsp;&nbsp;&nbsp;__main_after_scatterload
</UL>
<BR>[Called By]<UL><LI><a href="#[4c]">&gt;&gt;</a>&nbsp;&nbsp;&nbsp;_main_scatterload
</UL>

<P><STRONG><a name="[e7]"></a>__scatterload_rt2</STRONG> (Thumb, 0 bytes, Stack size 0 bytes, init.o(.text), UNUSED)

<P><STRONG><a name="[e8]"></a>__decompress</STRONG> (Thumb, 0 bytes, Stack size unknown bytes, __dczerorl2.o(.text), UNUSED)

<P><STRONG><a name="[e9]"></a>__decompress1</STRONG> (Thumb, 86 bytes, Stack size unknown bytes, __dczerorl2.o(.text), UNUSED)

<P><STRONG><a name="[5e]"></a>ADC2_Init</STRONG> (Thumb, 140 bytes, Stack size 32 bytes, bsp_adc.o(i.ADC2_Init))
<BR><BR>[Stack]<UL><LI>Max Depth = 56<LI>Call Chain = ADC2_Init &rArr; GPIO_Init
</UL>
<BR>[Calls]<UL><LI><a href="#[66]">&gt;&gt;</a>&nbsp;&nbsp;&nbsp;ADC_StartCalibration
<LI><a href="#[68]">&gt;&gt;</a>&nbsp;&nbsp;&nbsp;ADC_SoftwareStartConvCmd
<LI><a href="#[64]">&gt;&gt;</a>&nbsp;&nbsp;&nbsp;ADC_ResetCalibration
<LI><a href="#[62]">&gt;&gt;</a>&nbsp;&nbsp;&nbsp;ADC_Init
<LI><a href="#[65]">&gt;&gt;</a>&nbsp;&nbsp;&nbsp;ADC_GetResetCalibrationStatus
<LI><a href="#[67]">&gt;&gt;</a>&nbsp;&nbsp;&nbsp;ADC_GetCalibrationStatus
<LI><a href="#[63]">&gt;&gt;</a>&nbsp;&nbsp;&nbsp;ADC_Cmd
<LI><a href="#[61]">&gt;&gt;</a>&nbsp;&nbsp;&nbsp;GPIO_Init
<LI><a href="#[5f]">&gt;&gt;</a>&nbsp;&nbsp;&nbsp;RCC_APB2PeriphClockCmd
<LI><a href="#[60]">&gt;&gt;</a>&nbsp;&nbsp;&nbsp;RCC_ADCCLKConfig
</UL>
<BR>[Called By]<UL><LI><a href="#[48]">&gt;&gt;</a>&nbsp;&nbsp;&nbsp;main
</UL>

<P><STRONG><a name="[63]"></a>ADC_Cmd</STRONG> (Thumb, 22 bytes, Stack size 0 bytes, stm32f10x_adc.o(i.ADC_Cmd))
<BR><BR>[Called By]<UL><LI><a href="#[8d]">&gt;&gt;</a>&nbsp;&nbsp;&nbsp;Lsens_Init
<LI><a href="#[6b]">&gt;&gt;</a>&nbsp;&nbsp;&nbsp;ADC_Temp_Init
<LI><a href="#[5e]">&gt;&gt;</a>&nbsp;&nbsp;&nbsp;ADC2_Init
</UL>

<P><STRONG><a name="[69]"></a>ADC_DeInit</STRONG> (Thumb, 78 bytes, Stack size 8 bytes, stm32f10x_adc.o(i.ADC_DeInit))
<BR><BR>[Stack]<UL><LI>Max Depth = 8<LI>Call Chain = ADC_DeInit
</UL>
<BR>[Calls]<UL><LI><a href="#[6a]">&gt;&gt;</a>&nbsp;&nbsp;&nbsp;RCC_APB2PeriphResetCmd
</UL>
<BR>[Called By]<UL><LI><a href="#[8d]">&gt;&gt;</a>&nbsp;&nbsp;&nbsp;Lsens_Init
</UL>

<P><STRONG><a name="[67]"></a>ADC_GetCalibrationStatus</STRONG> (Thumb, 20 bytes, Stack size 0 bytes, stm32f10x_adc.o(i.ADC_GetCalibrationStatus))
<BR><BR>[Called By]<UL><LI><a href="#[8d]">&gt;&gt;</a>&nbsp;&nbsp;&nbsp;Lsens_Init
<LI><a href="#[6b]">&gt;&gt;</a>&nbsp;&nbsp;&nbsp;ADC_Temp_Init
<LI><a href="#[5e]">&gt;&gt;</a>&nbsp;&nbsp;&nbsp;ADC2_Init
</UL>

<P><STRONG><a name="[65]"></a>ADC_GetResetCalibrationStatus</STRONG> (Thumb, 20 bytes, Stack size 0 bytes, stm32f10x_adc.o(i.ADC_GetResetCalibrationStatus))
<BR><BR>[Called By]<UL><LI><a href="#[8d]">&gt;&gt;</a>&nbsp;&nbsp;&nbsp;Lsens_Init
<LI><a href="#[6b]">&gt;&gt;</a>&nbsp;&nbsp;&nbsp;ADC_Temp_Init
<LI><a href="#[5e]">&gt;&gt;</a>&nbsp;&nbsp;&nbsp;ADC2_Init
</UL>

<P><STRONG><a name="[62]"></a>ADC_Init</STRONG> (Thumb, 70 bytes, Stack size 12 bytes, stm32f10x_adc.o(i.ADC_Init))
<BR><BR>[Stack]<UL><LI>Max Depth = 12<LI>Call Chain = ADC_Init
</UL>
<BR>[Called By]<UL><LI><a href="#[8d]">&gt;&gt;</a>&nbsp;&nbsp;&nbsp;Lsens_Init
<LI><a href="#[6b]">&gt;&gt;</a>&nbsp;&nbsp;&nbsp;ADC_Temp_Init
<LI><a href="#[5e]">&gt;&gt;</a>&nbsp;&nbsp;&nbsp;ADC2_Init
</UL>

<P><STRONG><a name="[64]"></a>ADC_ResetCalibration</STRONG> (Thumb, 10 bytes, Stack size 0 bytes, stm32f10x_adc.o(i.ADC_ResetCalibration))
<BR><BR>[Called By]<UL><LI><a href="#[8d]">&gt;&gt;</a>&nbsp;&nbsp;&nbsp;Lsens_Init
<LI><a href="#[6b]">&gt;&gt;</a>&nbsp;&nbsp;&nbsp;ADC_Temp_Init
<LI><a href="#[5e]">&gt;&gt;</a>&nbsp;&nbsp;&nbsp;ADC2_Init
</UL>

<P><STRONG><a name="[68]"></a>ADC_SoftwareStartConvCmd</STRONG> (Thumb, 22 bytes, Stack size 0 bytes, stm32f10x_adc.o(i.ADC_SoftwareStartConvCmd))
<BR><BR>[Called By]<UL><LI><a href="#[6b]">&gt;&gt;</a>&nbsp;&nbsp;&nbsp;ADC_Temp_Init
<LI><a href="#[5e]">&gt;&gt;</a>&nbsp;&nbsp;&nbsp;ADC2_Init
</UL>

<P><STRONG><a name="[66]"></a>ADC_StartCalibration</STRONG> (Thumb, 10 bytes, Stack size 0 bytes, stm32f10x_adc.o(i.ADC_StartCalibration))
<BR><BR>[Called By]<UL><LI><a href="#[8d]">&gt;&gt;</a>&nbsp;&nbsp;&nbsp;Lsens_Init
<LI><a href="#[6b]">&gt;&gt;</a>&nbsp;&nbsp;&nbsp;ADC_Temp_Init
<LI><a href="#[5e]">&gt;&gt;</a>&nbsp;&nbsp;&nbsp;ADC2_Init
</UL>

<P><STRONG><a name="[6c]"></a>ADC_TempSensorVrefintCmd</STRONG> (Thumb, 30 bytes, Stack size 0 bytes, stm32f10x_adc.o(i.ADC_TempSensorVrefintCmd))
<BR><BR>[Called By]<UL><LI><a href="#[6b]">&gt;&gt;</a>&nbsp;&nbsp;&nbsp;ADC_Temp_Init
</UL>

<P><STRONG><a name="[6b]"></a>ADC_Temp_Init</STRONG> (Thumb, 118 bytes, Stack size 24 bytes, bsp_adc.o(i.ADC_Temp_Init))
<BR><BR>[Stack]<UL><LI>Max Depth = 36<LI>Call Chain = ADC_Temp_Init &rArr; ADC_Init
</UL>
<BR>[Calls]<UL><LI><a href="#[6c]">&gt;&gt;</a>&nbsp;&nbsp;&nbsp;ADC_TempSensorVrefintCmd
<LI><a href="#[66]">&gt;&gt;</a>&nbsp;&nbsp;&nbsp;ADC_StartCalibration
<LI><a href="#[68]">&gt;&gt;</a>&nbsp;&nbsp;&nbsp;ADC_SoftwareStartConvCmd
<LI><a href="#[64]">&gt;&gt;</a>&nbsp;&nbsp;&nbsp;ADC_ResetCalibration
<LI><a href="#[62]">&gt;&gt;</a>&nbsp;&nbsp;&nbsp;ADC_Init
<LI><a href="#[65]">&gt;&gt;</a>&nbsp;&nbsp;&nbsp;ADC_GetResetCalibrationStatus
<LI><a href="#[67]">&gt;&gt;</a>&nbsp;&nbsp;&nbsp;ADC_GetCalibrationStatus
<LI><a href="#[63]">&gt;&gt;</a>&nbsp;&nbsp;&nbsp;ADC_Cmd
<LI><a href="#[5f]">&gt;&gt;</a>&nbsp;&nbsp;&nbsp;RCC_APB2PeriphClockCmd
<LI><a href="#[60]">&gt;&gt;</a>&nbsp;&nbsp;&nbsp;RCC_ADCCLKConfig
</UL>
<BR>[Called By]<UL><LI><a href="#[48]">&gt;&gt;</a>&nbsp;&nbsp;&nbsp;main
</UL>

<P><STRONG><a name="[6d]"></a>BASIC_TIM_Init</STRONG> (Thumb, 28 bytes, Stack size 8 bytes, bsp_time.o(i.BASIC_TIM_Init))
<BR><BR>[Stack]<UL><LI>Max Depth = 48<LI>Call Chain = BASIC_TIM_Init &rArr; TIM7_Init &rArr; NVIC_Init
</UL>
<BR>[Calls]<UL><LI><a href="#[6e]">&gt;&gt;</a>&nbsp;&nbsp;&nbsp;RCC_APB1PeriphClockCmd
<LI><a href="#[70]">&gt;&gt;</a>&nbsp;&nbsp;&nbsp;TIM7_Init
<LI><a href="#[6f]">&gt;&gt;</a>&nbsp;&nbsp;&nbsp;TIM6_Init
</UL>
<BR>[Called By]<UL><LI><a href="#[48]">&gt;&gt;</a>&nbsp;&nbsp;&nbsp;main
</UL>

<P><STRONG><a name="[71]"></a>BEEP_GPIO_Config</STRONG> (Thumb, 50 bytes, Stack size 8 bytes, bsp_beep.o(i.BEEP_GPIO_Config))
<BR><BR>[Stack]<UL><LI>Max Depth = 32<LI>Call Chain = BEEP_GPIO_Config &rArr; GPIO_Init
</UL>
<BR>[Calls]<UL><LI><a href="#[72]">&gt;&gt;</a>&nbsp;&nbsp;&nbsp;GPIO_ResetBits
<LI><a href="#[61]">&gt;&gt;</a>&nbsp;&nbsp;&nbsp;GPIO_Init
<LI><a href="#[5f]">&gt;&gt;</a>&nbsp;&nbsp;&nbsp;RCC_APB2PeriphClockCmd
</UL>
<BR>[Called By]<UL><LI><a href="#[48]">&gt;&gt;</a>&nbsp;&nbsp;&nbsp;main
</UL>

<P><STRONG><a name="[73]"></a>BKP_DeInit</STRONG> (Thumb, 16 bytes, Stack size 8 bytes, stm32f10x_bkp.o(i.BKP_DeInit))
<BR><BR>[Stack]<UL><LI>Max Depth = 8<LI>Call Chain = BKP_DeInit
</UL>
<BR>[Calls]<UL><LI><a href="#[74]">&gt;&gt;</a>&nbsp;&nbsp;&nbsp;RCC_BackupResetCmd
</UL>
<BR>[Called By]<UL><LI><a href="#[9a]">&gt;&gt;</a>&nbsp;&nbsp;&nbsp;RTC_Init
</UL>

<P><STRONG><a name="[9b]"></a>BKP_ReadBackupRegister</STRONG> (Thumb, 24 bytes, Stack size 8 bytes, stm32f10x_bkp.o(i.BKP_ReadBackupRegister))
<BR><BR>[Stack]<UL><LI>Max Depth = 8<LI>Call Chain = BKP_ReadBackupRegister
</UL>
<BR>[Called By]<UL><LI><a href="#[9a]">&gt;&gt;</a>&nbsp;&nbsp;&nbsp;RTC_Init
</UL>

<P><STRONG><a name="[a7]"></a>BKP_WriteBackupRegister</STRONG> (Thumb, 22 bytes, Stack size 8 bytes, stm32f10x_bkp.o(i.BKP_WriteBackupRegister))
<BR><BR>[Stack]<UL><LI>Max Depth = 8<LI>Call Chain = BKP_WriteBackupRegister
</UL>
<BR>[Called By]<UL><LI><a href="#[9a]">&gt;&gt;</a>&nbsp;&nbsp;&nbsp;RTC_Init
</UL>

<P><STRONG><a name="[6]"></a>BusFault_Handler</STRONG> (Thumb, 4 bytes, Stack size 0 bytes, stm32f10x_it.o(i.BusFault_Handler))
<BR>[Address Reference Count : 1]<UL><LI> startup_stm32f10x_hd.o(RESET)
</UL>
<P><STRONG><a name="[75]"></a>DS18B20_Check</STRONG> (Thumb, 86 bytes, Stack size 8 bytes, bsp_ds18b20.o(i.DS18B20_Check))
<BR><BR>[Stack]<UL><LI>Max Depth = 40<LI>Call Chain = DS18B20_Check &rArr; DS18B20_IO_IN &rArr; GPIO_Init
</UL>
<BR>[Calls]<UL><LI><a href="#[78]">&gt;&gt;</a>&nbsp;&nbsp;&nbsp;GPIO_ReadInputDataBit
<LI><a href="#[76]">&gt;&gt;</a>&nbsp;&nbsp;&nbsp;DS18B20_IO_IN
<LI><a href="#[77]">&gt;&gt;</a>&nbsp;&nbsp;&nbsp;SysTick_Delay_Us
</UL>
<BR>[Called By]<UL><LI><a href="#[7a]">&gt;&gt;</a>&nbsp;&nbsp;&nbsp;DS18B20_Start
<LI><a href="#[79]">&gt;&gt;</a>&nbsp;&nbsp;&nbsp;DS18B20_GetTemperture
<LI><a href="#[7f]">&gt;&gt;</a>&nbsp;&nbsp;&nbsp;DS18B20_Init
</UL>

<P><STRONG><a name="[79]"></a>DS18B20_GetTemperture</STRONG> (Thumb, 120 bytes, Stack size 40 bytes, bsp_ds18b20.o(i.DS18B20_GetTemperture))
<BR><BR>[Stack]<UL><LI>Max Depth = 128<LI>Call Chain = DS18B20_GetTemperture &rArr; __aeabi_dmul &rArr; _double_epilogue &rArr; _double_round
</UL>
<BR>[Calls]<UL><LI><a href="#[57]">&gt;&gt;</a>&nbsp;&nbsp;&nbsp;__aeabi_ui2d
<LI><a href="#[58]">&gt;&gt;</a>&nbsp;&nbsp;&nbsp;__aeabi_d2f
<LI><a href="#[7c]">&gt;&gt;</a>&nbsp;&nbsp;&nbsp;DS18B20_Write_Byte
<LI><a href="#[7a]">&gt;&gt;</a>&nbsp;&nbsp;&nbsp;DS18B20_Start
<LI><a href="#[7b]">&gt;&gt;</a>&nbsp;&nbsp;&nbsp;DS18B20_Reset
<LI><a href="#[7d]">&gt;&gt;</a>&nbsp;&nbsp;&nbsp;DS18B20_Read_Byte
<LI><a href="#[75]">&gt;&gt;</a>&nbsp;&nbsp;&nbsp;DS18B20_Check
<LI><a href="#[55]">&gt;&gt;</a>&nbsp;&nbsp;&nbsp;__aeabi_dmul
</UL>
<BR>[Called By]<UL><LI><a href="#[43]">&gt;&gt;</a>&nbsp;&nbsp;&nbsp;TIM7_IRQHandler
</UL>

<P><STRONG><a name="[76]"></a>DS18B20_IO_IN</STRONG> (Thumb, 26 bytes, Stack size 8 bytes, bsp_ds18b20.o(i.DS18B20_IO_IN))
<BR><BR>[Stack]<UL><LI>Max Depth = 32<LI>Call Chain = DS18B20_IO_IN &rArr; GPIO_Init
</UL>
<BR>[Calls]<UL><LI><a href="#[61]">&gt;&gt;</a>&nbsp;&nbsp;&nbsp;GPIO_Init
</UL>
<BR>[Called By]<UL><LI><a href="#[80]">&gt;&gt;</a>&nbsp;&nbsp;&nbsp;DS18B20_Read_Bit
<LI><a href="#[75]">&gt;&gt;</a>&nbsp;&nbsp;&nbsp;DS18B20_Check
</UL>

<P><STRONG><a name="[7e]"></a>DS18B20_IO_OUT</STRONG> (Thumb, 32 bytes, Stack size 8 bytes, bsp_ds18b20.o(i.DS18B20_IO_OUT))
<BR><BR>[Stack]<UL><LI>Max Depth = 32<LI>Call Chain = DS18B20_IO_OUT &rArr; GPIO_Init
</UL>
<BR>[Calls]<UL><LI><a href="#[61]">&gt;&gt;</a>&nbsp;&nbsp;&nbsp;GPIO_Init
</UL>
<BR>[Called By]<UL><LI><a href="#[7c]">&gt;&gt;</a>&nbsp;&nbsp;&nbsp;DS18B20_Write_Byte
<LI><a href="#[7b]">&gt;&gt;</a>&nbsp;&nbsp;&nbsp;DS18B20_Reset
<LI><a href="#[80]">&gt;&gt;</a>&nbsp;&nbsp;&nbsp;DS18B20_Read_Bit
</UL>

<P><STRONG><a name="[7f]"></a>DS18B20_Init</STRONG> (Thumb, 48 bytes, Stack size 8 bytes, bsp_ds18b20.o(i.DS18B20_Init))
<BR><BR>[Stack]<UL><LI>Max Depth = 48<LI>Call Chain = DS18B20_Init &rArr; DS18B20_Reset &rArr; DS18B20_IO_OUT &rArr; GPIO_Init
</UL>
<BR>[Calls]<UL><LI><a href="#[61]">&gt;&gt;</a>&nbsp;&nbsp;&nbsp;GPIO_Init
<LI><a href="#[5f]">&gt;&gt;</a>&nbsp;&nbsp;&nbsp;RCC_APB2PeriphClockCmd
<LI><a href="#[7b]">&gt;&gt;</a>&nbsp;&nbsp;&nbsp;DS18B20_Reset
<LI><a href="#[75]">&gt;&gt;</a>&nbsp;&nbsp;&nbsp;DS18B20_Check
</UL>
<BR>[Called By]<UL><LI><a href="#[48]">&gt;&gt;</a>&nbsp;&nbsp;&nbsp;main
</UL>

<P><STRONG><a name="[80]"></a>DS18B20_Read_Bit</STRONG> (Thumb, 70 bytes, Stack size 8 bytes, bsp_ds18b20.o(i.DS18B20_Read_Bit))
<BR><BR>[Stack]<UL><LI>Max Depth = 40<LI>Call Chain = DS18B20_Read_Bit &rArr; DS18B20_IO_OUT &rArr; GPIO_Init
</UL>
<BR>[Calls]<UL><LI><a href="#[81]">&gt;&gt;</a>&nbsp;&nbsp;&nbsp;GPIO_SetBits
<LI><a href="#[72]">&gt;&gt;</a>&nbsp;&nbsp;&nbsp;GPIO_ResetBits
<LI><a href="#[78]">&gt;&gt;</a>&nbsp;&nbsp;&nbsp;GPIO_ReadInputDataBit
<LI><a href="#[7e]">&gt;&gt;</a>&nbsp;&nbsp;&nbsp;DS18B20_IO_OUT
<LI><a href="#[76]">&gt;&gt;</a>&nbsp;&nbsp;&nbsp;DS18B20_IO_IN
<LI><a href="#[77]">&gt;&gt;</a>&nbsp;&nbsp;&nbsp;SysTick_Delay_Us
</UL>
<BR>[Called By]<UL><LI><a href="#[7d]">&gt;&gt;</a>&nbsp;&nbsp;&nbsp;DS18B20_Read_Byte
</UL>

<P><STRONG><a name="[7d]"></a>DS18B20_Read_Byte</STRONG> (Thumb, 34 bytes, Stack size 16 bytes, bsp_ds18b20.o(i.DS18B20_Read_Byte))
<BR><BR>[Stack]<UL><LI>Max Depth = 56<LI>Call Chain = DS18B20_Read_Byte &rArr; DS18B20_Read_Bit &rArr; DS18B20_IO_OUT &rArr; GPIO_Init
</UL>
<BR>[Calls]<UL><LI><a href="#[80]">&gt;&gt;</a>&nbsp;&nbsp;&nbsp;DS18B20_Read_Bit
</UL>
<BR>[Called By]<UL><LI><a href="#[79]">&gt;&gt;</a>&nbsp;&nbsp;&nbsp;DS18B20_GetTemperture
</UL>

<P><STRONG><a name="[7b]"></a>DS18B20_Reset</STRONG> (Thumb, 42 bytes, Stack size 8 bytes, bsp_ds18b20.o(i.DS18B20_Reset))
<BR><BR>[Stack]<UL><LI>Max Depth = 40<LI>Call Chain = DS18B20_Reset &rArr; DS18B20_IO_OUT &rArr; GPIO_Init
</UL>
<BR>[Calls]<UL><LI><a href="#[81]">&gt;&gt;</a>&nbsp;&nbsp;&nbsp;GPIO_SetBits
<LI><a href="#[72]">&gt;&gt;</a>&nbsp;&nbsp;&nbsp;GPIO_ResetBits
<LI><a href="#[7e]">&gt;&gt;</a>&nbsp;&nbsp;&nbsp;DS18B20_IO_OUT
<LI><a href="#[77]">&gt;&gt;</a>&nbsp;&nbsp;&nbsp;SysTick_Delay_Us
</UL>
<BR>[Called By]<UL><LI><a href="#[7a]">&gt;&gt;</a>&nbsp;&nbsp;&nbsp;DS18B20_Start
<LI><a href="#[79]">&gt;&gt;</a>&nbsp;&nbsp;&nbsp;DS18B20_GetTemperture
<LI><a href="#[7f]">&gt;&gt;</a>&nbsp;&nbsp;&nbsp;DS18B20_Init
</UL>

<P><STRONG><a name="[7a]"></a>DS18B20_Start</STRONG> (Thumb, 24 bytes, Stack size 8 bytes, bsp_ds18b20.o(i.DS18B20_Start))
<BR><BR>[Stack]<UL><LI>Max Depth = 56<LI>Call Chain = DS18B20_Start &rArr; DS18B20_Write_Byte &rArr; DS18B20_IO_OUT &rArr; GPIO_Init
</UL>
<BR>[Calls]<UL><LI><a href="#[7c]">&gt;&gt;</a>&nbsp;&nbsp;&nbsp;DS18B20_Write_Byte
<LI><a href="#[7b]">&gt;&gt;</a>&nbsp;&nbsp;&nbsp;DS18B20_Reset
<LI><a href="#[75]">&gt;&gt;</a>&nbsp;&nbsp;&nbsp;DS18B20_Check
</UL>
<BR>[Called By]<UL><LI><a href="#[79]">&gt;&gt;</a>&nbsp;&nbsp;&nbsp;DS18B20_GetTemperture
</UL>

<P><STRONG><a name="[7c]"></a>DS18B20_Write_Byte</STRONG> (Thumb, 96 bytes, Stack size 16 bytes, bsp_ds18b20.o(i.DS18B20_Write_Byte))
<BR><BR>[Stack]<UL><LI>Max Depth = 48<LI>Call Chain = DS18B20_Write_Byte &rArr; DS18B20_IO_OUT &rArr; GPIO_Init
</UL>
<BR>[Calls]<UL><LI><a href="#[81]">&gt;&gt;</a>&nbsp;&nbsp;&nbsp;GPIO_SetBits
<LI><a href="#[72]">&gt;&gt;</a>&nbsp;&nbsp;&nbsp;GPIO_ResetBits
<LI><a href="#[7e]">&gt;&gt;</a>&nbsp;&nbsp;&nbsp;DS18B20_IO_OUT
<LI><a href="#[77]">&gt;&gt;</a>&nbsp;&nbsp;&nbsp;SysTick_Delay_Us
</UL>
<BR>[Called By]<UL><LI><a href="#[7a]">&gt;&gt;</a>&nbsp;&nbsp;&nbsp;DS18B20_Start
<LI><a href="#[79]">&gt;&gt;</a>&nbsp;&nbsp;&nbsp;DS18B20_GetTemperture
</UL>

<P><STRONG><a name="[9]"></a>DebugMon_Handler</STRONG> (Thumb, 2 bytes, Stack size 0 bytes, stm32f10x_it.o(i.DebugMon_Handler))
<BR>[Address Reference Count : 1]<UL><LI> startup_stm32f10x_hd.o(RESET)
</UL>
<P><STRONG><a name="[9d]"></a>Delay_us</STRONG> (Thumb, 36 bytes, Stack size 8 bytes, bsp_systick.o(i.Delay_us))
<BR><BR>[Stack]<UL><LI>Max Depth = 8<LI>Call Chain = Delay_us
</UL>
<BR>[Called By]<UL><LI><a href="#[9a]">&gt;&gt;</a>&nbsp;&nbsp;&nbsp;RTC_Init
<LI><a href="#[48]">&gt;&gt;</a>&nbsp;&nbsp;&nbsp;main
</UL>

<P><STRONG><a name="[12]"></a>EXTI0_IRQHandler</STRONG> (Thumb, 40 bytes, Stack size 8 bytes, bsp_exti.o(i.EXTI0_IRQHandler))
<BR><BR>[Stack]<UL><LI>Max Depth = 8<LI>Call Chain = EXTI0_IRQHandler
</UL>
<BR>[Calls]<UL><LI><a href="#[72]">&gt;&gt;</a>&nbsp;&nbsp;&nbsp;GPIO_ResetBits
<LI><a href="#[78]">&gt;&gt;</a>&nbsp;&nbsp;&nbsp;GPIO_ReadInputDataBit
<LI><a href="#[82]">&gt;&gt;</a>&nbsp;&nbsp;&nbsp;EXTI_GetITStatus
<LI><a href="#[83]">&gt;&gt;</a>&nbsp;&nbsp;&nbsp;EXTI_ClearITPendingBit
</UL>
<BR>[Address Reference Count : 1]<UL><LI> startup_stm32f10x_hd.o(RESET)
</UL>
<P><STRONG><a name="[14]"></a>EXTI2_IRQHandler</STRONG> (Thumb, 38 bytes, Stack size 8 bytes, bsp_exti.o(i.EXTI2_IRQHandler))
<BR><BR>[Stack]<UL><LI>Max Depth = 8<LI>Call Chain = EXTI2_IRQHandler
</UL>
<BR>[Calls]<UL><LI><a href="#[81]">&gt;&gt;</a>&nbsp;&nbsp;&nbsp;GPIO_SetBits
<LI><a href="#[78]">&gt;&gt;</a>&nbsp;&nbsp;&nbsp;GPIO_ReadInputDataBit
<LI><a href="#[82]">&gt;&gt;</a>&nbsp;&nbsp;&nbsp;EXTI_GetITStatus
<LI><a href="#[83]">&gt;&gt;</a>&nbsp;&nbsp;&nbsp;EXTI_ClearITPendingBit
</UL>
<BR>[Address Reference Count : 1]<UL><LI> startup_stm32f10x_hd.o(RESET)
</UL>
<P><STRONG><a name="[15]"></a>EXTI3_IRQHandler</STRONG> (Thumb, 40 bytes, Stack size 8 bytes, bsp_exti.o(i.EXTI3_IRQHandler))
<BR><BR>[Stack]<UL><LI>Max Depth = 8<LI>Call Chain = EXTI3_IRQHandler
</UL>
<BR>[Calls]<UL><LI><a href="#[81]">&gt;&gt;</a>&nbsp;&nbsp;&nbsp;GPIO_SetBits
<LI><a href="#[78]">&gt;&gt;</a>&nbsp;&nbsp;&nbsp;GPIO_ReadInputDataBit
<LI><a href="#[82]">&gt;&gt;</a>&nbsp;&nbsp;&nbsp;EXTI_GetITStatus
<LI><a href="#[83]">&gt;&gt;</a>&nbsp;&nbsp;&nbsp;EXTI_ClearITPendingBit
</UL>
<BR>[Address Reference Count : 1]<UL><LI> startup_stm32f10x_hd.o(RESET)
</UL>
<P><STRONG><a name="[16]"></a>EXTI4_IRQHandler</STRONG> (Thumb, 38 bytes, Stack size 8 bytes, bsp_exti.o(i.EXTI4_IRQHandler))
<BR><BR>[Stack]<UL><LI>Max Depth = 8<LI>Call Chain = EXTI4_IRQHandler
</UL>
<BR>[Calls]<UL><LI><a href="#[72]">&gt;&gt;</a>&nbsp;&nbsp;&nbsp;GPIO_ResetBits
<LI><a href="#[78]">&gt;&gt;</a>&nbsp;&nbsp;&nbsp;GPIO_ReadInputDataBit
<LI><a href="#[82]">&gt;&gt;</a>&nbsp;&nbsp;&nbsp;EXTI_GetITStatus
<LI><a href="#[83]">&gt;&gt;</a>&nbsp;&nbsp;&nbsp;EXTI_ClearITPendingBit
</UL>
<BR>[Address Reference Count : 1]<UL><LI> startup_stm32f10x_hd.o(RESET)
</UL>
<P><STRONG><a name="[83]"></a>EXTI_ClearITPendingBit</STRONG> (Thumb, 6 bytes, Stack size 0 bytes, stm32f10x_exti.o(i.EXTI_ClearITPendingBit))
<BR><BR>[Called By]<UL><LI><a href="#[16]">&gt;&gt;</a>&nbsp;&nbsp;&nbsp;EXTI4_IRQHandler
<LI><a href="#[15]">&gt;&gt;</a>&nbsp;&nbsp;&nbsp;EXTI3_IRQHandler
<LI><a href="#[14]">&gt;&gt;</a>&nbsp;&nbsp;&nbsp;EXTI2_IRQHandler
<LI><a href="#[12]">&gt;&gt;</a>&nbsp;&nbsp;&nbsp;EXTI0_IRQHandler
</UL>

<P><STRONG><a name="[82]"></a>EXTI_GetITStatus</STRONG> (Thumb, 34 bytes, Stack size 0 bytes, stm32f10x_exti.o(i.EXTI_GetITStatus))
<BR><BR>[Called By]<UL><LI><a href="#[16]">&gt;&gt;</a>&nbsp;&nbsp;&nbsp;EXTI4_IRQHandler
<LI><a href="#[15]">&gt;&gt;</a>&nbsp;&nbsp;&nbsp;EXTI3_IRQHandler
<LI><a href="#[14]">&gt;&gt;</a>&nbsp;&nbsp;&nbsp;EXTI2_IRQHandler
<LI><a href="#[12]">&gt;&gt;</a>&nbsp;&nbsp;&nbsp;EXTI0_IRQHandler
</UL>

<P><STRONG><a name="[87]"></a>EXTI_Init</STRONG> (Thumb, 142 bytes, Stack size 0 bytes, stm32f10x_exti.o(i.EXTI_Init))
<BR><BR>[Called By]<UL><LI><a href="#[84]">&gt;&gt;</a>&nbsp;&nbsp;&nbsp;EXTI_Key_Config
</UL>

<P><STRONG><a name="[84]"></a>EXTI_Key_Config</STRONG> (Thumb, 274 bytes, Stack size 24 bytes, bsp_exti.o(i.EXTI_Key_Config))
<BR><BR>[Stack]<UL><LI>Max Depth = 48<LI>Call Chain = EXTI_Key_Config &rArr; GPIO_Init
</UL>
<BR>[Calls]<UL><LI><a href="#[86]">&gt;&gt;</a>&nbsp;&nbsp;&nbsp;NVIC_Init
<LI><a href="#[61]">&gt;&gt;</a>&nbsp;&nbsp;&nbsp;GPIO_Init
<LI><a href="#[85]">&gt;&gt;</a>&nbsp;&nbsp;&nbsp;GPIO_EXTILineConfig
<LI><a href="#[87]">&gt;&gt;</a>&nbsp;&nbsp;&nbsp;EXTI_Init
<LI><a href="#[5f]">&gt;&gt;</a>&nbsp;&nbsp;&nbsp;RCC_APB2PeriphClockCmd
</UL>
<BR>[Called By]<UL><LI><a href="#[48]">&gt;&gt;</a>&nbsp;&nbsp;&nbsp;main
</UL>

<P><STRONG><a name="[88]"></a>Enter_Standby_Mode</STRONG> (Thumb, 28 bytes, Stack size 8 bytes, bsp_time.o(i.Enter_Standby_Mode))
<BR><BR>[Stack]<UL><LI>Max Depth = 8<LI>Call Chain = Enter_Standby_Mode
</UL>
<BR>[Calls]<UL><LI><a href="#[6e]">&gt;&gt;</a>&nbsp;&nbsp;&nbsp;RCC_APB1PeriphClockCmd
<LI><a href="#[8a]">&gt;&gt;</a>&nbsp;&nbsp;&nbsp;PWR_WakeUpPinCmd
<LI><a href="#[8b]">&gt;&gt;</a>&nbsp;&nbsp;&nbsp;PWR_EnterSTANDBYMode
<LI><a href="#[89]">&gt;&gt;</a>&nbsp;&nbsp;&nbsp;PWR_ClearFlag
</UL>
<BR>[Called By]<UL><LI><a href="#[3e]">&gt;&gt;</a>&nbsp;&nbsp;&nbsp;TIM5_IRQHandler
</UL>

<P><STRONG><a name="[85]"></a>GPIO_EXTILineConfig</STRONG> (Thumb, 60 bytes, Stack size 12 bytes, stm32f10x_gpio.o(i.GPIO_EXTILineConfig))
<BR><BR>[Stack]<UL><LI>Max Depth = 12<LI>Call Chain = GPIO_EXTILineConfig
</UL>
<BR>[Called By]<UL><LI><a href="#[84]">&gt;&gt;</a>&nbsp;&nbsp;&nbsp;EXTI_Key_Config
</UL>

<P><STRONG><a name="[61]"></a>GPIO_Init</STRONG> (Thumb, 278 bytes, Stack size 24 bytes, stm32f10x_gpio.o(i.GPIO_Init))
<BR><BR>[Stack]<UL><LI>Max Depth = 24<LI>Call Chain = GPIO_Init
</UL>
<BR>[Called By]<UL><LI><a href="#[7e]">&gt;&gt;</a>&nbsp;&nbsp;&nbsp;DS18B20_IO_OUT
<LI><a href="#[76]">&gt;&gt;</a>&nbsp;&nbsp;&nbsp;DS18B20_IO_IN
<LI><a href="#[c9]">&gt;&gt;</a>&nbsp;&nbsp;&nbsp;USART_Config
<LI><a href="#[b5]">&gt;&gt;</a>&nbsp;&nbsp;&nbsp;TIM5_Input_Capture
<LI><a href="#[8d]">&gt;&gt;</a>&nbsp;&nbsp;&nbsp;Lsens_Init
<LI><a href="#[8c]">&gt;&gt;</a>&nbsp;&nbsp;&nbsp;LED_GPIO_Config
<LI><a href="#[84]">&gt;&gt;</a>&nbsp;&nbsp;&nbsp;EXTI_Key_Config
<LI><a href="#[7f]">&gt;&gt;</a>&nbsp;&nbsp;&nbsp;DS18B20_Init
<LI><a href="#[71]">&gt;&gt;</a>&nbsp;&nbsp;&nbsp;BEEP_GPIO_Config
<LI><a href="#[5e]">&gt;&gt;</a>&nbsp;&nbsp;&nbsp;ADC2_Init
</UL>

<P><STRONG><a name="[78]"></a>GPIO_ReadInputDataBit</STRONG> (Thumb, 18 bytes, Stack size 0 bytes, stm32f10x_gpio.o(i.GPIO_ReadInputDataBit))
<BR><BR>[Called By]<UL><LI><a href="#[80]">&gt;&gt;</a>&nbsp;&nbsp;&nbsp;DS18B20_Read_Bit
<LI><a href="#[75]">&gt;&gt;</a>&nbsp;&nbsp;&nbsp;DS18B20_Check
<LI><a href="#[16]">&gt;&gt;</a>&nbsp;&nbsp;&nbsp;EXTI4_IRQHandler
<LI><a href="#[15]">&gt;&gt;</a>&nbsp;&nbsp;&nbsp;EXTI3_IRQHandler
<LI><a href="#[14]">&gt;&gt;</a>&nbsp;&nbsp;&nbsp;EXTI2_IRQHandler
<LI><a href="#[12]">&gt;&gt;</a>&nbsp;&nbsp;&nbsp;EXTI0_IRQHandler
</UL>

<P><STRONG><a name="[72]"></a>GPIO_ResetBits</STRONG> (Thumb, 4 bytes, Stack size 0 bytes, stm32f10x_gpio.o(i.GPIO_ResetBits))
<BR><BR>[Called By]<UL><LI><a href="#[7c]">&gt;&gt;</a>&nbsp;&nbsp;&nbsp;DS18B20_Write_Byte
<LI><a href="#[7b]">&gt;&gt;</a>&nbsp;&nbsp;&nbsp;DS18B20_Reset
<LI><a href="#[80]">&gt;&gt;</a>&nbsp;&nbsp;&nbsp;DS18B20_Read_Bit
<LI><a href="#[16]">&gt;&gt;</a>&nbsp;&nbsp;&nbsp;EXTI4_IRQHandler
<LI><a href="#[12]">&gt;&gt;</a>&nbsp;&nbsp;&nbsp;EXTI0_IRQHandler
<LI><a href="#[71]">&gt;&gt;</a>&nbsp;&nbsp;&nbsp;BEEP_GPIO_Config
</UL>

<P><STRONG><a name="[81]"></a>GPIO_SetBits</STRONG> (Thumb, 4 bytes, Stack size 0 bytes, stm32f10x_gpio.o(i.GPIO_SetBits))
<BR><BR>[Called By]<UL><LI><a href="#[7c]">&gt;&gt;</a>&nbsp;&nbsp;&nbsp;DS18B20_Write_Byte
<LI><a href="#[7b]">&gt;&gt;</a>&nbsp;&nbsp;&nbsp;DS18B20_Reset
<LI><a href="#[80]">&gt;&gt;</a>&nbsp;&nbsp;&nbsp;DS18B20_Read_Bit
<LI><a href="#[15]">&gt;&gt;</a>&nbsp;&nbsp;&nbsp;EXTI3_IRQHandler
<LI><a href="#[14]">&gt;&gt;</a>&nbsp;&nbsp;&nbsp;EXTI2_IRQHandler
<LI><a href="#[8c]">&gt;&gt;</a>&nbsp;&nbsp;&nbsp;LED_GPIO_Config
</UL>

<P><STRONG><a name="[4]"></a>HardFault_Handler</STRONG> (Thumb, 4 bytes, Stack size 0 bytes, stm32f10x_it.o(i.HardFault_Handler))
<BR>[Address Reference Count : 1]<UL><LI> startup_stm32f10x_hd.o(RESET)
</UL>
<P><STRONG><a name="[91]"></a>Is_Leap_Year</STRONG> (Thumb, 58 bytes, Stack size 0 bytes, bsp_rtc.o(i.Is_Leap_Year))
<BR><BR>[Called By]<UL><LI><a href="#[a5]">&gt;&gt;</a>&nbsp;&nbsp;&nbsp;RTC_Set
<LI><a href="#[95]">&gt;&gt;</a>&nbsp;&nbsp;&nbsp;RTC_Get
<LI><a href="#[90]">&gt;&gt;</a>&nbsp;&nbsp;&nbsp;RTC_Alarm_Set
</UL>

<P><STRONG><a name="[8c]"></a>LED_GPIO_Config</STRONG> (Thumb, 68 bytes, Stack size 8 bytes, bsp_led.o(i.LED_GPIO_Config))
<BR><BR>[Stack]<UL><LI>Max Depth = 32<LI>Call Chain = LED_GPIO_Config &rArr; GPIO_Init
</UL>
<BR>[Calls]<UL><LI><a href="#[81]">&gt;&gt;</a>&nbsp;&nbsp;&nbsp;GPIO_SetBits
<LI><a href="#[61]">&gt;&gt;</a>&nbsp;&nbsp;&nbsp;GPIO_Init
<LI><a href="#[5f]">&gt;&gt;</a>&nbsp;&nbsp;&nbsp;RCC_APB2PeriphClockCmd
</UL>
<BR>[Called By]<UL><LI><a href="#[48]">&gt;&gt;</a>&nbsp;&nbsp;&nbsp;main
</UL>

<P><STRONG><a name="[8d]"></a>Lsens_Init</STRONG> (Thumb, 150 bytes, Stack size 32 bytes, bsp_adc.o(i.Lsens_Init))
<BR><BR>[Stack]<UL><LI>Max Depth = 56<LI>Call Chain = Lsens_Init &rArr; GPIO_Init
</UL>
<BR>[Calls]<UL><LI><a href="#[6a]">&gt;&gt;</a>&nbsp;&nbsp;&nbsp;RCC_APB2PeriphResetCmd
<LI><a href="#[66]">&gt;&gt;</a>&nbsp;&nbsp;&nbsp;ADC_StartCalibration
<LI><a href="#[64]">&gt;&gt;</a>&nbsp;&nbsp;&nbsp;ADC_ResetCalibration
<LI><a href="#[62]">&gt;&gt;</a>&nbsp;&nbsp;&nbsp;ADC_Init
<LI><a href="#[65]">&gt;&gt;</a>&nbsp;&nbsp;&nbsp;ADC_GetResetCalibrationStatus
<LI><a href="#[67]">&gt;&gt;</a>&nbsp;&nbsp;&nbsp;ADC_GetCalibrationStatus
<LI><a href="#[69]">&gt;&gt;</a>&nbsp;&nbsp;&nbsp;ADC_DeInit
<LI><a href="#[63]">&gt;&gt;</a>&nbsp;&nbsp;&nbsp;ADC_Cmd
<LI><a href="#[61]">&gt;&gt;</a>&nbsp;&nbsp;&nbsp;GPIO_Init
<LI><a href="#[5f]">&gt;&gt;</a>&nbsp;&nbsp;&nbsp;RCC_APB2PeriphClockCmd
</UL>
<BR>[Called By]<UL><LI><a href="#[48]">&gt;&gt;</a>&nbsp;&nbsp;&nbsp;main
</UL>

<P><STRONG><a name="[5]"></a>MemManage_Handler</STRONG> (Thumb, 4 bytes, Stack size 0 bytes, stm32f10x_it.o(i.MemManage_Handler))
<BR>[Address Reference Count : 1]<UL><LI> startup_stm32f10x_hd.o(RESET)
</UL>
<P><STRONG><a name="[3]"></a>NMI_Handler</STRONG> (Thumb, 2 bytes, Stack size 0 bytes, stm32f10x_it.o(i.NMI_Handler))
<BR>[Address Reference Count : 1]<UL><LI> startup_stm32f10x_hd.o(RESET)
</UL>
<P><STRONG><a name="[86]"></a>NVIC_Init</STRONG> (Thumb, 100 bytes, Stack size 16 bytes, misc.o(i.NVIC_Init))
<BR><BR>[Stack]<UL><LI>Max Depth = 16<LI>Call Chain = NVIC_Init
</UL>
<BR>[Called By]<UL><LI><a href="#[a8]">&gt;&gt;</a>&nbsp;&nbsp;&nbsp;RTC_NVIC_Config
<LI><a href="#[70]">&gt;&gt;</a>&nbsp;&nbsp;&nbsp;TIM7_Init
<LI><a href="#[6f]">&gt;&gt;</a>&nbsp;&nbsp;&nbsp;TIM6_Init
<LI><a href="#[8e]">&gt;&gt;</a>&nbsp;&nbsp;&nbsp;NVIC_Configuration
<LI><a href="#[b5]">&gt;&gt;</a>&nbsp;&nbsp;&nbsp;TIM5_Input_Capture
<LI><a href="#[84]">&gt;&gt;</a>&nbsp;&nbsp;&nbsp;EXTI_Key_Config
</UL>

<P><STRONG><a name="[8f]"></a>NVIC_PriorityGroupConfig</STRONG> (Thumb, 10 bytes, Stack size 0 bytes, misc.o(i.NVIC_PriorityGroupConfig))
<BR><BR>[Called By]<UL><LI><a href="#[8e]">&gt;&gt;</a>&nbsp;&nbsp;&nbsp;NVIC_Configuration
<LI><a href="#[b5]">&gt;&gt;</a>&nbsp;&nbsp;&nbsp;TIM5_Input_Capture
<LI><a href="#[48]">&gt;&gt;</a>&nbsp;&nbsp;&nbsp;main
</UL>

<P><STRONG><a name="[92]"></a>PWR_BackupAccessCmd</STRONG> (Thumb, 6 bytes, Stack size 0 bytes, stm32f10x_pwr.o(i.PWR_BackupAccessCmd))
<BR><BR>[Called By]<UL><LI><a href="#[a5]">&gt;&gt;</a>&nbsp;&nbsp;&nbsp;RTC_Set
<LI><a href="#[9a]">&gt;&gt;</a>&nbsp;&nbsp;&nbsp;RTC_Init
<LI><a href="#[90]">&gt;&gt;</a>&nbsp;&nbsp;&nbsp;RTC_Alarm_Set
</UL>

<P><STRONG><a name="[89]"></a>PWR_ClearFlag</STRONG> (Thumb, 14 bytes, Stack size 0 bytes, stm32f10x_pwr.o(i.PWR_ClearFlag))
<BR><BR>[Called By]<UL><LI><a href="#[88]">&gt;&gt;</a>&nbsp;&nbsp;&nbsp;Enter_Standby_Mode
</UL>

<P><STRONG><a name="[8b]"></a>PWR_EnterSTANDBYMode</STRONG> (Thumb, 42 bytes, Stack size 0 bytes, stm32f10x_pwr.o(i.PWR_EnterSTANDBYMode))
<BR><BR>[Called By]<UL><LI><a href="#[88]">&gt;&gt;</a>&nbsp;&nbsp;&nbsp;Enter_Standby_Mode
</UL>

<P><STRONG><a name="[8a]"></a>PWR_WakeUpPinCmd</STRONG> (Thumb, 6 bytes, Stack size 0 bytes, stm32f10x_pwr.o(i.PWR_WakeUpPinCmd))
<BR><BR>[Called By]<UL><LI><a href="#[88]">&gt;&gt;</a>&nbsp;&nbsp;&nbsp;Enter_Standby_Mode
</UL>

<P><STRONG><a name="[a]"></a>PendSV_Handler</STRONG> (Thumb, 2 bytes, Stack size 0 bytes, stm32f10x_it.o(i.PendSV_Handler))
<BR>[Address Reference Count : 1]<UL><LI> startup_stm32f10x_hd.o(RESET)
</UL>
<P><STRONG><a name="[60]"></a>RCC_ADCCLKConfig</STRONG> (Thumb, 18 bytes, Stack size 0 bytes, stm32f10x_rcc.o(i.RCC_ADCCLKConfig))
<BR><BR>[Called By]<UL><LI><a href="#[6b]">&gt;&gt;</a>&nbsp;&nbsp;&nbsp;ADC_Temp_Init
<LI><a href="#[5e]">&gt;&gt;</a>&nbsp;&nbsp;&nbsp;ADC2_Init
</UL>

<P><STRONG><a name="[6e]"></a>RCC_APB1PeriphClockCmd</STRONG> (Thumb, 26 bytes, Stack size 0 bytes, stm32f10x_rcc.o(i.RCC_APB1PeriphClockCmd))
<BR><BR>[Called By]<UL><LI><a href="#[a5]">&gt;&gt;</a>&nbsp;&nbsp;&nbsp;RTC_Set
<LI><a href="#[88]">&gt;&gt;</a>&nbsp;&nbsp;&nbsp;Enter_Standby_Mode
<LI><a href="#[b5]">&gt;&gt;</a>&nbsp;&nbsp;&nbsp;TIM5_Input_Capture
<LI><a href="#[9a]">&gt;&gt;</a>&nbsp;&nbsp;&nbsp;RTC_Init
<LI><a href="#[90]">&gt;&gt;</a>&nbsp;&nbsp;&nbsp;RTC_Alarm_Set
<LI><a href="#[6d]">&gt;&gt;</a>&nbsp;&nbsp;&nbsp;BASIC_TIM_Init
</UL>

<P><STRONG><a name="[5f]"></a>RCC_APB2PeriphClockCmd</STRONG> (Thumb, 26 bytes, Stack size 0 bytes, stm32f10x_rcc.o(i.RCC_APB2PeriphClockCmd))
<BR><BR>[Called By]<UL><LI><a href="#[c9]">&gt;&gt;</a>&nbsp;&nbsp;&nbsp;USART_Config
<LI><a href="#[b5]">&gt;&gt;</a>&nbsp;&nbsp;&nbsp;TIM5_Input_Capture
<LI><a href="#[8d]">&gt;&gt;</a>&nbsp;&nbsp;&nbsp;Lsens_Init
<LI><a href="#[8c]">&gt;&gt;</a>&nbsp;&nbsp;&nbsp;LED_GPIO_Config
<LI><a href="#[84]">&gt;&gt;</a>&nbsp;&nbsp;&nbsp;EXTI_Key_Config
<LI><a href="#[7f]">&gt;&gt;</a>&nbsp;&nbsp;&nbsp;DS18B20_Init
<LI><a href="#[71]">&gt;&gt;</a>&nbsp;&nbsp;&nbsp;BEEP_GPIO_Config
<LI><a href="#[6b]">&gt;&gt;</a>&nbsp;&nbsp;&nbsp;ADC_Temp_Init
<LI><a href="#[5e]">&gt;&gt;</a>&nbsp;&nbsp;&nbsp;ADC2_Init
</UL>

<P><STRONG><a name="[6a]"></a>RCC_APB2PeriphResetCmd</STRONG> (Thumb, 26 bytes, Stack size 0 bytes, stm32f10x_rcc.o(i.RCC_APB2PeriphResetCmd))
<BR><BR>[Called By]<UL><LI><a href="#[69]">&gt;&gt;</a>&nbsp;&nbsp;&nbsp;ADC_DeInit
<LI><a href="#[8d]">&gt;&gt;</a>&nbsp;&nbsp;&nbsp;Lsens_Init
</UL>

<P><STRONG><a name="[74]"></a>RCC_BackupResetCmd</STRONG> (Thumb, 6 bytes, Stack size 0 bytes, stm32f10x_rcc.o(i.RCC_BackupResetCmd))
<BR><BR>[Called By]<UL><LI><a href="#[73]">&gt;&gt;</a>&nbsp;&nbsp;&nbsp;BKP_DeInit
</UL>

<P><STRONG><a name="[cd]"></a>RCC_GetClocksFreq</STRONG> (Thumb, 192 bytes, Stack size 12 bytes, stm32f10x_rcc.o(i.RCC_GetClocksFreq))
<BR><BR>[Stack]<UL><LI>Max Depth = 12<LI>Call Chain = RCC_GetClocksFreq
</UL>
<BR>[Called By]<UL><LI><a href="#[ca]">&gt;&gt;</a>&nbsp;&nbsp;&nbsp;USART_Init
</UL>

<P><STRONG><a name="[9e]"></a>RCC_GetFlagStatus</STRONG> (Thumb, 56 bytes, Stack size 8 bytes, stm32f10x_rcc.o(i.RCC_GetFlagStatus))
<BR><BR>[Stack]<UL><LI>Max Depth = 8<LI>Call Chain = RCC_GetFlagStatus
</UL>
<BR>[Called By]<UL><LI><a href="#[9a]">&gt;&gt;</a>&nbsp;&nbsp;&nbsp;RTC_Init
</UL>

<P><STRONG><a name="[9c]"></a>RCC_LSEConfig</STRONG> (Thumb, 46 bytes, Stack size 0 bytes, stm32f10x_rcc.o(i.RCC_LSEConfig))
<BR><BR>[Called By]<UL><LI><a href="#[9a]">&gt;&gt;</a>&nbsp;&nbsp;&nbsp;RTC_Init
</UL>

<P><STRONG><a name="[a0]"></a>RCC_RTCCLKCmd</STRONG> (Thumb, 6 bytes, Stack size 0 bytes, stm32f10x_rcc.o(i.RCC_RTCCLKCmd))
<BR><BR>[Called By]<UL><LI><a href="#[9a]">&gt;&gt;</a>&nbsp;&nbsp;&nbsp;RTC_Init
</UL>

<P><STRONG><a name="[9f]"></a>RCC_RTCCLKConfig</STRONG> (Thumb, 12 bytes, Stack size 0 bytes, stm32f10x_rcc.o(i.RCC_RTCCLKConfig))
<BR><BR>[Called By]<UL><LI><a href="#[9a]">&gt;&gt;</a>&nbsp;&nbsp;&nbsp;RTC_Init
</UL>

<P><STRONG><a name="[90]"></a>RTC_Alarm_Set</STRONG> (Thumb, 184 bytes, Stack size 40 bytes, bsp_rtc.o(i.RTC_Alarm_Set))
<BR><BR>[Stack]<UL><LI>Max Depth = 44<LI>Call Chain = RTC_Alarm_Set &rArr; RTC_SetAlarm
</UL>
<BR>[Calls]<UL><LI><a href="#[94]">&gt;&gt;</a>&nbsp;&nbsp;&nbsp;RTC_WaitForLastTask
<LI><a href="#[93]">&gt;&gt;</a>&nbsp;&nbsp;&nbsp;RTC_SetAlarm
<LI><a href="#[6e]">&gt;&gt;</a>&nbsp;&nbsp;&nbsp;RCC_APB1PeriphClockCmd
<LI><a href="#[92]">&gt;&gt;</a>&nbsp;&nbsp;&nbsp;PWR_BackupAccessCmd
<LI><a href="#[91]">&gt;&gt;</a>&nbsp;&nbsp;&nbsp;Is_Leap_Year
</UL>
<BR>[Called By]<UL><LI><a href="#[48]">&gt;&gt;</a>&nbsp;&nbsp;&nbsp;main
</UL>

<P><STRONG><a name="[99]"></a>RTC_ClearITPendingBit</STRONG> (Thumb, 12 bytes, Stack size 0 bytes, stm32f10x_rtc.o(i.RTC_ClearITPendingBit))
<BR><BR>[Called By]<UL><LI><a href="#[f]">&gt;&gt;</a>&nbsp;&nbsp;&nbsp;RTC_IRQHandler
</UL>

<P><STRONG><a name="[a3]"></a>RTC_EnterConfigMode</STRONG> (Thumb, 14 bytes, Stack size 0 bytes, stm32f10x_rtc.o(i.RTC_EnterConfigMode))
<BR><BR>[Called By]<UL><LI><a href="#[a4]">&gt;&gt;</a>&nbsp;&nbsp;&nbsp;RTC_SetPrescaler
<LI><a href="#[a9]">&gt;&gt;</a>&nbsp;&nbsp;&nbsp;RTC_SetCounter
<LI><a href="#[93]">&gt;&gt;</a>&nbsp;&nbsp;&nbsp;RTC_SetAlarm
<LI><a href="#[9a]">&gt;&gt;</a>&nbsp;&nbsp;&nbsp;RTC_Init
</UL>

<P><STRONG><a name="[a6]"></a>RTC_ExitConfigMode</STRONG> (Thumb, 16 bytes, Stack size 0 bytes, stm32f10x_rtc.o(i.RTC_ExitConfigMode))
<BR><BR>[Called By]<UL><LI><a href="#[a4]">&gt;&gt;</a>&nbsp;&nbsp;&nbsp;RTC_SetPrescaler
<LI><a href="#[a9]">&gt;&gt;</a>&nbsp;&nbsp;&nbsp;RTC_SetCounter
<LI><a href="#[93]">&gt;&gt;</a>&nbsp;&nbsp;&nbsp;RTC_SetAlarm
<LI><a href="#[9a]">&gt;&gt;</a>&nbsp;&nbsp;&nbsp;RTC_Init
</UL>

<P><STRONG><a name="[95]"></a>RTC_Get</STRONG> (Thumb, 240 bytes, Stack size 16 bytes, bsp_rtc.o(i.RTC_Get))
<BR><BR>[Stack]<UL><LI>Max Depth = 36<LI>Call Chain = RTC_Get &rArr; RTC_Get_Week
</UL>
<BR>[Calls]<UL><LI><a href="#[96]">&gt;&gt;</a>&nbsp;&nbsp;&nbsp;RTC_GetCounter
<LI><a href="#[97]">&gt;&gt;</a>&nbsp;&nbsp;&nbsp;RTC_Get_Week
<LI><a href="#[91]">&gt;&gt;</a>&nbsp;&nbsp;&nbsp;Is_Leap_Year
</UL>
<BR>[Called By]<UL><LI><a href="#[f]">&gt;&gt;</a>&nbsp;&nbsp;&nbsp;RTC_IRQHandler
<LI><a href="#[9a]">&gt;&gt;</a>&nbsp;&nbsp;&nbsp;RTC_Init
</UL>

<P><STRONG><a name="[96]"></a>RTC_GetCounter</STRONG> (Thumb, 16 bytes, Stack size 0 bytes, stm32f10x_rtc.o(i.RTC_GetCounter))
<BR><BR>[Called By]<UL><LI><a href="#[95]">&gt;&gt;</a>&nbsp;&nbsp;&nbsp;RTC_Get
</UL>

<P><STRONG><a name="[98]"></a>RTC_GetITStatus</STRONG> (Thumb, 32 bytes, Stack size 0 bytes, stm32f10x_rtc.o(i.RTC_GetITStatus))
<BR><BR>[Called By]<UL><LI><a href="#[f]">&gt;&gt;</a>&nbsp;&nbsp;&nbsp;RTC_IRQHandler
</UL>

<P><STRONG><a name="[97]"></a>RTC_Get_Week</STRONG> (Thumb, 116 bytes, Stack size 20 bytes, bsp_rtc.o(i.RTC_Get_Week))
<BR><BR>[Stack]<UL><LI>Max Depth = 20<LI>Call Chain = RTC_Get_Week
</UL>
<BR>[Called By]<UL><LI><a href="#[95]">&gt;&gt;</a>&nbsp;&nbsp;&nbsp;RTC_Get
</UL>

<P><STRONG><a name="[f]"></a>RTC_IRQHandler</STRONG> (Thumb, 44 bytes, Stack size 8 bytes, bsp_rtc.o(i.RTC_IRQHandler))
<BR><BR>[Stack]<UL><LI>Max Depth = 44<LI>Call Chain = RTC_IRQHandler &rArr; RTC_Get &rArr; RTC_Get_Week
</UL>
<BR>[Calls]<UL><LI><a href="#[94]">&gt;&gt;</a>&nbsp;&nbsp;&nbsp;RTC_WaitForLastTask
<LI><a href="#[98]">&gt;&gt;</a>&nbsp;&nbsp;&nbsp;RTC_GetITStatus
<LI><a href="#[99]">&gt;&gt;</a>&nbsp;&nbsp;&nbsp;RTC_ClearITPendingBit
<LI><a href="#[95]">&gt;&gt;</a>&nbsp;&nbsp;&nbsp;RTC_Get
</UL>
<BR>[Address Reference Count : 1]<UL><LI> startup_stm32f10x_hd.o(RESET)
</UL>
<P><STRONG><a name="[a2]"></a>RTC_ITConfig</STRONG> (Thumb, 26 bytes, Stack size 0 bytes, stm32f10x_rtc.o(i.RTC_ITConfig))
<BR><BR>[Called By]<UL><LI><a href="#[9a]">&gt;&gt;</a>&nbsp;&nbsp;&nbsp;RTC_Init
</UL>

<P><STRONG><a name="[9a]"></a>RTC_Init</STRONG> (Thumb, 202 bytes, Stack size 16 bytes, bsp_rtc.o(i.RTC_Init))
<BR><BR>[Stack]<UL><LI>Max Depth = 60<LI>Call Chain = RTC_Init &rArr; RTC_Set &rArr; RTC_SetCounter
</UL>
<BR>[Calls]<UL><LI><a href="#[a7]">&gt;&gt;</a>&nbsp;&nbsp;&nbsp;BKP_WriteBackupRegister
<LI><a href="#[9b]">&gt;&gt;</a>&nbsp;&nbsp;&nbsp;BKP_ReadBackupRegister
<LI><a href="#[73]">&gt;&gt;</a>&nbsp;&nbsp;&nbsp;BKP_DeInit
<LI><a href="#[a1]">&gt;&gt;</a>&nbsp;&nbsp;&nbsp;RTC_WaitForSynchro
<LI><a href="#[94]">&gt;&gt;</a>&nbsp;&nbsp;&nbsp;RTC_WaitForLastTask
<LI><a href="#[a4]">&gt;&gt;</a>&nbsp;&nbsp;&nbsp;RTC_SetPrescaler
<LI><a href="#[a2]">&gt;&gt;</a>&nbsp;&nbsp;&nbsp;RTC_ITConfig
<LI><a href="#[a6]">&gt;&gt;</a>&nbsp;&nbsp;&nbsp;RTC_ExitConfigMode
<LI><a href="#[a3]">&gt;&gt;</a>&nbsp;&nbsp;&nbsp;RTC_EnterConfigMode
<LI><a href="#[9f]">&gt;&gt;</a>&nbsp;&nbsp;&nbsp;RCC_RTCCLKConfig
<LI><a href="#[a0]">&gt;&gt;</a>&nbsp;&nbsp;&nbsp;RCC_RTCCLKCmd
<LI><a href="#[9c]">&gt;&gt;</a>&nbsp;&nbsp;&nbsp;RCC_LSEConfig
<LI><a href="#[9e]">&gt;&gt;</a>&nbsp;&nbsp;&nbsp;RCC_GetFlagStatus
<LI><a href="#[6e]">&gt;&gt;</a>&nbsp;&nbsp;&nbsp;RCC_APB1PeriphClockCmd
<LI><a href="#[92]">&gt;&gt;</a>&nbsp;&nbsp;&nbsp;PWR_BackupAccessCmd
<LI><a href="#[a5]">&gt;&gt;</a>&nbsp;&nbsp;&nbsp;RTC_Set
<LI><a href="#[95]">&gt;&gt;</a>&nbsp;&nbsp;&nbsp;RTC_Get
<LI><a href="#[a8]">&gt;&gt;</a>&nbsp;&nbsp;&nbsp;RTC_NVIC_Config
<LI><a href="#[9d]">&gt;&gt;</a>&nbsp;&nbsp;&nbsp;Delay_us
</UL>
<BR>[Called By]<UL><LI><a href="#[48]">&gt;&gt;</a>&nbsp;&nbsp;&nbsp;main
</UL>

<P><STRONG><a name="[a5]"></a>RTC_Set</STRONG> (Thumb, 184 bytes, Stack size 40 bytes, bsp_rtc.o(i.RTC_Set))
<BR><BR>[Stack]<UL><LI>Max Depth = 44<LI>Call Chain = RTC_Set &rArr; RTC_SetCounter
</UL>
<BR>[Calls]<UL><LI><a href="#[94]">&gt;&gt;</a>&nbsp;&nbsp;&nbsp;RTC_WaitForLastTask
<LI><a href="#[a9]">&gt;&gt;</a>&nbsp;&nbsp;&nbsp;RTC_SetCounter
<LI><a href="#[6e]">&gt;&gt;</a>&nbsp;&nbsp;&nbsp;RCC_APB1PeriphClockCmd
<LI><a href="#[92]">&gt;&gt;</a>&nbsp;&nbsp;&nbsp;PWR_BackupAccessCmd
<LI><a href="#[91]">&gt;&gt;</a>&nbsp;&nbsp;&nbsp;Is_Leap_Year
</UL>
<BR>[Called By]<UL><LI><a href="#[9a]">&gt;&gt;</a>&nbsp;&nbsp;&nbsp;RTC_Init
</UL>

<P><STRONG><a name="[93]"></a>RTC_SetAlarm</STRONG> (Thumb, 24 bytes, Stack size 4 bytes, stm32f10x_rtc.o(i.RTC_SetAlarm))
<BR><BR>[Stack]<UL><LI>Max Depth = 4<LI>Call Chain = RTC_SetAlarm
</UL>
<BR>[Calls]<UL><LI><a href="#[a6]">&gt;&gt;</a>&nbsp;&nbsp;&nbsp;RTC_ExitConfigMode
<LI><a href="#[a3]">&gt;&gt;</a>&nbsp;&nbsp;&nbsp;RTC_EnterConfigMode
</UL>
<BR>[Called By]<UL><LI><a href="#[90]">&gt;&gt;</a>&nbsp;&nbsp;&nbsp;RTC_Alarm_Set
</UL>

<P><STRONG><a name="[a9]"></a>RTC_SetCounter</STRONG> (Thumb, 24 bytes, Stack size 4 bytes, stm32f10x_rtc.o(i.RTC_SetCounter))
<BR><BR>[Stack]<UL><LI>Max Depth = 4<LI>Call Chain = RTC_SetCounter
</UL>
<BR>[Calls]<UL><LI><a href="#[a6]">&gt;&gt;</a>&nbsp;&nbsp;&nbsp;RTC_ExitConfigMode
<LI><a href="#[a3]">&gt;&gt;</a>&nbsp;&nbsp;&nbsp;RTC_EnterConfigMode
</UL>
<BR>[Called By]<UL><LI><a href="#[a5]">&gt;&gt;</a>&nbsp;&nbsp;&nbsp;RTC_Set
</UL>

<P><STRONG><a name="[a4]"></a>RTC_SetPrescaler</STRONG> (Thumb, 26 bytes, Stack size 4 bytes, stm32f10x_rtc.o(i.RTC_SetPrescaler))
<BR><BR>[Stack]<UL><LI>Max Depth = 4<LI>Call Chain = RTC_SetPrescaler
</UL>
<BR>[Calls]<UL><LI><a href="#[a6]">&gt;&gt;</a>&nbsp;&nbsp;&nbsp;RTC_ExitConfigMode
<LI><a href="#[a3]">&gt;&gt;</a>&nbsp;&nbsp;&nbsp;RTC_EnterConfigMode
</UL>
<BR>[Called By]<UL><LI><a href="#[9a]">&gt;&gt;</a>&nbsp;&nbsp;&nbsp;RTC_Init
</UL>

<P><STRONG><a name="[94]"></a>RTC_WaitForLastTask</STRONG> (Thumb, 16 bytes, Stack size 0 bytes, stm32f10x_rtc.o(i.RTC_WaitForLastTask))
<BR><BR>[Called By]<UL><LI><a href="#[a5]">&gt;&gt;</a>&nbsp;&nbsp;&nbsp;RTC_Set
<LI><a href="#[f]">&gt;&gt;</a>&nbsp;&nbsp;&nbsp;RTC_IRQHandler
<LI><a href="#[9a]">&gt;&gt;</a>&nbsp;&nbsp;&nbsp;RTC_Init
<LI><a href="#[90]">&gt;&gt;</a>&nbsp;&nbsp;&nbsp;RTC_Alarm_Set
</UL>

<P><STRONG><a name="[a1]"></a>RTC_WaitForSynchro</STRONG> (Thumb, 30 bytes, Stack size 0 bytes, stm32f10x_rtc.o(i.RTC_WaitForSynchro))
<BR><BR>[Called By]<UL><LI><a href="#[9a]">&gt;&gt;</a>&nbsp;&nbsp;&nbsp;RTC_Init
</UL>

<P><STRONG><a name="[8]"></a>SVC_Handler</STRONG> (Thumb, 2 bytes, Stack size 0 bytes, stm32f10x_it.o(i.SVC_Handler))
<BR>[Address Reference Count : 1]<UL><LI> startup_stm32f10x_hd.o(RESET)
</UL>
<P><STRONG><a name="[77]"></a>SysTick_Delay_Us</STRONG> (Thumb, 64 bytes, Stack size 16 bytes, bsp_systick.o(i.SysTick_Delay_Us))
<BR><BR>[Stack]<UL><LI>Max Depth = 28<LI>Call Chain = SysTick_Delay_Us &rArr; SysTick_Config
</UL>
<BR>[Calls]<UL><LI><a href="#[ac]">&gt;&gt;</a>&nbsp;&nbsp;&nbsp;SysTick_Config
</UL>
<BR>[Called By]<UL><LI><a href="#[7c]">&gt;&gt;</a>&nbsp;&nbsp;&nbsp;DS18B20_Write_Byte
<LI><a href="#[7b]">&gt;&gt;</a>&nbsp;&nbsp;&nbsp;DS18B20_Reset
<LI><a href="#[80]">&gt;&gt;</a>&nbsp;&nbsp;&nbsp;DS18B20_Read_Bit
<LI><a href="#[75]">&gt;&gt;</a>&nbsp;&nbsp;&nbsp;DS18B20_Check
</UL>

<P><STRONG><a name="[b]"></a>SysTick_Handler</STRONG> (Thumb, 8 bytes, Stack size 8 bytes, stm32f10x_it.o(i.SysTick_Handler))
<BR><BR>[Stack]<UL><LI>Max Depth = 8<LI>Call Chain = SysTick_Handler
</UL>
<BR>[Calls]<UL><LI><a href="#[ad]">&gt;&gt;</a>&nbsp;&nbsp;&nbsp;TimingDelay_Decrement
</UL>
<BR>[Address Reference Count : 1]<UL><LI> startup_stm32f10x_hd.o(RESET)
</UL>
<P><STRONG><a name="[ae]"></a>SysTick_Init</STRONG> (Thumb, 26 bytes, Stack size 8 bytes, bsp_systick.o(i.SysTick_Init))
<BR><BR>[Stack]<UL><LI>Max Depth = 20<LI>Call Chain = SysTick_Init &rArr; SysTick_Config
</UL>
<BR>[Calls]<UL><LI><a href="#[ac]">&gt;&gt;</a>&nbsp;&nbsp;&nbsp;SysTick_Config
</UL>
<BR>[Called By]<UL><LI><a href="#[48]">&gt;&gt;</a>&nbsp;&nbsp;&nbsp;main
</UL>

<P><STRONG><a name="[49]"></a>SystemInit</STRONG> (Thumb, 78 bytes, Stack size 8 bytes, system_stm32f10x.o(i.SystemInit))
<BR><BR>[Stack]<UL><LI>Max Depth = 28<LI>Call Chain = SystemInit &rArr; SetSysClock &rArr; SetSysClockTo72
</UL>
<BR>[Calls]<UL><LI><a href="#[aa]">&gt;&gt;</a>&nbsp;&nbsp;&nbsp;SetSysClock
</UL>
<BR>[Address Reference Count : 1]<UL><LI> startup_stm32f10x_hd.o(.text)
</UL>
<P><STRONG><a name="[3e]"></a>TIM5_IRQHandler</STRONG> (Thumb, 198 bytes, Stack size 24 bytes, bsp_time.o(i.TIM5_IRQHandler))
<BR><BR>[Stack]<UL><LI>Max Depth = 48<LI>Call Chain = TIM5_IRQHandler &rArr; __2printf
</UL>
<BR>[Calls]<UL><LI><a href="#[88]">&gt;&gt;</a>&nbsp;&nbsp;&nbsp;Enter_Standby_Mode
<LI><a href="#[b1]">&gt;&gt;</a>&nbsp;&nbsp;&nbsp;TIM_SetCounter
<LI><a href="#[b2]">&gt;&gt;</a>&nbsp;&nbsp;&nbsp;TIM_OC1PolarityConfig
<LI><a href="#[af]">&gt;&gt;</a>&nbsp;&nbsp;&nbsp;TIM_GetITStatus
<LI><a href="#[b3]">&gt;&gt;</a>&nbsp;&nbsp;&nbsp;TIM_GetCapture1
<LI><a href="#[b0]">&gt;&gt;</a>&nbsp;&nbsp;&nbsp;TIM_ClearITPendingBit
<LI><a href="#[b4]">&gt;&gt;</a>&nbsp;&nbsp;&nbsp;__2printf
</UL>
<BR>[Address Reference Count : 1]<UL><LI> startup_stm32f10x_hd.o(RESET)
</UL>
<P><STRONG><a name="[b5]"></a>TIM5_Input_Capture</STRONG> (Thumb, 178 bytes, Stack size 40 bytes, bsp_time.o(i.TIM5_Input_Capture))
<BR><BR>[Stack]<UL><LI>Max Depth = 76<LI>Call Chain = TIM5_Input_Capture &rArr; TIM_ICInit &rArr; TI4_Config
</UL>
<BR>[Calls]<UL><LI><a href="#[8f]">&gt;&gt;</a>&nbsp;&nbsp;&nbsp;NVIC_PriorityGroupConfig
<LI><a href="#[86]">&gt;&gt;</a>&nbsp;&nbsp;&nbsp;NVIC_Init
<LI><a href="#[61]">&gt;&gt;</a>&nbsp;&nbsp;&nbsp;GPIO_Init
<LI><a href="#[5f]">&gt;&gt;</a>&nbsp;&nbsp;&nbsp;RCC_APB2PeriphClockCmd
<LI><a href="#[6e]">&gt;&gt;</a>&nbsp;&nbsp;&nbsp;RCC_APB1PeriphClockCmd
<LI><a href="#[b6]">&gt;&gt;</a>&nbsp;&nbsp;&nbsp;TIM_TimeBaseInit
<LI><a href="#[b9]">&gt;&gt;</a>&nbsp;&nbsp;&nbsp;TIM_ITConfig
<LI><a href="#[b7]">&gt;&gt;</a>&nbsp;&nbsp;&nbsp;TIM_ICInit
<LI><a href="#[ba]">&gt;&gt;</a>&nbsp;&nbsp;&nbsp;TIM_Cmd
<LI><a href="#[b8]">&gt;&gt;</a>&nbsp;&nbsp;&nbsp;TIM_ClearFlag
</UL>
<BR>[Called By]<UL><LI><a href="#[48]">&gt;&gt;</a>&nbsp;&nbsp;&nbsp;main
</UL>

<P><STRONG><a name="[42]"></a>TIM6_IRQHandler</STRONG> (Thumb, 52 bytes, Stack size 8 bytes, bsp_time.o(i.TIM6_IRQHandler))
<BR><BR>[Stack]<UL><LI>Max Depth = 20<LI>Call Chain = TIM6_IRQHandler &rArr; TIM_GetITStatus
</UL>
<BR>[Calls]<UL><LI><a href="#[af]">&gt;&gt;</a>&nbsp;&nbsp;&nbsp;TIM_GetITStatus
<LI><a href="#[b0]">&gt;&gt;</a>&nbsp;&nbsp;&nbsp;TIM_ClearITPendingBit
</UL>
<BR>[Address Reference Count : 1]<UL><LI> startup_stm32f10x_hd.o(RESET)
</UL>
<P><STRONG><a name="[6f]"></a>TIM6_Init</STRONG> (Thumb, 82 bytes, Stack size 24 bytes, bsp_time.o(i.TIM6_Init))
<BR><BR>[Stack]<UL><LI>Max Depth = 40<LI>Call Chain = TIM6_Init &rArr; NVIC_Init
</UL>
<BR>[Calls]<UL><LI><a href="#[86]">&gt;&gt;</a>&nbsp;&nbsp;&nbsp;NVIC_Init
<LI><a href="#[b6]">&gt;&gt;</a>&nbsp;&nbsp;&nbsp;TIM_TimeBaseInit
<LI><a href="#[b9]">&gt;&gt;</a>&nbsp;&nbsp;&nbsp;TIM_ITConfig
<LI><a href="#[ba]">&gt;&gt;</a>&nbsp;&nbsp;&nbsp;TIM_Cmd
<LI><a href="#[b8]">&gt;&gt;</a>&nbsp;&nbsp;&nbsp;TIM_ClearFlag
</UL>
<BR>[Called By]<UL><LI><a href="#[6d]">&gt;&gt;</a>&nbsp;&nbsp;&nbsp;BASIC_TIM_Init
</UL>

<P><STRONG><a name="[43]"></a>TIM7_IRQHandler</STRONG> (Thumb, 192 bytes, Stack size 16 bytes, bsp_time.o(i.TIM7_IRQHandler))
<BR><BR>[Stack]<UL><LI>Max Depth = 144<LI>Call Chain = TIM7_IRQHandler &rArr; DS18B20_GetTemperture &rArr; __aeabi_dmul &rArr; _double_epilogue &rArr; _double_round
</UL>
<BR>[Calls]<UL><LI><a href="#[bd]">&gt;&gt;</a>&nbsp;&nbsp;&nbsp;mymalloc
<LI><a href="#[bc]">&gt;&gt;</a>&nbsp;&nbsp;&nbsp;myfree
<LI><a href="#[1]">&gt;&gt;</a>&nbsp;&nbsp;&nbsp;my_mem_perused
<LI><a href="#[bb]">&gt;&gt;</a>&nbsp;&nbsp;&nbsp;__aeabi_f2d
<LI><a href="#[79]">&gt;&gt;</a>&nbsp;&nbsp;&nbsp;DS18B20_GetTemperture
<LI><a href="#[af]">&gt;&gt;</a>&nbsp;&nbsp;&nbsp;TIM_GetITStatus
<LI><a href="#[b0]">&gt;&gt;</a>&nbsp;&nbsp;&nbsp;TIM_ClearITPendingBit
<LI><a href="#[b4]">&gt;&gt;</a>&nbsp;&nbsp;&nbsp;__2printf
</UL>
<BR>[Address Reference Count : 1]<UL><LI> startup_stm32f10x_hd.o(RESET)
</UL>
<P><STRONG><a name="[70]"></a>TIM7_Init</STRONG> (Thumb, 82 bytes, Stack size 24 bytes, bsp_time.o(i.TIM7_Init))
<BR><BR>[Stack]<UL><LI>Max Depth = 40<LI>Call Chain = TIM7_Init &rArr; NVIC_Init
</UL>
<BR>[Calls]<UL><LI><a href="#[86]">&gt;&gt;</a>&nbsp;&nbsp;&nbsp;NVIC_Init
<LI><a href="#[b6]">&gt;&gt;</a>&nbsp;&nbsp;&nbsp;TIM_TimeBaseInit
<LI><a href="#[b9]">&gt;&gt;</a>&nbsp;&nbsp;&nbsp;TIM_ITConfig
<LI><a href="#[ba]">&gt;&gt;</a>&nbsp;&nbsp;&nbsp;TIM_Cmd
<LI><a href="#[b8]">&gt;&gt;</a>&nbsp;&nbsp;&nbsp;TIM_ClearFlag
</UL>
<BR>[Called By]<UL><LI><a href="#[6d]">&gt;&gt;</a>&nbsp;&nbsp;&nbsp;BASIC_TIM_Init
</UL>

<P><STRONG><a name="[b8]"></a>TIM_ClearFlag</STRONG> (Thumb, 6 bytes, Stack size 0 bytes, stm32f10x_tim.o(i.TIM_ClearFlag))
<BR><BR>[Called By]<UL><LI><a href="#[70]">&gt;&gt;</a>&nbsp;&nbsp;&nbsp;TIM7_Init
<LI><a href="#[6f]">&gt;&gt;</a>&nbsp;&nbsp;&nbsp;TIM6_Init
<LI><a href="#[b5]">&gt;&gt;</a>&nbsp;&nbsp;&nbsp;TIM5_Input_Capture
</UL>

<P><STRONG><a name="[b0]"></a>TIM_ClearITPendingBit</STRONG> (Thumb, 6 bytes, Stack size 0 bytes, stm32f10x_tim.o(i.TIM_ClearITPendingBit))
<BR><BR>[Called By]<UL><LI><a href="#[43]">&gt;&gt;</a>&nbsp;&nbsp;&nbsp;TIM7_IRQHandler
<LI><a href="#[42]">&gt;&gt;</a>&nbsp;&nbsp;&nbsp;TIM6_IRQHandler
<LI><a href="#[3e]">&gt;&gt;</a>&nbsp;&nbsp;&nbsp;TIM5_IRQHandler
</UL>

<P><STRONG><a name="[ba]"></a>TIM_Cmd</STRONG> (Thumb, 24 bytes, Stack size 0 bytes, stm32f10x_tim.o(i.TIM_Cmd))
<BR><BR>[Called By]<UL><LI><a href="#[70]">&gt;&gt;</a>&nbsp;&nbsp;&nbsp;TIM7_Init
<LI><a href="#[6f]">&gt;&gt;</a>&nbsp;&nbsp;&nbsp;TIM6_Init
<LI><a href="#[b5]">&gt;&gt;</a>&nbsp;&nbsp;&nbsp;TIM5_Input_Capture
</UL>

<P><STRONG><a name="[b3]"></a>TIM_GetCapture1</STRONG> (Thumb, 6 bytes, Stack size 0 bytes, stm32f10x_tim.o(i.TIM_GetCapture1))
<BR><BR>[Called By]<UL><LI><a href="#[3e]">&gt;&gt;</a>&nbsp;&nbsp;&nbsp;TIM5_IRQHandler
</UL>

<P><STRONG><a name="[af]"></a>TIM_GetITStatus</STRONG> (Thumb, 34 bytes, Stack size 12 bytes, stm32f10x_tim.o(i.TIM_GetITStatus))
<BR><BR>[Stack]<UL><LI>Max Depth = 12<LI>Call Chain = TIM_GetITStatus
</UL>
<BR>[Called By]<UL><LI><a href="#[43]">&gt;&gt;</a>&nbsp;&nbsp;&nbsp;TIM7_IRQHandler
<LI><a href="#[42]">&gt;&gt;</a>&nbsp;&nbsp;&nbsp;TIM6_IRQHandler
<LI><a href="#[3e]">&gt;&gt;</a>&nbsp;&nbsp;&nbsp;TIM5_IRQHandler
</UL>

<P><STRONG><a name="[b7]"></a>TIM_ICInit</STRONG> (Thumb, 150 bytes, Stack size 16 bytes, stm32f10x_tim.o(i.TIM_ICInit))
<BR><BR>[Stack]<UL><LI>Max Depth = 36<LI>Call Chain = TIM_ICInit &rArr; TI4_Config
</UL>
<BR>[Calls]<UL><LI><a href="#[c5]">&gt;&gt;</a>&nbsp;&nbsp;&nbsp;TIM_SetIC4Prescaler
<LI><a href="#[c3]">&gt;&gt;</a>&nbsp;&nbsp;&nbsp;TIM_SetIC3Prescaler
<LI><a href="#[c1]">&gt;&gt;</a>&nbsp;&nbsp;&nbsp;TIM_SetIC2Prescaler
<LI><a href="#[bf]">&gt;&gt;</a>&nbsp;&nbsp;&nbsp;TIM_SetIC1Prescaler
<LI><a href="#[c4]">&gt;&gt;</a>&nbsp;&nbsp;&nbsp;TI4_Config
<LI><a href="#[c2]">&gt;&gt;</a>&nbsp;&nbsp;&nbsp;TI3_Config
<LI><a href="#[c0]">&gt;&gt;</a>&nbsp;&nbsp;&nbsp;TI2_Config
<LI><a href="#[be]">&gt;&gt;</a>&nbsp;&nbsp;&nbsp;TI1_Config
</UL>
<BR>[Called By]<UL><LI><a href="#[b5]">&gt;&gt;</a>&nbsp;&nbsp;&nbsp;TIM5_Input_Capture
</UL>

<P><STRONG><a name="[b9]"></a>TIM_ITConfig</STRONG> (Thumb, 18 bytes, Stack size 0 bytes, stm32f10x_tim.o(i.TIM_ITConfig))
<BR><BR>[Called By]<UL><LI><a href="#[70]">&gt;&gt;</a>&nbsp;&nbsp;&nbsp;TIM7_Init
<LI><a href="#[6f]">&gt;&gt;</a>&nbsp;&nbsp;&nbsp;TIM6_Init
<LI><a href="#[b5]">&gt;&gt;</a>&nbsp;&nbsp;&nbsp;TIM5_Input_Capture
</UL>

<P><STRONG><a name="[b2]"></a>TIM_OC1PolarityConfig</STRONG> (Thumb, 18 bytes, Stack size 0 bytes, stm32f10x_tim.o(i.TIM_OC1PolarityConfig))
<BR><BR>[Called By]<UL><LI><a href="#[3e]">&gt;&gt;</a>&nbsp;&nbsp;&nbsp;TIM5_IRQHandler
</UL>

<P><STRONG><a name="[b1]"></a>TIM_SetCounter</STRONG> (Thumb, 4 bytes, Stack size 0 bytes, stm32f10x_tim.o(i.TIM_SetCounter))
<BR><BR>[Called By]<UL><LI><a href="#[3e]">&gt;&gt;</a>&nbsp;&nbsp;&nbsp;TIM5_IRQHandler
</UL>

<P><STRONG><a name="[bf]"></a>TIM_SetIC1Prescaler</STRONG> (Thumb, 18 bytes, Stack size 0 bytes, stm32f10x_tim.o(i.TIM_SetIC1Prescaler))
<BR><BR>[Called By]<UL><LI><a href="#[b7]">&gt;&gt;</a>&nbsp;&nbsp;&nbsp;TIM_ICInit
</UL>

<P><STRONG><a name="[c1]"></a>TIM_SetIC2Prescaler</STRONG> (Thumb, 26 bytes, Stack size 0 bytes, stm32f10x_tim.o(i.TIM_SetIC2Prescaler))
<BR><BR>[Called By]<UL><LI><a href="#[b7]">&gt;&gt;</a>&nbsp;&nbsp;&nbsp;TIM_ICInit
</UL>

<P><STRONG><a name="[c3]"></a>TIM_SetIC3Prescaler</STRONG> (Thumb, 18 bytes, Stack size 0 bytes, stm32f10x_tim.o(i.TIM_SetIC3Prescaler))
<BR><BR>[Called By]<UL><LI><a href="#[b7]">&gt;&gt;</a>&nbsp;&nbsp;&nbsp;TIM_ICInit
</UL>

<P><STRONG><a name="[c5]"></a>TIM_SetIC4Prescaler</STRONG> (Thumb, 26 bytes, Stack size 0 bytes, stm32f10x_tim.o(i.TIM_SetIC4Prescaler))
<BR><BR>[Called By]<UL><LI><a href="#[b7]">&gt;&gt;</a>&nbsp;&nbsp;&nbsp;TIM_ICInit
</UL>

<P><STRONG><a name="[b6]"></a>TIM_TimeBaseInit</STRONG> (Thumb, 122 bytes, Stack size 0 bytes, stm32f10x_tim.o(i.TIM_TimeBaseInit))
<BR><BR>[Called By]<UL><LI><a href="#[70]">&gt;&gt;</a>&nbsp;&nbsp;&nbsp;TIM7_Init
<LI><a href="#[6f]">&gt;&gt;</a>&nbsp;&nbsp;&nbsp;TIM6_Init
<LI><a href="#[b5]">&gt;&gt;</a>&nbsp;&nbsp;&nbsp;TIM5_Input_Capture
</UL>

<P><STRONG><a name="[ad]"></a>TimingDelay_Decrement</STRONG> (Thumb, 18 bytes, Stack size 0 bytes, bsp_systick.o(i.TimingDelay_Decrement))
<BR><BR>[Called By]<UL><LI><a href="#[b]">&gt;&gt;</a>&nbsp;&nbsp;&nbsp;SysTick_Handler
</UL>

<P><STRONG><a name="[31]"></a>USART1_IRQHandler</STRONG> (Thumb, 32 bytes, Stack size 8 bytes, bsp_usart.o(i.USART1_IRQHandler))
<BR><BR>[Stack]<UL><LI>Max Depth = 24<LI>Call Chain = USART1_IRQHandler &rArr; USART_GetITStatus
</UL>
<BR>[Calls]<UL><LI><a href="#[c8]">&gt;&gt;</a>&nbsp;&nbsp;&nbsp;USART_SendData
<LI><a href="#[c7]">&gt;&gt;</a>&nbsp;&nbsp;&nbsp;USART_ReceiveData
<LI><a href="#[c6]">&gt;&gt;</a>&nbsp;&nbsp;&nbsp;USART_GetITStatus
</UL>
<BR>[Address Reference Count : 1]<UL><LI> startup_stm32f10x_hd.o(RESET)
</UL>
<P><STRONG><a name="[cc]"></a>USART_Cmd</STRONG> (Thumb, 24 bytes, Stack size 0 bytes, stm32f10x_usart.o(i.USART_Cmd))
<BR><BR>[Called By]<UL><LI><a href="#[c9]">&gt;&gt;</a>&nbsp;&nbsp;&nbsp;USART_Config
</UL>

<P><STRONG><a name="[c9]"></a>USART_Config</STRONG> (Thumb, 136 bytes, Stack size 24 bytes, bsp_usart.o(i.USART_Config))
<BR><BR>[Stack]<UL><LI>Max Depth = 92<LI>Call Chain = USART_Config &rArr; USART_Init &rArr; RCC_GetClocksFreq
</UL>
<BR>[Calls]<UL><LI><a href="#[61]">&gt;&gt;</a>&nbsp;&nbsp;&nbsp;GPIO_Init
<LI><a href="#[5f]">&gt;&gt;</a>&nbsp;&nbsp;&nbsp;RCC_APB2PeriphClockCmd
<LI><a href="#[8e]">&gt;&gt;</a>&nbsp;&nbsp;&nbsp;NVIC_Configuration
<LI><a href="#[ca]">&gt;&gt;</a>&nbsp;&nbsp;&nbsp;USART_Init
<LI><a href="#[cb]">&gt;&gt;</a>&nbsp;&nbsp;&nbsp;USART_ITConfig
<LI><a href="#[cc]">&gt;&gt;</a>&nbsp;&nbsp;&nbsp;USART_Cmd
</UL>
<BR>[Called By]<UL><LI><a href="#[48]">&gt;&gt;</a>&nbsp;&nbsp;&nbsp;main
</UL>

<P><STRONG><a name="[d7]"></a>USART_GetFlagStatus</STRONG> (Thumb, 26 bytes, Stack size 0 bytes, stm32f10x_usart.o(i.USART_GetFlagStatus))
<BR><BR>[Called By]<UL><LI><a href="#[4b]">&gt;&gt;</a>&nbsp;&nbsp;&nbsp;fputc
</UL>

<P><STRONG><a name="[c6]"></a>USART_GetITStatus</STRONG> (Thumb, 84 bytes, Stack size 16 bytes, stm32f10x_usart.o(i.USART_GetITStatus))
<BR><BR>[Stack]<UL><LI>Max Depth = 16<LI>Call Chain = USART_GetITStatus
</UL>
<BR>[Called By]<UL><LI><a href="#[31]">&gt;&gt;</a>&nbsp;&nbsp;&nbsp;USART1_IRQHandler
</UL>

<P><STRONG><a name="[cb]"></a>USART_ITConfig</STRONG> (Thumb, 74 bytes, Stack size 20 bytes, stm32f10x_usart.o(i.USART_ITConfig))
<BR><BR>[Stack]<UL><LI>Max Depth = 20<LI>Call Chain = USART_ITConfig
</UL>
<BR>[Called By]<UL><LI><a href="#[c9]">&gt;&gt;</a>&nbsp;&nbsp;&nbsp;USART_Config
</UL>

<P><STRONG><a name="[ca]"></a>USART_Init</STRONG> (Thumb, 210 bytes, Stack size 56 bytes, stm32f10x_usart.o(i.USART_Init))
<BR><BR>[Stack]<UL><LI>Max Depth = 68<LI>Call Chain = USART_Init &rArr; RCC_GetClocksFreq
</UL>
<BR>[Calls]<UL><LI><a href="#[cd]">&gt;&gt;</a>&nbsp;&nbsp;&nbsp;RCC_GetClocksFreq
</UL>
<BR>[Called By]<UL><LI><a href="#[c9]">&gt;&gt;</a>&nbsp;&nbsp;&nbsp;USART_Config
</UL>

<P><STRONG><a name="[c7]"></a>USART_ReceiveData</STRONG> (Thumb, 10 bytes, Stack size 0 bytes, stm32f10x_usart.o(i.USART_ReceiveData))
<BR><BR>[Called By]<UL><LI><a href="#[31]">&gt;&gt;</a>&nbsp;&nbsp;&nbsp;USART1_IRQHandler
</UL>

<P><STRONG><a name="[c8]"></a>USART_SendData</STRONG> (Thumb, 8 bytes, Stack size 0 bytes, stm32f10x_usart.o(i.USART_SendData))
<BR><BR>[Called By]<UL><LI><a href="#[4b]">&gt;&gt;</a>&nbsp;&nbsp;&nbsp;fputc
<LI><a href="#[31]">&gt;&gt;</a>&nbsp;&nbsp;&nbsp;USART1_IRQHandler
</UL>

<P><STRONG><a name="[7]"></a>UsageFault_Handler</STRONG> (Thumb, 4 bytes, Stack size 0 bytes, stm32f10x_it.o(i.UsageFault_Handler))
<BR>[Address Reference Count : 1]<UL><LI> startup_stm32f10x_hd.o(RESET)
</UL>
<P><STRONG><a name="[cf]"></a>WWDG_ClearFlag</STRONG> (Thumb, 8 bytes, Stack size 0 bytes, stm32f10x_wwdg.o(i.WWDG_ClearFlag))
<BR><BR>[Called By]<UL><LI><a href="#[c]">&gt;&gt;</a>&nbsp;&nbsp;&nbsp;WWDG_IRQHandler
</UL>

<P><STRONG><a name="[c]"></a>WWDG_IRQHandler</STRONG> (Thumb, 14 bytes, Stack size 8 bytes, bsp_wwdg.o(i.WWDG_IRQHandler))
<BR><BR>[Stack]<UL><LI>Max Depth = 8<LI>Call Chain = WWDG_IRQHandler
</UL>
<BR>[Calls]<UL><LI><a href="#[ce]">&gt;&gt;</a>&nbsp;&nbsp;&nbsp;WWDG_SetCounter
<LI><a href="#[cf]">&gt;&gt;</a>&nbsp;&nbsp;&nbsp;WWDG_ClearFlag
</UL>
<BR>[Address Reference Count : 1]<UL><LI> startup_stm32f10x_hd.o(RESET)
</UL>
<P><STRONG><a name="[ce]"></a>WWDG_SetCounter</STRONG> (Thumb, 10 bytes, Stack size 0 bytes, stm32f10x_wwdg.o(i.WWDG_SetCounter))
<BR><BR>[Called By]<UL><LI><a href="#[c]">&gt;&gt;</a>&nbsp;&nbsp;&nbsp;WWDG_IRQHandler
</UL>

<P><STRONG><a name="[d0]"></a>__0printf</STRONG> (Thumb, 22 bytes, Stack size 24 bytes, printfa.o(i.__0printf), UNUSED)
<BR><BR>[Calls]<UL><LI><a href="#[d1]">&gt;&gt;</a>&nbsp;&nbsp;&nbsp;_printf_core
</UL>

<P><STRONG><a name="[ea]"></a>__1printf</STRONG> (Thumb, 0 bytes, Stack size 24 bytes, printfa.o(i.__0printf), UNUSED)

<P><STRONG><a name="[b4]"></a>__2printf</STRONG> (Thumb, 0 bytes, Stack size 24 bytes, printfa.o(i.__0printf))
<BR><BR>[Stack]<UL><LI>Max Depth = 24<LI>Call Chain = __2printf
</UL>
<BR>[Called By]<UL><LI><a href="#[43]">&gt;&gt;</a>&nbsp;&nbsp;&nbsp;TIM7_IRQHandler
<LI><a href="#[3e]">&gt;&gt;</a>&nbsp;&nbsp;&nbsp;TIM5_IRQHandler
<LI><a href="#[48]">&gt;&gt;</a>&nbsp;&nbsp;&nbsp;main
</UL>

<P><STRONG><a name="[eb]"></a>__c89printf</STRONG> (Thumb, 0 bytes, Stack size 24 bytes, printfa.o(i.__0printf), UNUSED)

<P><STRONG><a name="[ec]"></a>printf</STRONG> (Thumb, 0 bytes, Stack size 24 bytes, printfa.o(i.__0printf), UNUSED)

<P><STRONG><a name="[ed]"></a>__scatterload_copy</STRONG> (Thumb, 14 bytes, Stack size unknown bytes, handlers.o(i.__scatterload_copy), UNUSED)

<P><STRONG><a name="[ee]"></a>__scatterload_null</STRONG> (Thumb, 2 bytes, Stack size unknown bytes, handlers.o(i.__scatterload_null), UNUSED)

<P><STRONG><a name="[ef]"></a>__scatterload_zeroinit</STRONG> (Thumb, 14 bytes, Stack size unknown bytes, handlers.o(i.__scatterload_zeroinit), UNUSED)

<P><STRONG><a name="[4b]"></a>fputc</STRONG> (Thumb, 32 bytes, Stack size 16 bytes, bsp_usart.o(i.fputc))
<BR><BR>[Stack]<UL><LI>Max Depth = 16<LI>Call Chain = fputc
</UL>
<BR>[Calls]<UL><LI><a href="#[c8]">&gt;&gt;</a>&nbsp;&nbsp;&nbsp;USART_SendData
<LI><a href="#[d7]">&gt;&gt;</a>&nbsp;&nbsp;&nbsp;USART_GetFlagStatus
</UL>
<BR>[Address Reference Count : 1]<UL><LI> printfa.o(i.__0printf)
</UL>
<P><STRONG><a name="[48]"></a>main</STRONG> (Thumb, 144 bytes, Stack size 16 bytes, main.o(i.main))
<BR><BR>[Stack]<UL><LI>Max Depth = 108<LI>Call Chain = main &rArr; USART_Config &rArr; USART_Init &rArr; RCC_GetClocksFreq
</UL>
<BR>[Calls]<UL><LI><a href="#[8f]">&gt;&gt;</a>&nbsp;&nbsp;&nbsp;NVIC_PriorityGroupConfig
<LI><a href="#[0]">&gt;&gt;</a>&nbsp;&nbsp;&nbsp;my_mem_init
<LI><a href="#[c9]">&gt;&gt;</a>&nbsp;&nbsp;&nbsp;USART_Config
<LI><a href="#[b5]">&gt;&gt;</a>&nbsp;&nbsp;&nbsp;TIM5_Input_Capture
<LI><a href="#[ae]">&gt;&gt;</a>&nbsp;&nbsp;&nbsp;SysTick_Init
<LI><a href="#[9a]">&gt;&gt;</a>&nbsp;&nbsp;&nbsp;RTC_Init
<LI><a href="#[90]">&gt;&gt;</a>&nbsp;&nbsp;&nbsp;RTC_Alarm_Set
<LI><a href="#[8d]">&gt;&gt;</a>&nbsp;&nbsp;&nbsp;Lsens_Init
<LI><a href="#[8c]">&gt;&gt;</a>&nbsp;&nbsp;&nbsp;LED_GPIO_Config
<LI><a href="#[84]">&gt;&gt;</a>&nbsp;&nbsp;&nbsp;EXTI_Key_Config
<LI><a href="#[9d]">&gt;&gt;</a>&nbsp;&nbsp;&nbsp;Delay_us
<LI><a href="#[7f]">&gt;&gt;</a>&nbsp;&nbsp;&nbsp;DS18B20_Init
<LI><a href="#[71]">&gt;&gt;</a>&nbsp;&nbsp;&nbsp;BEEP_GPIO_Config
<LI><a href="#[6d]">&gt;&gt;</a>&nbsp;&nbsp;&nbsp;BASIC_TIM_Init
<LI><a href="#[6b]">&gt;&gt;</a>&nbsp;&nbsp;&nbsp;ADC_Temp_Init
<LI><a href="#[5e]">&gt;&gt;</a>&nbsp;&nbsp;&nbsp;ADC2_Init
<LI><a href="#[b4]">&gt;&gt;</a>&nbsp;&nbsp;&nbsp;__2printf
</UL>
<BR>[Address Reference Count : 1]<UL><LI> entry9a.o(.ARM.Collect$$$$0000000B)
</UL>
<P><STRONG><a name="[d9]"></a>my_mem_free</STRONG> (Thumb, 96 bytes, Stack size 24 bytes, malloc.o(i.my_mem_free))
<BR><BR>[Stack]<UL><LI>Max Depth = 24<LI>Call Chain = my_mem_free
</UL>
<BR>[Called By]<UL><LI><a href="#[bc]">&gt;&gt;</a>&nbsp;&nbsp;&nbsp;myfree
</UL>

<P><STRONG><a name="[0]"></a>my_mem_init</STRONG> (Thumb, 54 bytes, Stack size 8 bytes, malloc.o(i.my_mem_init))
<BR><BR>[Stack]<UL><LI>Max Depth = 20<LI>Call Chain = my_mem_init &rArr; my_mem_set
</UL>
<BR>[Calls]<UL><LI><a href="#[d8]">&gt;&gt;</a>&nbsp;&nbsp;&nbsp;my_mem_set
</UL>
<BR>[Called By]<UL><LI><a href="#[48]">&gt;&gt;</a>&nbsp;&nbsp;&nbsp;main
</UL>
<BR>[Address Reference Count : 1]<UL><LI> malloc.o(.data)
</UL>
<P><STRONG><a name="[da]"></a>my_mem_malloc</STRONG> (Thumb, 156 bytes, Stack size 32 bytes, malloc.o(i.my_mem_malloc))
<BR><BR>[Stack]<UL><LI>Max Depth = 32<LI>Call Chain = my_mem_malloc
</UL>
<BR>[Called By]<UL><LI><a href="#[bd]">&gt;&gt;</a>&nbsp;&nbsp;&nbsp;mymalloc
</UL>

<P><STRONG><a name="[1]"></a>my_mem_perused</STRONG> (Thumb, 54 bytes, Stack size 8 bytes, malloc.o(i.my_mem_perused))
<BR><BR>[Stack]<UL><LI>Max Depth = 8<LI>Call Chain = my_mem_perused
</UL>
<BR>[Called By]<UL><LI><a href="#[43]">&gt;&gt;</a>&nbsp;&nbsp;&nbsp;TIM7_IRQHandler
</UL>
<BR>[Address Reference Count : 1]<UL><LI> malloc.o(.data)
</UL>
<P><STRONG><a name="[d8]"></a>my_mem_set</STRONG> (Thumb, 20 bytes, Stack size 12 bytes, malloc.o(i.my_mem_set))
<BR><BR>[Stack]<UL><LI>Max Depth = 12<LI>Call Chain = my_mem_set
</UL>
<BR>[Called By]<UL><LI><a href="#[0]">&gt;&gt;</a>&nbsp;&nbsp;&nbsp;my_mem_init
</UL>

<P><STRONG><a name="[bc]"></a>myfree</STRONG> (Thumb, 30 bytes, Stack size 16 bytes, malloc.o(i.myfree))
<BR><BR>[Stack]<UL><LI>Max Depth = 40<LI>Call Chain = myfree &rArr; my_mem_free
</UL>
<BR>[Calls]<UL><LI><a href="#[d9]">&gt;&gt;</a>&nbsp;&nbsp;&nbsp;my_mem_free
</UL>
<BR>[Called By]<UL><LI><a href="#[43]">&gt;&gt;</a>&nbsp;&nbsp;&nbsp;TIM7_IRQHandler
</UL>

<P><STRONG><a name="[bd]"></a>mymalloc</STRONG> (Thumb, 34 bytes, Stack size 16 bytes, malloc.o(i.mymalloc))
<BR><BR>[Stack]<UL><LI>Max Depth = 48<LI>Call Chain = mymalloc &rArr; my_mem_malloc
</UL>
<BR>[Calls]<UL><LI><a href="#[da]">&gt;&gt;</a>&nbsp;&nbsp;&nbsp;my_mem_malloc
</UL>
<BR>[Called By]<UL><LI><a href="#[43]">&gt;&gt;</a>&nbsp;&nbsp;&nbsp;TIM7_IRQHandler
</UL>
<P>
<H3>
Local Symbols
</H3>
<P><STRONG><a name="[aa]"></a>SetSysClock</STRONG> (Thumb, 8 bytes, Stack size 8 bytes, system_stm32f10x.o(i.SetSysClock))
<BR><BR>[Stack]<UL><LI>Max Depth = 20<LI>Call Chain = SetSysClock &rArr; SetSysClockTo72
</UL>
<BR>[Calls]<UL><LI><a href="#[ab]">&gt;&gt;</a>&nbsp;&nbsp;&nbsp;SetSysClockTo72
</UL>
<BR>[Called By]<UL><LI><a href="#[49]">&gt;&gt;</a>&nbsp;&nbsp;&nbsp;SystemInit
</UL>

<P><STRONG><a name="[ab]"></a>SetSysClockTo72</STRONG> (Thumb, 214 bytes, Stack size 12 bytes, system_stm32f10x.o(i.SetSysClockTo72))
<BR><BR>[Stack]<UL><LI>Max Depth = 12<LI>Call Chain = SetSysClockTo72
</UL>
<BR>[Called By]<UL><LI><a href="#[aa]">&gt;&gt;</a>&nbsp;&nbsp;&nbsp;SetSysClock
</UL>

<P><STRONG><a name="[be]"></a>TI1_Config</STRONG> (Thumb, 108 bytes, Stack size 20 bytes, stm32f10x_tim.o(i.TI1_Config))
<BR><BR>[Stack]<UL><LI>Max Depth = 20<LI>Call Chain = TI1_Config
</UL>
<BR>[Called By]<UL><LI><a href="#[b7]">&gt;&gt;</a>&nbsp;&nbsp;&nbsp;TIM_ICInit
</UL>

<P><STRONG><a name="[c0]"></a>TI2_Config</STRONG> (Thumb, 130 bytes, Stack size 20 bytes, stm32f10x_tim.o(i.TI2_Config))
<BR><BR>[Stack]<UL><LI>Max Depth = 20<LI>Call Chain = TI2_Config
</UL>
<BR>[Called By]<UL><LI><a href="#[b7]">&gt;&gt;</a>&nbsp;&nbsp;&nbsp;TIM_ICInit
</UL>

<P><STRONG><a name="[c2]"></a>TI3_Config</STRONG> (Thumb, 122 bytes, Stack size 20 bytes, stm32f10x_tim.o(i.TI3_Config))
<BR><BR>[Stack]<UL><LI>Max Depth = 20<LI>Call Chain = TI3_Config
</UL>
<BR>[Called By]<UL><LI><a href="#[b7]">&gt;&gt;</a>&nbsp;&nbsp;&nbsp;TIM_ICInit
</UL>

<P><STRONG><a name="[c4]"></a>TI4_Config</STRONG> (Thumb, 130 bytes, Stack size 20 bytes, stm32f10x_tim.o(i.TI4_Config))
<BR><BR>[Stack]<UL><LI>Max Depth = 20<LI>Call Chain = TI4_Config
</UL>
<BR>[Called By]<UL><LI><a href="#[b7]">&gt;&gt;</a>&nbsp;&nbsp;&nbsp;TIM_ICInit
</UL>

<P><STRONG><a name="[ac]"></a>SysTick_Config</STRONG> (Thumb, 76 bytes, Stack size 12 bytes, bsp_systick.o(i.SysTick_Config))
<BR><BR>[Stack]<UL><LI>Max Depth = 12<LI>Call Chain = SysTick_Config
</UL>
<BR>[Called By]<UL><LI><a href="#[77]">&gt;&gt;</a>&nbsp;&nbsp;&nbsp;SysTick_Delay_Us
<LI><a href="#[ae]">&gt;&gt;</a>&nbsp;&nbsp;&nbsp;SysTick_Init
</UL>

<P><STRONG><a name="[8e]"></a>NVIC_Configuration</STRONG> (Thumb, 38 bytes, Stack size 8 bytes, bsp_usart.o(i.NVIC_Configuration))
<BR><BR>[Stack]<UL><LI>Max Depth = 24<LI>Call Chain = NVIC_Configuration &rArr; NVIC_Init
</UL>
<BR>[Calls]<UL><LI><a href="#[8f]">&gt;&gt;</a>&nbsp;&nbsp;&nbsp;NVIC_PriorityGroupConfig
<LI><a href="#[86]">&gt;&gt;</a>&nbsp;&nbsp;&nbsp;NVIC_Init
</UL>
<BR>[Called By]<UL><LI><a href="#[c9]">&gt;&gt;</a>&nbsp;&nbsp;&nbsp;USART_Config
</UL>

<P><STRONG><a name="[a8]"></a>RTC_NVIC_Config</STRONG> (Thumb, 32 bytes, Stack size 8 bytes, bsp_rtc.o(i.RTC_NVIC_Config))
<BR><BR>[Stack]<UL><LI>Max Depth = 24<LI>Call Chain = RTC_NVIC_Config &rArr; NVIC_Init
</UL>
<BR>[Calls]<UL><LI><a href="#[86]">&gt;&gt;</a>&nbsp;&nbsp;&nbsp;NVIC_Init
</UL>
<BR>[Called By]<UL><LI><a href="#[9a]">&gt;&gt;</a>&nbsp;&nbsp;&nbsp;RTC_Init
</UL>

<P><STRONG><a name="[d2]"></a>_fp_digits</STRONG> (Thumb, 366 bytes, Stack size 64 bytes, printfa.o(i._fp_digits), UNUSED)
<BR><BR>[Calls]<UL><LI><a href="#[55]">&gt;&gt;</a>&nbsp;&nbsp;&nbsp;__aeabi_dmul
<LI><a href="#[56]">&gt;&gt;</a>&nbsp;&nbsp;&nbsp;__aeabi_ddiv
<LI><a href="#[4e]">&gt;&gt;</a>&nbsp;&nbsp;&nbsp;__aeabi_dadd
<LI><a href="#[5a]">&gt;&gt;</a>&nbsp;&nbsp;&nbsp;__aeabi_uldivmod
<LI><a href="#[5c]">&gt;&gt;</a>&nbsp;&nbsp;&nbsp;__aeabi_d2ulz
<LI><a href="#[d3]">&gt;&gt;</a>&nbsp;&nbsp;&nbsp;__aeabi_cdrcmple
</UL>
<BR>[Called By]<UL><LI><a href="#[d1]">&gt;&gt;</a>&nbsp;&nbsp;&nbsp;_printf_core
</UL>

<P><STRONG><a name="[d1]"></a>_printf_core</STRONG> (Thumb, 1744 bytes, Stack size 136 bytes, printfa.o(i._printf_core), UNUSED)
<BR><BR>[Calls]<UL><LI><a href="#[5a]">&gt;&gt;</a>&nbsp;&nbsp;&nbsp;__aeabi_uldivmod
<LI><a href="#[d6]">&gt;&gt;</a>&nbsp;&nbsp;&nbsp;__aeabi_uidivmod
<LI><a href="#[d4]">&gt;&gt;</a>&nbsp;&nbsp;&nbsp;_printf_pre_padding
<LI><a href="#[d5]">&gt;&gt;</a>&nbsp;&nbsp;&nbsp;_printf_post_padding
<LI><a href="#[d2]">&gt;&gt;</a>&nbsp;&nbsp;&nbsp;_fp_digits
</UL>
<BR>[Called By]<UL><LI><a href="#[d0]">&gt;&gt;</a>&nbsp;&nbsp;&nbsp;__0printf
</UL>

<P><STRONG><a name="[d5]"></a>_printf_post_padding</STRONG> (Thumb, 36 bytes, Stack size 24 bytes, printfa.o(i._printf_post_padding), UNUSED)
<BR><BR>[Called By]<UL><LI><a href="#[d1]">&gt;&gt;</a>&nbsp;&nbsp;&nbsp;_printf_core
</UL>

<P><STRONG><a name="[d4]"></a>_printf_pre_padding</STRONG> (Thumb, 46 bytes, Stack size 24 bytes, printfa.o(i._printf_pre_padding), UNUSED)
<BR><BR>[Called By]<UL><LI><a href="#[d1]">&gt;&gt;</a>&nbsp;&nbsp;&nbsp;_printf_core
</UL>
<P>
<H3>
Undefined Global Symbols
</H3><HR></body></html>
